Copyright 1986-2018 Xilinx, Inc. All Rights Reserved.
---------------------------------------------------------------------------------------------------------------------------
| Tool Version : Vivado v.2018.1 (lin64) Build 2188600 Wed Apr  4 18:39:19 MDT 2018
| Date         : Thu Aug 27 14:52:45 2020
| Host         : kidre-N551JX running 64-bit Ubuntu 16.04.7 LTS
| Command      : report_utilization -file reset_3_wrapper_utilization_placed.rpt -pb reset_3_wrapper_utilization_placed.pb
| Design       : reset_3_wrapper
| Device       : xczu3egsbva484-1
| Design State : Fully Placed
---------------------------------------------------------------------------------------------------------------------------

Utilization Design Information

Table of Contents
-----------------
1. CLB Logic
1.1 Summary of Registers by Type
2. CLB Logic Distribution
3. BLOCKRAM
4. ARITHMETIC
5. I/O
6. CLOCK
7. ADVANCED
8. CONFIGURATION
9. Primitives
10. Black Boxes
11. Instantiated Netlists

1. CLB Logic
------------

+----------------------------+------+-------+-----------+-------+
|          Site Type         | Used | Fixed | Available | Util% |
+----------------------------+------+-------+-----------+-------+
| CLB LUTs                   | 6922 |     0 |     70560 |  9.81 |
|   LUT as Logic             | 6601 |     0 |     70560 |  9.36 |
|   LUT as Memory            |  321 |     0 |     28800 |  1.11 |
|     LUT as Distributed RAM |  112 |     0 |           |       |
|     LUT as Shift Register  |  209 |     0 |           |       |
| CLB Registers              | 9724 |     0 |    141120 |  6.89 |
|   Register as Flip Flop    | 9724 |     0 |    141120 |  6.89 |
|   Register as Latch        |    0 |     0 |    141120 |  0.00 |
| CARRY8                     |  196 |     0 |      8820 |  2.22 |
| F7 Muxes                   |   32 |     0 |     35280 |  0.09 |
| F8 Muxes                   |    0 |     0 |     17640 |  0.00 |
| F9 Muxes                   |    0 |     0 |      8820 |  0.00 |
+----------------------------+------+-------+-----------+-------+


1.1 Summary of Registers by Type
--------------------------------

+-------+--------------+-------------+--------------+
| Total | Clock Enable | Synchronous | Asynchronous |
+-------+--------------+-------------+--------------+
| 0     |            _ |           - |            - |
| 0     |            _ |           - |          Set |
| 0     |            _ |           - |        Reset |
| 0     |            _ |         Set |            - |
| 0     |            _ |       Reset |            - |
| 0     |          Yes |           - |            - |
| 66    |          Yes |           - |          Set |
| 138   |          Yes |           - |        Reset |
| 198   |          Yes |         Set |            - |
| 9322  |          Yes |       Reset |            - |
+-------+--------------+-------------+--------------+


2. CLB Logic Distribution
-------------------------

+-------------------------------------------+------+-------+-----------+-------+
|                 Site Type                 | Used | Fixed | Available | Util% |
+-------------------------------------------+------+-------+-----------+-------+
| CLB                                       | 1570 |     0 |      8820 | 17.80 |
|   CLBL                                    | 1024 |     0 |           |       |
|   CLBM                                    |  546 |     0 |           |       |
| LUT as Logic                              | 6601 |     0 |     70560 |  9.36 |
|   using O5 output only                    |  179 |       |           |       |
|   using O6 output only                    | 4476 |       |           |       |
|   using O5 and O6                         | 1946 |       |           |       |
| LUT as Memory                             |  321 |     0 |     28800 |  1.11 |
|   LUT as Distributed RAM                  |  112 |     0 |           |       |
|     using O5 output only                  |    0 |       |           |       |
|     using O6 output only                  |    0 |       |           |       |
|     using O5 and O6                       |  112 |       |           |       |
|   LUT as Shift Register                   |  209 |     0 |           |       |
|     using O5 output only                  |    0 |       |           |       |
|     using O6 output only                  |  144 |       |           |       |
|     using O5 and O6                       |   65 |       |           |       |
| LUT Flip Flop Pairs                       | 3645 |     0 |     70560 |  5.17 |
|   fully used LUT-FF pairs                 | 1174 |       |           |       |
|   LUT-FF pairs with one unused LUT output | 2254 |       |           |       |
|   LUT-FF pairs with one unused Flip Flop  | 1821 |       |           |       |
| Unique Control Sets                       |  473 |       |           |       |
+-------------------------------------------+------+-------+-----------+-------+
* Note: Review the Control Sets Report for more information regarding control sets.


3. BLOCKRAM
-----------

+-------------------+------+-------+-----------+-------+
|     Site Type     | Used | Fixed | Available | Util% |
+-------------------+------+-------+-----------+-------+
| Block RAM Tile    | 11.5 |     0 |       216 |  5.32 |
|   RAMB36/FIFO*    |   10 |     0 |       216 |  4.63 |
|     RAMB36E2 only |   10 |       |           |       |
|   RAMB18          |    3 |     0 |       432 |  0.69 |
|     RAMB18E2 only |    3 |       |           |       |
+-------------------+------+-------+-----------+-------+
* Note: Each Block RAM Tile only has one FIFO logic available and therefore can accommodate only one FIFO36E2 or one FIFO18E2. However, if a FIFO18E2 occupies a Block RAM Tile, that tile can still accommodate a RAMB18E2


4. ARITHMETIC
-------------

+----------------+------+-------+-----------+-------+
|    Site Type   | Used | Fixed | Available | Util% |
+----------------+------+-------+-----------+-------+
| DSPs           |   11 |     0 |       360 |  3.06 |
|   DSP48E2 only |   11 |       |           |       |
+----------------+------+-------+-----------+-------+


5. I/O
------

+------------------+------+-------+-----------+-------+
|     Site Type    | Used | Fixed | Available | Util% |
+------------------+------+-------+-----------+-------+
| Bonded IOB       |   14 |    14 |        82 | 17.07 |
| HPIOB_M          |    0 |     0 |        26 |  0.00 |
| HPIOB_S          |    0 |     0 |        26 |  0.00 |
| HDIOB_M          |    6 |     6 |        12 | 50.00 |
|   INPUT          |    4 |       |           |       |
|   OUTPUT         |    2 |       |           |       |
|   BIDIR          |    0 |       |           |       |
| HDIOB_S          |    8 |     8 |        12 | 66.67 |
|   INPUT          |    7 |       |           |       |
|   OUTPUT         |    1 |       |           |       |
|   BIDIR          |    0 |       |           |       |
| HPIOB_SNGL       |    0 |     0 |         6 |  0.00 |
| HPIOBDIFFINBUF   |    0 |     0 |        72 |  0.00 |
| HPIOBDIFFOUTBUF  |    0 |     0 |        72 |  0.00 |
| HDIOBDIFFINBUF   |    0 |     0 |        48 |  0.00 |
| BITSLICE_CONTROL |    0 |     0 |        24 |  0.00 |
| BITSLICE_RX_TX   |    0 |     0 |       156 |  0.00 |
| BITSLICE_TX      |    0 |     0 |        24 |  0.00 |
| RIU_OR           |    0 |     0 |        12 |  0.00 |
+------------------+------+-------+-----------+-------+


6. CLOCK
--------

+----------------------+------+-------+-----------+-------+
|       Site Type      | Used | Fixed | Available | Util% |
+----------------------+------+-------+-----------+-------+
| GLOBAL CLOCK BUFFERs |    5 |     0 |       196 |  2.55 |
|   BUFGCE             |    4 |     0 |        88 |  4.55 |
|   BUFGCE_DIV         |    0 |     0 |        12 |  0.00 |
|   BUFG_PS            |    1 |     0 |        72 |  1.39 |
|   BUFGCTRL*          |    0 |     0 |        24 |  0.00 |
| PLL                  |    0 |     0 |         6 |  0.00 |
| MMCM                 |    1 |     0 |         3 | 33.33 |
+----------------------+------+-------+-----------+-------+
* Note: Each used BUFGCTRL counts as two global buffer resources. This table does not include global clocking resources, only buffer cell usage. See the Clock Utilization Report (report_clock_utilization) for detailed accounting of global clocking resource availability.


7. ADVANCED
-----------

+-----------+------+-------+-----------+--------+
| Site Type | Used | Fixed | Available |  Util% |
+-----------+------+-------+-----------+--------+
| PS8       |    1 |     0 |         1 | 100.00 |
| SYSMONE4  |    0 |     0 |         1 |   0.00 |
+-----------+------+-------+-----------+--------+


8. CONFIGURATION
----------------

+-------------+------+-------+-----------+-------+
|  Site Type  | Used | Fixed | Available | Util% |
+-------------+------+-------+-----------+-------+
| BSCANE2     |    0 |     0 |         4 |  0.00 |
| DNA_PORTE2  |    0 |     0 |         1 |  0.00 |
| EFUSE_USR   |    0 |     0 |         1 |  0.00 |
| FRAME_ECCE4 |    0 |     0 |         1 |  0.00 |
| ICAPE3      |    0 |     0 |         2 |  0.00 |
| MASTER_JTAG |    0 |     0 |         1 |  0.00 |
| STARTUPE3   |    0 |     0 |         1 |  0.00 |
+-------------+------+-------+-----------+-------+


9. Primitives
-------------

+------------+------+---------------------+
|  Ref Name  | Used | Functional Category |
+------------+------+---------------------+
| FDRE       | 9322 |            Register |
| LUT3       | 2411 |                 CLB |
| LUT6       | 1983 |                 CLB |
| LUT5       | 1577 |                 CLB |
| LUT4       | 1289 |                 CLB |
| LUT2       | 1122 |                 CLB |
| SRL16E     |  204 |                 CLB |
| FDSE       |  198 |            Register |
| RAMD32     |  196 |                 CLB |
| CARRY8     |  196 |                 CLB |
| LUT1       |  165 |                 CLB |
| FDCE       |  138 |            Register |
| SRLC32E    |   70 |                 CLB |
| FDPE       |   66 |            Register |
| MUXF7      |   32 |                 CLB |
| RAMS32     |   28 |                 CLB |
| INBUF      |   11 |                 I/O |
| IBUFCTRL   |   11 |              Others |
| DSP48E2    |   11 |          Arithmetic |
| RAMB36E2   |   10 |           Block Ram |
| BUFGCE     |    4 |               Clock |
| RAMB18E2   |    3 |           Block Ram |
| OBUF       |    3 |                 I/O |
| PS8        |    1 |            Advanced |
| MMCME4_ADV |    1 |               Clock |
| BUFG_PS    |    1 |               Clock |
+------------+------+---------------------+


10. Black Boxes
---------------

+----------+------+
| Ref Name | Used |
+----------+------+


11. Instantiated Netlists
-------------------------

+---------------------------------------------+------+
|                   Ref Name                  | Used |
+---------------------------------------------+------+
| reset_3_zynq_ultra_ps_e_0_0                 |    1 |
| reset_3_xbar_2                              |    1 |
| reset_3_xbar_1                              |    1 |
| reset_3_xbar_0                              |    1 |
| reset_3_reset_24M_0                         |    1 |
| reset_3_reset_100M_0                        |    1 |
| reset_3_proc_sys_reset_0_0                  |    1 |
| reset_3_ov7670_interface_0_0                |    1 |
| reset_3_ov7670_LUMA_CHROMA_0_0              |    1 |
| reset_3_mux_sd_ov_1_0                       |    1 |
| reset_3_ddr_to_axis_reader_SD_0_0           |    1 |
| reset_3_ddr_to_axis_reader_0_0              |    1 |
| reset_3_clk_wiz_0_0                         |    1 |
| reset_3_c_counter_binary_0_0                |    1 |
| reset_3_axis_to_ddr_writer_LUMA_0           |    1 |
| reset_3_axis_to_ddr_writer_CHROMA_0         |    1 |
| reset_3_axis_to_ddr_writer_0_0              |    1 |
| reset_3_axis_data_fifo_raw_LUMA_0           |    1 |
| reset_3_axis_data_fifo_raw_CHROMA_0         |    1 |
| reset_3_axis_data_fifo_pipeline_to_writer_0 |    1 |
| reset_3_axi_gpio_pl_reset_0                 |    1 |
| reset_3_axi_gpio_frame_intr_0               |    1 |
| reset_3_auto_pc_1                           |    1 |
| reset_3_auto_pc_0                           |    1 |
| reset_3_auto_ds_1                           |    1 |
| reset_3_auto_ds_0                           |    1 |
| reset_3_LF_valid_to_AXIS_0                  |    1 |
+---------------------------------------------+------+


