15:47:41 **** Incremental Build of configuration Debug for project prova3_hls_SW ****
make all 
make: Nessuna operazione da eseguire per "all".
15:48:35 **** Incremental Build of configuration Debug for project prova3_hls_SW ****
make all 
make: Nessuna operazione da eseguire per "all".
15:48:52 **** Incremental Build of configuration Debug for project prova3_hls_SW ****
make all 
make: Nessuna operazione da eseguire per "all".
15:53:00 **** Auto Build of configuration Debug for project prova3_hls_SW ****
make all 
Building file: ../src/axis_to_ddr_writer.c
Invoking: ARM v8 gcc compiler
aarch64-none-elf-gcc -Wall -O0 -g3 -c -fmessage-length=0 -MT"src/axis_to_ddr_writer.o" -I../../prova3_hls_bsp_0/psu_cortexa53_0/include -MMD -MP -MF"src/axis_to_ddr_writer.d" -MT"src/axis_to_ddr_writer.o" -o "src/axis_to_ddr_writer.o" "../src/axis_to_ddr_writer.c"
../src/axis_to_ddr_writer.c: In function 'getFrameIndex':
../src/axis_to_ddr_writer.c:93:11: warning: implicit declaration of function 'Xil_In'; did you mean 'Xil_In8'? [-Wimplicit-function-declaration]
    return Xil_In(XAxi_write_prova_Get_frame_index_V(&writer));
           ^~~~~~
           Xil_In8
Finished building: ../src/axis_to_ddr_writer.c
 
Building target: prova3_hls_SW.elf
Invoking: ARM v8 gcc linker
aarch64-none-elf-gcc -Wl,-T -Wl,../src/lscript.ld -L../../prova3_hls_bsp_0/psu_cortexa53_0/lib -o "prova3_hls_SW.elf"  ./src/application.o ./src/axi_gpio_frame_intr.o ./src/axi_gpio_pl_reset.o ./src/axis_to_ddr_writer.o ./src/ddr_to_axis_reader.o ./src/frame_buffer_interrupt.o ./src/i2c_interrupt.o ./src/interrupts.o ./src/main.o ./src/ov7670_config_i2c.o ./src/platform.o ./src/read_sd_card.o ./src/test.o ./src/test_SD_main.o ./src/zynq_gic.o ./src/zynq_i2c.o   -Wl,--start-group,-lxil,-lgcc,-lc,--end-group -Wl,--start-group,-lxilffs,-lxil,-lgcc,-lc,--end-group
./src/axis_to_ddr_writer.o: nella funzione "getFrameIndex":
/media/kidre/Dati/GIT_TEST/bare-metalProva/myproj/project_1.sdk/prova3_hls_SW/Debug/../src/axis_to_ddr_writer.c:93: riferimento non definito a "Xil_In"
collect2: error: ld returned 1 exit status
make: *** [prova3_hls_SW.elf] Errore 1
makefile:36: set di istruzioni per l'obiettivo "prova3_hls_SW.elf" non riuscito
15:53:10 **** Auto Build of configuration Debug for project prova3_hls_SW ****
make all 
Building file: ../src/axis_to_ddr_writer.c
Invoking: ARM v8 gcc compiler
aarch64-none-elf-gcc -Wall -O0 -g3 -c -fmessage-length=0 -MT"src/axis_to_ddr_writer.o" -I../../prova3_hls_bsp_0/psu_cortexa53_0/include -MMD -MP -MF"src/axis_to_ddr_writer.d" -MT"src/axis_to_ddr_writer.o" -o "src/axis_to_ddr_writer.o" "../src/axis_to_ddr_writer.c"
../src/axis_to_ddr_writer.c: In function 'getFrameIndex':
../src/axis_to_ddr_writer.c:93:11: warning: implicit declaration of function 'Xil_in'; did you mean 'Xil_In8'? [-Wimplicit-function-declaration]
    return Xil_in(XAxi_write_prova_Get_frame_index_V(&writer));
           ^~~~~~
           Xil_In8
Finished building: ../src/axis_to_ddr_writer.c
 
Building target: prova3_hls_SW.elf
Invoking: ARM v8 gcc linker
aarch64-none-elf-gcc -Wl,-T -Wl,../src/lscript.ld -L../../prova3_hls_bsp_0/psu_cortexa53_0/lib -o "prova3_hls_SW.elf"  ./src/application.o ./src/axi_gpio_frame_intr.o ./src/axi_gpio_pl_reset.o ./src/axis_to_ddr_writer.o ./src/ddr_to_axis_reader.o ./src/frame_buffer_interrupt.o ./src/i2c_interrupt.o ./src/interrupts.o ./src/main.o ./src/ov7670_config_i2c.o ./src/platform.o ./src/read_sd_card.o ./src/test.o ./src/test_SD_main.o ./src/zynq_gic.o ./src/zynq_i2c.o   -Wl,--start-group,-lxil,-lgcc,-lc,--end-group -Wl,--start-group,-lxilffs,-lxil,-lgcc,-lc,--end-group
./src/axis_to_ddr_writer.o: nella funzione "getFrameIndex":
/media/kidre/Dati/GIT_TEST/bare-metalProva/myproj/project_1.sdk/prova3_hls_SW/Debug/../src/axis_to_ddr_writer.c:93: riferimento non definito a "Xil_in"
makefile:36: set di istruzioni per l'obiettivo "prova3_hls_SW.elf" non riuscito
collect2: error: ld returned 1 exit status
make: *** [prova3_hls_SW.elf] Errore 1
15:53:13 **** Auto Build of configuration Debug for project prova3_hls_SW ****
make all 
Building file: ../src/axis_to_ddr_writer.c
Invoking: ARM v8 gcc compiler
aarch64-none-elf-gcc -Wall -O0 -g3 -c -fmessage-length=0 -MT"src/axis_to_ddr_writer.o" -I../../prova3_hls_bsp_0/psu_cortexa53_0/include -MMD -MP -MF"src/axis_to_ddr_writer.d" -MT"src/axis_to_ddr_writer.o" -o "src/axis_to_ddr_writer.o" "../src/axis_to_ddr_writer.c"
../src/axis_to_ddr_writer.c: In function 'getFrameIndex':
../src/axis_to_ddr_writer.c:93:11: warning: implicit declaration of function 'Xil_in32'; did you mean 'Xil_In32'? [-Wimplicit-function-declaration]
    return Xil_in32(XAxi_write_prova_Get_frame_index_V(&writer));
           ^~~~~~~~
           Xil_In32
Finished building: ../src/axis_to_ddr_writer.c
 
Building target: prova3_hls_SW.elf
Invoking: ARM v8 gcc linker
aarch64-none-elf-gcc -Wl,-T -Wl,../src/lscript.ld -L../../prova3_hls_bsp_0/psu_cortexa53_0/lib -o "prova3_hls_SW.elf"  ./src/application.o ./src/axi_gpio_frame_intr.o ./src/axi_gpio_pl_reset.o ./src/axis_to_ddr_writer.o ./src/ddr_to_axis_reader.o ./src/frame_buffer_interrupt.o ./src/i2c_interrupt.o ./src/interrupts.o ./src/main.o ./src/ov7670_config_i2c.o ./src/platform.o ./src/read_sd_card.o ./src/test.o ./src/test_SD_main.o ./src/zynq_gic.o ./src/zynq_i2c.o   -Wl,--start-group,-lxil,-lgcc,-lc,--end-group -Wl,--start-group,-lxilffs,-lxil,-lgcc,-lc,--end-group
./src/axis_to_ddr_writer.o: nella funzione "getFrameIndex":
/media/kidre/Dati/GIT_TEST/bare-metalProva/myproj/project_1.sdk/prova3_hls_SW/Debug/../src/axis_to_ddr_writer.c:93: riferimento non definito a "Xil_in32"
collect2: error: ld returned 1 exit status
makefile:36: set di istruzioni per l'obiettivo "prova3_hls_SW.elf" non riuscito
make: *** [prova3_hls_SW.elf] Errore 1
15:54:04 **** Auto Build of configuration Debug for project prova3_hls_SW ****
make all 
Building file: ../src/axis_to_ddr_writer.c
Invoking: ARM v8 gcc compiler
aarch64-none-elf-gcc -Wall -O0 -g3 -c -fmessage-length=0 -MT"src/axis_to_ddr_writer.o" -I../../prova3_hls_bsp_0/psu_cortexa53_0/include -MMD -MP -MF"src/axis_to_ddr_writer.d" -MT"src/axis_to_ddr_writer.o" -o "src/axis_to_ddr_writer.o" "../src/axis_to_ddr_writer.c"
../src/axis_to_ddr_writer.c: In function 'getFrameIndex':
../src/axis_to_ddr_writer.c:94:11: warning: implicit declaration of function 'Xil_in32'; did you mean 'Xil_In32'? [-Wimplicit-function-declaration]
    return Xil_in32(XAxi_write_prova_Get_frame_index_V(&writer));
           ^~~~~~~~
           Xil_In32
Finished building: ../src/axis_to_ddr_writer.c
 
Building target: prova3_hls_SW.elf
Invoking: ARM v8 gcc linker
aarch64-none-elf-gcc -Wl,-T -Wl,../src/lscript.ld -L../../prova3_hls_bsp_0/psu_cortexa53_0/lib -o "prova3_hls_SW.elf"  ./src/application.o ./src/axi_gpio_frame_intr.o ./src/axi_gpio_pl_reset.o ./src/axis_to_ddr_writer.o ./src/ddr_to_axis_reader.o ./src/frame_buffer_interrupt.o ./src/i2c_interrupt.o ./src/interrupts.o ./src/main.o ./src/ov7670_config_i2c.o ./src/platform.o ./src/read_sd_card.o ./src/test.o ./src/test_SD_main.o ./src/zynq_gic.o ./src/zynq_i2c.o   -Wl,--start-group,-lxil,-lgcc,-lc,--end-group -Wl,--start-group,-lxilffs,-lxil,-lgcc,-lc,--end-group
./src/axis_to_ddr_writer.o: nella funzione "getFrameIndex":
/media/kidre/Dati/GIT_TEST/bare-metalProva/myproj/project_1.sdk/prova3_hls_SW/Debug/../src/axis_to_ddr_writer.c:94: riferimento non definito a "Xil_in32"
makefile:36: set di istruzioni per l'obiettivo "prova3_hls_SW.elf" non riuscito
collect2: error: ld returned 1 exit status
make: *** [prova3_hls_SW.elf] Errore 1
15:54:49 **** Auto Build of configuration Debug for project prova3_hls_SW ****
make all 
Building file: ../src/axis_to_ddr_writer.c
Invoking: ARM v8 gcc compiler
aarch64-none-elf-gcc -Wall -O0 -g3 -c -fmessage-length=0 -MT"src/axis_to_ddr_writer.o" -I../../prova3_hls_bsp_0/psu_cortexa53_0/include -MMD -MP -MF"src/axis_to_ddr_writer.d" -MT"src/axis_to_ddr_writer.o" -o "src/axis_to_ddr_writer.o" "../src/axis_to_ddr_writer.c"
../src/axis_to_ddr_writer.c: In function 'getFrameIndex':
../src/axis_to_ddr_writer.c:94:11: warning: implicit declaration of function 'Xil_in32'; did you mean 'Xil_In32'? [-Wimplicit-function-declaration]
    return Xil_in32(XAxi_write_prova_Get_frame_index_V(&writer));
           ^~~~~~~~
           Xil_In32
Finished building: ../src/axis_to_ddr_writer.c
 
Building target: prova3_hls_SW.elf
Invoking: ARM v8 gcc linker
aarch64-none-elf-gcc -Wl,-T -Wl,../src/lscript.ld -L../../prova3_hls_bsp_0/psu_cortexa53_0/lib -o "prova3_hls_SW.elf"  ./src/application.o ./src/axi_gpio_frame_intr.o ./src/axi_gpio_pl_reset.o ./src/axis_to_ddr_writer.o ./src/ddr_to_axis_reader.o ./src/frame_buffer_interrupt.o ./src/i2c_interrupt.o ./src/interrupts.o ./src/main.o ./src/ov7670_config_i2c.o ./src/platform.o ./src/read_sd_card.o ./src/test.o ./src/test_SD_main.o ./src/zynq_gic.o ./src/zynq_i2c.o   -Wl,--start-group,-lxil,-lgcc,-lc,--end-group -Wl,--start-group,-lxilffs,-lxil,-lgcc,-lc,--end-group
./src/axis_to_ddr_writer.o: nella funzione "getFrameIndex":
/media/kidre/Dati/GIT_TEST/bare-metalProva/myproj/project_1.sdk/prova3_hls_SW/Debug/../src/axis_to_ddr_writer.c:94: riferimento non definito a "Xil_in32"
makefile:36: set di istruzioni per l'obiettivo "prova3_hls_SW.elf" non riuscito
collect2: error: ld returned 1 exit status
make: *** [prova3_hls_SW.elf] Errore 1
15:55:08 **** Auto Build of configuration Debug for project prova3_hls_SW ****
make all 
Building file: ../src/axis_to_ddr_writer.c
Invoking: ARM v8 gcc compiler
aarch64-none-elf-gcc -Wall -O0 -g3 -c -fmessage-length=0 -MT"src/axis_to_ddr_writer.o" -I../../prova3_hls_bsp_0/psu_cortexa53_0/include -MMD -MP -MF"src/axis_to_ddr_writer.d" -MT"src/axis_to_ddr_writer.o" -o "src/axis_to_ddr_writer.o" "../src/axis_to_ddr_writer.c"
Finished building: ../src/axis_to_ddr_writer.c
 
Building target: prova3_hls_SW.elf
Invoking: ARM v8 gcc linker
aarch64-none-elf-gcc -Wl,-T -Wl,../src/lscript.ld -L../../prova3_hls_bsp_0/psu_cortexa53_0/lib -o "prova3_hls_SW.elf"  ./src/application.o ./src/axi_gpio_frame_intr.o ./src/axi_gpio_pl_reset.o ./src/axis_to_ddr_writer.o ./src/ddr_to_axis_reader.o ./src/frame_buffer_interrupt.o ./src/i2c_interrupt.o ./src/interrupts.o ./src/main.o ./src/ov7670_config_i2c.o ./src/platform.o ./src/read_sd_card.o ./src/test.o ./src/test_SD_main.o ./src/zynq_gic.o ./src/zynq_i2c.o   -Wl,--start-group,-lxil,-lgcc,-lc,--end-group -Wl,--start-group,-lxilffs,-lxil,-lgcc,-lc,--end-group
Finished building target: prova3_hls_SW.elf
 
Invoking: ARM v8 Print Size
aarch64-none-elf-size prova3_hls_SW.elf  |tee "prova3_hls_SW.elf.size"
   text	   data	    bss	    dec	    hex	filename
 151604	   8048	 331080	 490732	  77cec	prova3_hls_SW.elf
Finished building: prova3_hls_SW.elf.size
 
15:55:27 **** Auto Build of configuration Debug for project prova3_hls_SW ****
make all 
Building file: ../src/axis_to_ddr_writer.c
Invoking: ARM v8 gcc compiler
aarch64-none-elf-gcc -Wall -O0 -g3 -c -fmessage-length=0 -MT"src/axis_to_ddr_writer.o" -I../../prova3_hls_bsp_0/psu_cortexa53_0/include -MMD -MP -MF"src/axis_to_ddr_writer.d" -MT"src/axis_to_ddr_writer.o" -o "src/axis_to_ddr_writer.o" "../src/axis_to_ddr_writer.c"
Finished building: ../src/axis_to_ddr_writer.c
 
Building target: prova3_hls_SW.elf
Invoking: ARM v8 gcc linker
aarch64-none-elf-gcc -Wl,-T -Wl,../src/lscript.ld -L../../prova3_hls_bsp_0/psu_cortexa53_0/lib -o "prova3_hls_SW.elf"  ./src/application.o ./src/axi_gpio_frame_intr.o ./src/axi_gpio_pl_reset.o ./src/axis_to_ddr_writer.o ./src/ddr_to_axis_reader.o ./src/frame_buffer_interrupt.o ./src/i2c_interrupt.o ./src/interrupts.o ./src/main.o ./src/ov7670_config_i2c.o ./src/platform.o ./src/read_sd_card.o ./src/test.o ./src/test_SD_main.o ./src/zynq_gic.o ./src/zynq_i2c.o   -Wl,--start-group,-lxil,-lgcc,-lc,--end-group -Wl,--start-group,-lxilffs,-lxil,-lgcc,-lc,--end-group
Finished building target: prova3_hls_SW.elf
 
Invoking: ARM v8 Print Size
aarch64-none-elf-size prova3_hls_SW.elf  |tee "prova3_hls_SW.elf.size"
   text	   data	    bss	    dec	    hex	filename
 151604	   8048	 331080	 490732	  77cec	prova3_hls_SW.elf
Finished building: prova3_hls_SW.elf.size
 
15:55:38 **** Incremental Build of configuration Debug for project prova3_hls_SW ****
make all 
make: Nessuna operazione da eseguire per "all".
15:58:18 **** Auto Build of configuration Debug for project prova3_hls_SW ****
make all 
Building file: ../src/application.c
Invoking: ARM v8 gcc compiler
aarch64-none-elf-gcc -Wall -O0 -g3 -c -fmessage-length=0 -MT"src/application.o" -I../../prova3_hls_bsp_0/psu_cortexa53_0/include -MMD -MP -MF"src/application.d" -MT"src/application.o" -o "src/application.o" "../src/application.c"
Finished building: ../src/application.c
 
Building target: prova3_hls_SW.elf
Invoking: ARM v8 gcc linker
aarch64-none-elf-gcc -Wl,-T -Wl,../src/lscript.ld -L../../prova3_hls_bsp_0/psu_cortexa53_0/lib -o "prova3_hls_SW.elf"  ./src/application.o ./src/axi_gpio_frame_intr.o ./src/axi_gpio_pl_reset.o ./src/axis_to_ddr_writer.o ./src/ddr_to_axis_reader.o ./src/frame_buffer_interrupt.o ./src/i2c_interrupt.o ./src/interrupts.o ./src/main.o ./src/ov7670_config_i2c.o ./src/platform.o ./src/read_sd_card.o ./src/test.o ./src/test_SD_main.o ./src/zynq_gic.o ./src/zynq_i2c.o   -Wl,--start-group,-lxil,-lgcc,-lc,--end-group -Wl,--start-group,-lxilffs,-lxil,-lgcc,-lc,--end-group
Finished building target: prova3_hls_SW.elf
 
Invoking: ARM v8 Print Size
aarch64-none-elf-size prova3_hls_SW.elf  |tee "prova3_hls_SW.elf.size"
   text	   data	    bss	    dec	    hex	filename
 151604	   8048	 331080	 490732	  77cec	prova3_hls_SW.elf
Finished building: prova3_hls_SW.elf.size
 
15:58:20 **** Incremental Build of configuration Debug for project prova3_hls_SW ****
make all 
make: Nessuna operazione da eseguire per "all".
15:58:36 **** Incremental Build of configuration Debug for project prova3_hls_SW ****
make all 
make: Nessuna operazione da eseguire per "all".
15:59:21 **** Auto Build of configuration Debug for project prova3_hls_SW ****
make all 
Building file: ../src/axis_to_ddr_writer.c
Invoking: ARM v8 gcc compiler
aarch64-none-elf-gcc -Wall -O0 -g3 -c -fmessage-length=0 -MT"src/axis_to_ddr_writer.o" -I../../prova3_hls_bsp_0/psu_cortexa53_0/include -MMD -MP -MF"src/axis_to_ddr_writer.d" -MT"src/axis_to_ddr_writer.o" -o "src/axis_to_ddr_writer.o" "../src/axis_to_ddr_writer.c"
Finished building: ../src/axis_to_ddr_writer.c
 
Building target: prova3_hls_SW.elf
Invoking: ARM v8 gcc linker
aarch64-none-elf-gcc -Wl,-T -Wl,../src/lscript.ld -L../../prova3_hls_bsp_0/psu_cortexa53_0/lib -o "prova3_hls_SW.elf"  ./src/application.o ./src/axi_gpio_frame_intr.o ./src/axi_gpio_pl_reset.o ./src/axis_to_ddr_writer.o ./src/ddr_to_axis_reader.o ./src/frame_buffer_interrupt.o ./src/i2c_interrupt.o ./src/interrupts.o ./src/main.o ./src/ov7670_config_i2c.o ./src/platform.o ./src/read_sd_card.o ./src/test.o ./src/test_SD_main.o ./src/zynq_gic.o ./src/zynq_i2c.o   -Wl,--start-group,-lxil,-lgcc,-lc,--end-group -Wl,--start-group,-lxilffs,-lxil,-lgcc,-lc,--end-group
Finished building target: prova3_hls_SW.elf
 
Invoking: ARM v8 Print Size
aarch64-none-elf-size prova3_hls_SW.elf  |tee "prova3_hls_SW.elf.size"
   text	   data	    bss	    dec	    hex	filename
 151604	   8048	 331080	 490732	  77cec	prova3_hls_SW.elf
Finished building: prova3_hls_SW.elf.size
 
15:59:26 **** Auto Build of configuration Debug for project prova3_hls_SW ****
make all 
Building file: ../src/axis_to_ddr_writer.c
Invoking: ARM v8 gcc compiler
aarch64-none-elf-gcc -Wall -O0 -g3 -c -fmessage-length=0 -MT"src/axis_to_ddr_writer.o" -I../../prova3_hls_bsp_0/psu_cortexa53_0/include -MMD -MP -MF"src/axis_to_ddr_writer.d" -MT"src/axis_to_ddr_writer.o" -o "src/axis_to_ddr_writer.o" "../src/axis_to_ddr_writer.c"
Finished building: ../src/axis_to_ddr_writer.c
 
Building target: prova3_hls_SW.elf
Invoking: ARM v8 gcc linker
aarch64-none-elf-gcc -Wl,-T -Wl,../src/lscript.ld -L../../prova3_hls_bsp_0/psu_cortexa53_0/lib -o "prova3_hls_SW.elf"  ./src/application.o ./src/axi_gpio_frame_intr.o ./src/axi_gpio_pl_reset.o ./src/axis_to_ddr_writer.o ./src/ddr_to_axis_reader.o ./src/frame_buffer_interrupt.o ./src/i2c_interrupt.o ./src/interrupts.o ./src/main.o ./src/ov7670_config_i2c.o ./src/platform.o ./src/read_sd_card.o ./src/test.o ./src/test_SD_main.o ./src/zynq_gic.o ./src/zynq_i2c.o   -Wl,--start-group,-lxil,-lgcc,-lc,--end-group -Wl,--start-group,-lxilffs,-lxil,-lgcc,-lc,--end-group
Finished building target: prova3_hls_SW.elf
 
Invoking: ARM v8 Print Size
aarch64-none-elf-size prova3_hls_SW.elf  |tee "prova3_hls_SW.elf.size"
   text	   data	    bss	    dec	    hex	filename
 151540	   8048	 331080	 490668	  77cac	prova3_hls_SW.elf
Finished building: prova3_hls_SW.elf.size
 
15:59:29 **** Incremental Build of configuration Debug for project prova3_hls_SW ****
make all 
make: Nessuna operazione da eseguire per "all".
15:59:45 **** Incremental Build of configuration Debug for project prova3_hls_SW ****
make all 
make: Nessuna operazione da eseguire per "all".
16:00:20 **** Incremental Build of configuration Debug for project prova3_hls_SW ****
make all 
make: Nessuna operazione da eseguire per "all".
16:01:50 **** Auto Build of configuration Debug for project prova3_hls_SW ****
make all 
Building file: ../src/application.c
Invoking: ARM v8 gcc compiler
aarch64-none-elf-gcc -Wall -O0 -g3 -c -fmessage-length=0 -MT"src/application.o" -I../../prova3_hls_bsp_0/psu_cortexa53_0/include -MMD -MP -MF"src/application.d" -MT"src/application.o" -o "src/application.o" "../src/application.c"
Finished building: ../src/application.c
 
Building target: prova3_hls_SW.elf
Invoking: ARM v8 gcc linker
aarch64-none-elf-gcc -Wl,-T -Wl,../src/lscript.ld -L../../prova3_hls_bsp_0/psu_cortexa53_0/lib -o "prova3_hls_SW.elf"  ./src/application.o ./src/axi_gpio_frame_intr.o ./src/axi_gpio_pl_reset.o ./src/axis_to_ddr_writer.o ./src/ddr_to_axis_reader.o ./src/frame_buffer_interrupt.o ./src/i2c_interrupt.o ./src/interrupts.o ./src/main.o ./src/ov7670_config_i2c.o ./src/platform.o ./src/read_sd_card.o ./src/test.o ./src/test_SD_main.o ./src/zynq_gic.o ./src/zynq_i2c.o   -Wl,--start-group,-lxil,-lgcc,-lc,--end-group -Wl,--start-group,-lxilffs,-lxil,-lgcc,-lc,--end-group
Finished building target: prova3_hls_SW.elf
 
Invoking: ARM v8 Print Size
aarch64-none-elf-size prova3_hls_SW.elf  |tee "prova3_hls_SW.elf.size"
   text	   data	    bss	    dec	    hex	filename
 151540	   8048	 331080	 490668	  77cac	prova3_hls_SW.elf
Finished building: prova3_hls_SW.elf.size
 
16:01:53 **** Incremental Build of configuration Debug for project prova3_hls_SW ****
make all 
make: Nessuna operazione da eseguire per "all".
16:01:59 **** Auto Build of configuration Debug for project prova3_hls_SW ****
make all 
Building file: ../src/application.c
Invoking: ARM v8 gcc compiler
aarch64-none-elf-gcc -Wall -O0 -g3 -c -fmessage-length=0 -MT"src/application.o" -I../../prova3_hls_bsp_0/psu_cortexa53_0/include -MMD -MP -MF"src/application.d" -MT"src/application.o" -o "src/application.o" "../src/application.c"
Finished building: ../src/application.c
 
Building target: prova3_hls_SW.elf
Invoking: ARM v8 gcc linker
aarch64-none-elf-gcc -Wl,-T -Wl,../src/lscript.ld -L../../prova3_hls_bsp_0/psu_cortexa53_0/lib -o "prova3_hls_SW.elf"  ./src/application.o ./src/axi_gpio_frame_intr.o ./src/axi_gpio_pl_reset.o ./src/axis_to_ddr_writer.o ./src/ddr_to_axis_reader.o ./src/frame_buffer_interrupt.o ./src/i2c_interrupt.o ./src/interrupts.o ./src/main.o ./src/ov7670_config_i2c.o ./src/platform.o ./src/read_sd_card.o ./src/test.o ./src/test_SD_main.o ./src/zynq_gic.o ./src/zynq_i2c.o   -Wl,--start-group,-lxil,-lgcc,-lc,--end-group -Wl,--start-group,-lxilffs,-lxil,-lgcc,-lc,--end-group
Finished building target: prova3_hls_SW.elf
 
Invoking: ARM v8 Print Size
aarch64-none-elf-size prova3_hls_SW.elf  |tee "prova3_hls_SW.elf.size"
   text	   data	    bss	    dec	    hex	filename
 151540	   8048	 331080	 490668	  77cac	prova3_hls_SW.elf
Finished building: prova3_hls_SW.elf.size
 
16:02:09 **** Auto Build of configuration Debug for project prova3_hls_SW ****
make all 
Building file: ../src/axis_to_ddr_writer.c
Invoking: ARM v8 gcc compiler
aarch64-none-elf-gcc -Wall -O0 -g3 -c -fmessage-length=0 -MT"src/axis_to_ddr_writer.o" -I../../prova3_hls_bsp_0/psu_cortexa53_0/include -MMD -MP -MF"src/axis_to_ddr_writer.d" -MT"src/axis_to_ddr_writer.o" -o "src/axis_to_ddr_writer.o" "../src/axis_to_ddr_writer.c"
Finished building: ../src/axis_to_ddr_writer.c
 
Building target: prova3_hls_SW.elf
Invoking: ARM v8 gcc linker
aarch64-none-elf-gcc -Wl,-T -Wl,../src/lscript.ld -L../../prova3_hls_bsp_0/psu_cortexa53_0/lib -o "prova3_hls_SW.elf"  ./src/application.o ./src/axi_gpio_frame_intr.o ./src/axi_gpio_pl_reset.o ./src/axis_to_ddr_writer.o ./src/ddr_to_axis_reader.o ./src/frame_buffer_interrupt.o ./src/i2c_interrupt.o ./src/interrupts.o ./src/main.o ./src/ov7670_config_i2c.o ./src/platform.o ./src/read_sd_card.o ./src/test.o ./src/test_SD_main.o ./src/zynq_gic.o ./src/zynq_i2c.o   -Wl,--start-group,-lxil,-lgcc,-lc,--end-group -Wl,--start-group,-lxilffs,-lxil,-lgcc,-lc,--end-group
Finished building target: prova3_hls_SW.elf
 
Invoking: ARM v8 Print Size
aarch64-none-elf-size prova3_hls_SW.elf  |tee "prova3_hls_SW.elf.size"
   text	   data	    bss	    dec	    hex	filename
 151604	   8048	 331080	 490732	  77cec	prova3_hls_SW.elf
Finished building: prova3_hls_SW.elf.size
 
16:02:11 **** Incremental Build of configuration Debug for project prova3_hls_SW ****
make all 
make: Nessuna operazione da eseguire per "all".
16:02:52 **** Auto Build of configuration Debug for project prova3_hls_SW ****
make all 
Building file: ../src/axis_to_ddr_writer.c
Invoking: ARM v8 gcc compiler
aarch64-none-elf-gcc -Wall -O0 -g3 -c -fmessage-length=0 -MT"src/axis_to_ddr_writer.o" -I../../prova3_hls_bsp_0/psu_cortexa53_0/include -MMD -MP -MF"src/axis_to_ddr_writer.d" -MT"src/axis_to_ddr_writer.o" -o "src/axis_to_ddr_writer.o" "../src/axis_to_ddr_writer.c"
Finished building: ../src/axis_to_ddr_writer.c
 
Building target: prova3_hls_SW.elf
Invoking: ARM v8 gcc linker
aarch64-none-elf-gcc -Wl,-T -Wl,../src/lscript.ld -L../../prova3_hls_bsp_0/psu_cortexa53_0/lib -o "prova3_hls_SW.elf"  ./src/application.o ./src/axi_gpio_frame_intr.o ./src/axi_gpio_pl_reset.o ./src/axis_to_ddr_writer.o ./src/ddr_to_axis_reader.o ./src/frame_buffer_interrupt.o ./src/i2c_interrupt.o ./src/interrupts.o ./src/main.o ./src/ov7670_config_i2c.o ./src/platform.o ./src/read_sd_card.o ./src/test.o ./src/test_SD_main.o ./src/zynq_gic.o ./src/zynq_i2c.o   -Wl,--start-group,-lxil,-lgcc,-lc,--end-group -Wl,--start-group,-lxilffs,-lxil,-lgcc,-lc,--end-group
Finished building target: prova3_hls_SW.elf
 
Invoking: ARM v8 Print Size
aarch64-none-elf-size prova3_hls_SW.elf  |tee "prova3_hls_SW.elf.size"
   text	   data	    bss	    dec	    hex	filename
 151604	   8048	 331080	 490732	  77cec	prova3_hls_SW.elf
Finished building: prova3_hls_SW.elf.size
 
16:02:57 **** Incremental Build of configuration Debug for project prova3_hls_SW ****
make all 
make: Nessuna operazione da eseguire per "all".
16:06:42 **** Build of project LeTTURA_GPIO_bsp_0 ****
make -k all 
Running Make include in psu_cortexa53_0/libsrc/csudma_v1_2/src
make -C psu_cortexa53_0/libsrc/csudma_v1_2/src -s include  "SHELL=/bin/sh" "COMPILER=aarch64-none-elf-gcc" "ARCHIVER=aarch64-none-elf-ar" "COMPILER_FLAGS=  -O2 -c" "EXTRA_COMPILER_FLAGS=-g -Wall -Wextra"
Running Make include in psu_cortexa53_0/libsrc/dpdma_v1_0/src
make -C psu_cortexa53_0/libsrc/dpdma_v1_0/src -s include  "SHELL=/bin/sh" "COMPILER=aarch64-none-elf-gcc" "ARCHIVER=aarch64-none-elf-ar" "COMPILER_FLAGS=  -O2 -c" "EXTRA_COMPILER_FLAGS=-g -Wall -Wextra"
Running Make include in psu_cortexa53_0/libsrc/ddr_to_axis_reader_SD_v1_0/src
make -C psu_cortexa53_0/libsrc/ddr_to_axis_reader_SD_v1_0/src -s include  "SHELL=/bin/sh" "COMPILER=aarch64-none-elf-gcc" "ARCHIVER=aarch64-none-elf-ar" "COMPILER_FLAGS=  -O2 -c" "EXTRA_COMPILER_FLAGS=-g -Wall -Wextra"
Running Make include in psu_cortexa53_0/libsrc/ipipsu_v2_3/src
make -C psu_cortexa53_0/libsrc/ipipsu_v2_3/src -s include  "SHELL=/bin/sh" "COMPILER=aarch64-none-elf-gcc" "ARCHIVER=aarch64-none-elf-ar" "COMPILER_FLAGS=  -O2 -c" "EXTRA_COMPILER_FLAGS=-g -Wall -Wextra"
Running Make include in psu_cortexa53_0/libsrc/gpiops_v3_3/src
make -C psu_cortexa53_0/libsrc/gpiops_v3_3/src -s include  "SHELL=/bin/sh" "COMPILER=aarch64-none-elf-gcc" "ARCHIVER=aarch64-none-elf-ar" "COMPILER_FLAGS=  -O2 -c" "EXTRA_COMPILER_FLAGS=-g -Wall -Wextra"
Running Make include in psu_cortexa53_0/libsrc/scugic_v3_9/src
make -C psu_cortexa53_0/libsrc/scugic_v3_9/src -s include  "SHELL=/bin/sh" "COMPILER=aarch64-none-elf-gcc" "ARCHIVER=aarch64-none-elf-ar" "COMPILER_FLAGS=  -O2 -c" "EXTRA_COMPILER_FLAGS=-g -Wall -Wextra"
Running Make include in psu_cortexa53_0/libsrc/uartps_v3_6/src
make -C psu_cortexa53_0/libsrc/uartps_v3_6/src -s include  "SHELL=/bin/sh" "COMPILER=aarch64-none-elf-gcc" "ARCHIVER=aarch64-none-elf-ar" "COMPILER_FLAGS=  -O2 -c" "EXTRA_COMPILER_FLAGS=-g -Wall -Wextra"
Running Make include in psu_cortexa53_0/libsrc/avbuf_v2_1/src
make -C psu_cortexa53_0/libsrc/avbuf_v2_1/src -s include  "SHELL=/bin/sh" "COMPILER=aarch64-none-elf-gcc" "ARCHIVER=aarch64-none-elf-ar" "COMPILER_FLAGS=  -O2 -c" "EXTRA_COMPILER_FLAGS=-g -Wall -Wextra"
Running Make include in psu_cortexa53_0/libsrc/spips_v3_0/src
make -C psu_cortexa53_0/libsrc/spips_v3_0/src -s include  "SHELL=/bin/sh" "COMPILER=aarch64-none-elf-gcc" "ARCHIVER=aarch64-none-elf-ar" "COMPILER_FLAGS=  -O2 -c" "EXTRA_COMPILER_FLAGS=-g -Wall -Wextra"
Running Make include in psu_cortexa53_0/libsrc/sysmonpsu_v2_3/src
make -C psu_cortexa53_0/libsrc/sysmonpsu_v2_3/src -s include  "SHELL=/bin/sh" "COMPILER=aarch64-none-elf-gcc" "ARCHIVER=aarch64-none-elf-ar" "COMPILER_FLAGS=  -O2 -c" "EXTRA_COMPILER_FLAGS=-g -Wall -Wextra"
Running Make include in psu_cortexa53_0/libsrc/xilffs_v3_8/src
make -C psu_cortexa53_0/libsrc/xilffs_v3_8/src -s include  "SHELL=/bin/sh" "COMPILER=aarch64-none-elf-gcc" "ARCHIVER=aarch64-none-elf-ar" "COMPILER_FLAGS=  -O2 -c" "EXTRA_COMPILER_FLAGS=-g -Wall -Wextra"
Running Make include in psu_cortexa53_0/libsrc/video_common_v4_3/src
make -C psu_cortexa53_0/libsrc/video_common_v4_3/src -s include  "SHELL=/bin/sh" "COMPILER=aarch64-none-elf-gcc" "ARCHIVER=aarch64-none-elf-ar" "COMPILER_FLAGS=  -O2 -c" "EXTRA_COMPILER_FLAGS=-g -Wall -Wextra"
Running Make include in psu_cortexa53_0/libsrc/ttcps_v3_5/src
make -C psu_cortexa53_0/libsrc/ttcps_v3_5/src -s include  "SHELL=/bin/sh" "COMPILER=aarch64-none-elf-gcc" "ARCHIVER=aarch64-none-elf-ar" "COMPILER_FLAGS=  -O2 -c" "EXTRA_COMPILER_FLAGS=-g -Wall -Wextra"
Running Make include in psu_cortexa53_0/libsrc/resetps_v1_0/src
make -C psu_cortexa53_0/libsrc/resetps_v1_0/src -s include  "SHELL=/bin/sh" "COMPILER=aarch64-none-elf-gcc" "ARCHIVER=aarch64-none-elf-ar" "COMPILER_FLAGS=  -O2 -c" "EXTRA_COMPILER_FLAGS=-g -Wall -Wextra"
Running Make include in psu_cortexa53_0/libsrc/rtcpsu_v1_5/src
make -C psu_cortexa53_0/libsrc/rtcpsu_v1_5/src -s include  "SHELL=/bin/sh" "COMPILER=aarch64-none-elf-gcc" "ARCHIVER=aarch64-none-elf-ar" "COMPILER_FLAGS=  -O2 -c" "EXTRA_COMPILER_FLAGS=-g -Wall -Wextra"
Running Make include in psu_cortexa53_0/libsrc/mux_sd_ov_v1_0/src
make -C psu_cortexa53_0/libsrc/mux_sd_ov_v1_0/src -s include  "SHELL=/bin/sh" "COMPILER=aarch64-none-elf-gcc" "ARCHIVER=aarch64-none-elf-ar" "COMPILER_FLAGS=  -O2 -c" "EXTRA_COMPILER_FLAGS=-g -Wall -Wextra"
Running Make include in psu_cortexa53_0/libsrc/ddrcpsu_v1_1/src
make -C psu_cortexa53_0/libsrc/ddrcpsu_v1_1/src -s include  "SHELL=/bin/sh" "COMPILER=aarch64-none-elf-gcc" "ARCHIVER=aarch64-none-elf-ar" "COMPILER_FLAGS=  -O2 -c" "EXTRA_COMPILER_FLAGS=-g -Wall -Wextra"
Running Make include in psu_cortexa53_0/libsrc/zdma_v1_5/src
make -C psu_cortexa53_0/libsrc/zdma_v1_5/src -s include  "SHELL=/bin/sh" "COMPILER=aarch64-none-elf-gcc" "ARCHIVER=aarch64-none-elf-ar" "COMPILER_FLAGS=  -O2 -c" "EXTRA_COMPILER_FLAGS=-g -Wall -Wextra"
Running Make include in psu_cortexa53_0/libsrc/standalone_v6_6/src
make -C psu_cortexa53_0/libsrc/standalone_v6_6/src -s include  "SHELL=/bin/sh" "COMPILER=aarch64-none-elf-gcc" "ARCHIVER=aarch64-none-elf-ar" "COMPILER_FLAGS=  -O2 -c" "EXTRA_COMPILER_FLAGS=-g -Wall -Wextra"
Running Make include in psu_cortexa53_0/libsrc/axis_to_ddr_writer_v1_0/src
make -C psu_cortexa53_0/libsrc/axis_to_ddr_writer_v1_0/src -s include  "SHELL=/bin/sh" "COMPILER=aarch64-none-elf-gcc" "ARCHIVER=aarch64-none-elf-ar" "COMPILER_FLAGS=  -O2 -c" "EXTRA_COMPILER_FLAGS=-g -Wall -Wextra"
Running Make include in psu_cortexa53_0/libsrc/gpio_v4_3/src
make -C psu_cortexa53_0/libsrc/gpio_v4_3/src -s include  "SHELL=/bin/sh" "COMPILER=aarch64-none-elf-gcc" "ARCHIVER=aarch64-none-elf-ar" "COMPILER_FLAGS=  -O2 -c" "EXTRA_COMPILER_FLAGS=-g -Wall -Wextra"
Running Make include in psu_cortexa53_0/libsrc/cpu_cortexa53_v1_5/src
make -C psu_cortexa53_0/libsrc/cpu_cortexa53_v1_5/src -s include  "SHELL=/bin/sh" "COMPILER=aarch64-none-elf-gcc" "ARCHIVER=aarch64-none-elf-ar" "COMPILER_FLAGS=  -O2 -c" "EXTRA_COMPILER_FLAGS=-g -Wall -Wextra"
Running Make include in psu_cortexa53_0/libsrc/ddr_to_axis_reader_v1_0/src
make -C psu_cortexa53_0/libsrc/ddr_to_axis_reader_v1_0/src -s include  "SHELL=/bin/sh" "COMPILER=aarch64-none-elf-gcc" "ARCHIVER=aarch64-none-elf-ar" "COMPILER_FLAGS=  -O2 -c" "EXTRA_COMPILER_FLAGS=-g -Wall -Wextra"
Running Make include in psu_cortexa53_0/libsrc/sdps_v3_4/src
make -C psu_cortexa53_0/libsrc/sdps_v3_4/src -s include  "SHELL=/bin/sh" "COMPILER=aarch64-none-elf-gcc" "ARCHIVER=aarch64-none-elf-ar" "COMPILER_FLAGS=  -O2 -c" "EXTRA_COMPILER_FLAGS=-g -Wall -Wextra"
Running Make include in psu_cortexa53_0/libsrc/wdtps_v3_0/src
make -C psu_cortexa53_0/libsrc/wdtps_v3_0/src -s include  "SHELL=/bin/sh" "COMPILER=aarch64-none-elf-gcc" "ARCHIVER=aarch64-none-elf-ar" "COMPILER_FLAGS=  -O2 -c" "EXTRA_COMPILER_FLAGS=-g -Wall -Wextra"
Running Make include in psu_cortexa53_0/libsrc/axipmon_v6_6/src
make -C psu_cortexa53_0/libsrc/axipmon_v6_6/src -s include  "SHELL=/bin/sh" "COMPILER=aarch64-none-elf-gcc" "ARCHIVER=aarch64-none-elf-ar" "COMPILER_FLAGS=  -O2 -c" "EXTRA_COMPILER_FLAGS=-g -Wall -Wextra"
Running Make include in psu_cortexa53_0/libsrc/iicps_v3_6/src
make -C psu_cortexa53_0/libsrc/iicps_v3_6/src -s include  "SHELL=/bin/sh" "COMPILER=aarch64-none-elf-gcc" "ARCHIVER=aarch64-none-elf-ar" "COMPILER_FLAGS=  -O2 -c" "EXTRA_COMPILER_FLAGS=-g -Wall -Wextra"
Running Make include in psu_cortexa53_0/libsrc/coresightps_dcc_v1_4/src
make -C psu_cortexa53_0/libsrc/coresightps_dcc_v1_4/src -s include  "SHELL=/bin/sh" "COMPILER=aarch64-none-elf-gcc" "ARCHIVER=aarch64-none-elf-ar" "COMPILER_FLAGS=  -O2 -c" "EXTRA_COMPILER_FLAGS=-g -Wall -Wextra"
Running Make include in psu_cortexa53_0/libsrc/usbpsu_v1_4/src
make -C psu_cortexa53_0/libsrc/usbpsu_v1_4/src -s include  "SHELL=/bin/sh" "COMPILER=aarch64-none-elf-gcc" "ARCHIVER=aarch64-none-elf-ar" "COMPILER_FLAGS=  -O2 -c" "EXTRA_COMPILER_FLAGS=-g -Wall -Wextra"
Running Make libs in psu_cortexa53_0/libsrc/csudma_v1_2/src
make -C psu_cortexa53_0/libsrc/csudma_v1_2/src -s libs  "SHELL=/bin/sh" "COMPILER=aarch64-none-elf-gcc" "ARCHIVER=aarch64-none-elf-ar" "COMPILER_FLAGS=  -O2 -c" "EXTRA_COMPILER_FLAGS=-g -Wall -Wextra"
Compiling csudma
aarch64-none-elf-ar: creazione di ../../../lib/libxil.a
Running Make libs in psu_cortexa53_0/libsrc/dpdma_v1_0/src
make -C psu_cortexa53_0/libsrc/dpdma_v1_0/src -s libs  "SHELL=/bin/sh" "COMPILER=aarch64-none-elf-gcc" "ARCHIVER=aarch64-none-elf-ar" "COMPILER_FLAGS=  -O2 -c" "EXTRA_COMPILER_FLAGS=-g -Wall -Wextra"
Compiling dpdma
xdpdma.c: In function 'XDpDma_DisplayVideoFrameBuffer':
xdpdma.c:759:58: warning: this statement may fall through [-Wimplicit-fallthrough=]
    InstancePtr->Video.FrameBuffer[XDPDMA_VIDEO_CHANNEL2] =
    ~~~~~~~~~~~~~~~~~~~~~~~~~~~~~~~~~~~~~~~~~~~~~~~~~~~~~~^
     Plane2;
     ~~~~~~                                                
xdpdma.c:761:3: note: here
   case XDPDMA_VIDEO_CHANNEL1:
   ^~~~
xdpdma.c:763:58: warning: this statement may fall through [-Wimplicit-fallthrough=]
    InstancePtr->Video.FrameBuffer[XDPDMA_VIDEO_CHANNEL1] =
    ~~~~~~~~~~~~~~~~~~~~~~~~~~~~~~~~~~~~~~~~~~~~~~~~~~~~~~^
     Plane1;
     ~~~~~~                                                
xdpdma.c:765:3: note: here
   case XDPDMA_VIDEO_CHANNEL0:
   ^~~~
Running Make libs in psu_cortexa53_0/libsrc/ddr_to_axis_reader_SD_v1_0/src
make -C psu_cortexa53_0/libsrc/ddr_to_axis_reader_SD_v1_0/src -s libs  "SHELL=/bin/sh" "COMPILER=aarch64-none-elf-gcc" "ARCHIVER=aarch64-none-elf-ar" "COMPILER_FLAGS=  -O2 -c" "EXTRA_COMPILER_FLAGS=-g -Wall -Wextra"
Compiling ddr_to_axis_reader_SD
Running Make libs in psu_cortexa53_0/libsrc/ipipsu_v2_3/src
make -C psu_cortexa53_0/libsrc/ipipsu_v2_3/src -s libs  "SHELL=/bin/sh" "COMPILER=aarch64-none-elf-gcc" "ARCHIVER=aarch64-none-elf-ar" "COMPILER_FLAGS=  -O2 -c" "EXTRA_COMPILER_FLAGS=-g -Wall -Wextra"
Compiling ipipsu
Running Make libs in psu_cortexa53_0/libsrc/gpiops_v3_3/src
make -C psu_cortexa53_0/libsrc/gpiops_v3_3/src -s libs  "SHELL=/bin/sh" "COMPILER=aarch64-none-elf-gcc" "ARCHIVER=aarch64-none-elf-ar" "COMPILER_FLAGS=  -O2 -c" "EXTRA_COMPILER_FLAGS=-g -Wall -Wextra"
Compiling gpiops
Running Make libs in psu_cortexa53_0/libsrc/scugic_v3_9/src
make -C psu_cortexa53_0/libsrc/scugic_v3_9/src -s libs  "SHELL=/bin/sh" "COMPILER=aarch64-none-elf-gcc" "ARCHIVER=aarch64-none-elf-ar" "COMPILER_FLAGS=  -O2 -c" "EXTRA_COMPILER_FLAGS=-g -Wall -Wextra"
Compiling scugic
Running Make libs in psu_cortexa53_0/libsrc/uartps_v3_6/src
make -C psu_cortexa53_0/libsrc/uartps_v3_6/src -s libs  "SHELL=/bin/sh" "COMPILER=aarch64-none-elf-gcc" "ARCHIVER=aarch64-none-elf-ar" "COMPILER_FLAGS=  -O2 -c" "EXTRA_COMPILER_FLAGS=-g -Wall -Wextra"
Compiling uartps
Running Make libs in psu_cortexa53_0/libsrc/avbuf_v2_1/src
make -C psu_cortexa53_0/libsrc/avbuf_v2_1/src -s libs  "SHELL=/bin/sh" "COMPILER=aarch64-none-elf-gcc" "ARCHIVER=aarch64-none-elf-ar" "COMPILER_FLAGS=  -O2 -c" "EXTRA_COMPILER_FLAGS=-g -Wall -Wextra"
Compiling avbuf
Running Make libs in psu_cortexa53_0/libsrc/spips_v3_0/src
make -C psu_cortexa53_0/libsrc/spips_v3_0/src -s libs  "SHELL=/bin/sh" "COMPILER=aarch64-none-elf-gcc" "ARCHIVER=aarch64-none-elf-ar" "COMPILER_FLAGS=  -O2 -c" "EXTRA_COMPILER_FLAGS=-g -Wall -Wextra"
Compiling spips
Running Make libs in psu_cortexa53_0/libsrc/sysmonpsu_v2_3/src
make -C psu_cortexa53_0/libsrc/sysmonpsu_v2_3/src -s libs  "SHELL=/bin/sh" "COMPILER=aarch64-none-elf-gcc" "ARCHIVER=aarch64-none-elf-ar" "COMPILER_FLAGS=  -O2 -c" "EXTRA_COMPILER_FLAGS=-g -Wall -Wextra"
Compiling sysmonpsu
Running Make libs in psu_cortexa53_0/libsrc/xilffs_v3_8/src
make -C psu_cortexa53_0/libsrc/xilffs_v3_8/src -s libs  "SHELL=/bin/sh" "COMPILER=aarch64-none-elf-gcc" "ARCHIVER=aarch64-none-elf-ar" "COMPILER_FLAGS=  -O2 -c" "EXTRA_COMPILER_FLAGS=-g -Wall -Wextra"
Compiling XilFFs Library
ff.c: In function 'f_mount':
ff.c:2698:10: warning: comparison between pointer and zero character constant [-Wpointer-compare]
  if (cfs != 0U) {
          ^~
ff.c:2698:6: note: did you mean to dereference the pointer?
  if (cfs != 0U) {
      ^
ff.c:2710:9: warning: comparison between pointer and zero character constant [-Wpointer-compare]
  if (fs != 0U) {
         ^~
ff.c:2710:6: note: did you mean to dereference the pointer?
  if (fs != 0U) {
      ^
diskio.c:146:11: warning: 'ExtCsd' defined but not used [-Wunused-variable]
 static u8 ExtCsd[512] __attribute__ ((aligned(32)));
           ^~~~~~
Running Make libs in psu_cortexa53_0/libsrc/video_common_v4_3/src
make -C psu_cortexa53_0/libsrc/video_common_v4_3/src -s libs  "SHELL=/bin/sh" "COMPILER=aarch64-none-elf-gcc" "ARCHIVER=aarch64-none-elf-ar" "COMPILER_FLAGS=  -O2 -c" "EXTRA_COMPILER_FLAGS=-g -Wall -Wextra"
Compiling video_common
Running Make libs in psu_cortexa53_0/libsrc/ttcps_v3_5/src
make -C psu_cortexa53_0/libsrc/ttcps_v3_5/src -s libs  "SHELL=/bin/sh" "COMPILER=aarch64-none-elf-gcc" "ARCHIVER=aarch64-none-elf-ar" "COMPILER_FLAGS=  -O2 -c" "EXTRA_COMPILER_FLAGS=-g -Wall -Wextra"
Compiling ttcps
Running Make libs in psu_cortexa53_0/libsrc/resetps_v1_0/src
make -C psu_cortexa53_0/libsrc/resetps_v1_0/src -s libs  "SHELL=/bin/sh" "COMPILER=aarch64-none-elf-gcc" "ARCHIVER=aarch64-none-elf-ar" "COMPILER_FLAGS=  -O2 -c" "EXTRA_COMPILER_FLAGS=-g -Wall -Wextra"
Compiling resetps
xresetps.c:72:1: warning: 'static' is not at beginning of declaration [-Wold-style-declaration]
 const static XResetPs_Lookup ResetMap[] = {
 ^~~~~
Running Make libs in psu_cortexa53_0/libsrc/rtcpsu_v1_5/src
make -C psu_cortexa53_0/libsrc/rtcpsu_v1_5/src -s libs  "SHELL=/bin/sh" "COMPILER=aarch64-none-elf-gcc" "ARCHIVER=aarch64-none-elf-ar" "COMPILER_FLAGS=  -O2 -c" "EXTRA_COMPILER_FLAGS=-g -Wall -Wextra"
Compiling rtcpsu
Running Make libs in psu_cortexa53_0/libsrc/mux_sd_ov_v1_0/src
make -C psu_cortexa53_0/libsrc/mux_sd_ov_v1_0/src -s libs  "SHELL=/bin/sh" "COMPILER=aarch64-none-elf-gcc" "ARCHIVER=aarch64-none-elf-ar" "COMPILER_FLAGS=  -O2 -c" "EXTRA_COMPILER_FLAGS=-g -Wall -Wextra"
Compiling mux_sd_ov
Running Make libs in psu_cortexa53_0/libsrc/ddrcpsu_v1_1/src
make -C psu_cortexa53_0/libsrc/ddrcpsu_v1_1/src -s libs  "SHELL=/bin/sh" "COMPILER=aarch64-none-elf-gcc" "ARCHIVER=aarch64-none-elf-ar" "COMPILER_FLAGS=  -O2 -c" "EXTRA_COMPILER_FLAGS=-g -Wall -Wextra"
Compiling ddrcpsu
Running Make libs in psu_cortexa53_0/libsrc/zdma_v1_5/src
make -C psu_cortexa53_0/libsrc/zdma_v1_5/src -s libs  "SHELL=/bin/sh" "COMPILER=aarch64-none-elf-gcc" "ARCHIVER=aarch64-none-elf-ar" "COMPILER_FLAGS=  -O2 -c" "EXTRA_COMPILER_FLAGS=-g -Wall -Wextra"
Compiling zdma
Running Make libs in psu_cortexa53_0/libsrc/standalone_v6_6/src
make -C psu_cortexa53_0/libsrc/standalone_v6_6/src -s libs  "SHELL=/bin/sh" "COMPILER=aarch64-none-elf-gcc" "ARCHIVER=aarch64-none-elf-ar" "COMPILER_FLAGS=  -O2 -c" "EXTRA_COMPILER_FLAGS=-g -Wall -Wextra"
Compiling standalone A53
In file included from sleep.c:63:0:
xtime_l.h:81:9: note: #pragma message: For the sleep routines, Global timer is being used
 #pragma message ("For the sleep routines, Global timer is being used")
         ^~~~~~~
In file included from xtime_l.c:56:0:
xtime_l.h:81:9: note: #pragma message: For the sleep routines, Global timer is being used
 #pragma message ("For the sleep routines, Global timer is being used")
         ^~~~~~~
In file included from xil_sleeptimer.c:54:0:
xtime_l.h:81:9: note: #pragma message: For the sleep routines, Global timer is being used
 #pragma message ("For the sleep routines, Global timer is being used")
         ^~~~~~~
translation_table.S:149:2: warning: #warning "There's no DDR_1 in the HW design. MMU translation table marks 32 GB DDR address space as undefined" [-Wcpp]
 #warning "There's no DDR_1 in the HW design. MMU translation table marks 32 GB DDR address space as undefined"
  ^~~~~~~
Running Make libs in psu_cortexa53_0/libsrc/axis_to_ddr_writer_v1_0/src
make -C psu_cortexa53_0/libsrc/axis_to_ddr_writer_v1_0/src -s libs  "SHELL=/bin/sh" "COMPILER=aarch64-none-elf-gcc" "ARCHIVER=aarch64-none-elf-ar" "COMPILER_FLAGS=  -O2 -c" "EXTRA_COMPILER_FLAGS=-g -Wall -Wextra"
Compiling axis_to_ddr_writer
Running Make libs in psu_cortexa53_0/libsrc/gpio_v4_3/src
make -C psu_cortexa53_0/libsrc/gpio_v4_3/src -s libs  "SHELL=/bin/sh" "COMPILER=aarch64-none-elf-gcc" "ARCHIVER=aarch64-none-elf-ar" "COMPILER_FLAGS=  -O2 -c" "EXTRA_COMPILER_FLAGS=-g -Wall -Wextra"
Compiling gpio
Running Make libs in psu_cortexa53_0/libsrc/cpu_cortexa53_v1_5/src
make -C psu_cortexa53_0/libsrc/cpu_cortexa53_v1_5/src -s libs  "SHELL=/bin/sh" "COMPILER=aarch64-none-elf-gcc" "ARCHIVER=aarch64-none-elf-ar" "COMPILER_FLAGS=  -O2 -c" "EXTRA_COMPILER_FLAGS=-g -Wall -Wextra"
Compiling cpu_cortexa53
Running Make libs in psu_cortexa53_0/libsrc/ddr_to_axis_reader_v1_0/src
make -C psu_cortexa53_0/libsrc/ddr_to_axis_reader_v1_0/src -s libs  "SHELL=/bin/sh" "COMPILER=aarch64-none-elf-gcc" "ARCHIVER=aarch64-none-elf-ar" "COMPILER_FLAGS=  -O2 -c" "EXTRA_COMPILER_FLAGS=-g -Wall -Wextra"
Compiling ddr_to_axis_reader
Running Make libs in psu_cortexa53_0/libsrc/sdps_v3_4/src
make -C psu_cortexa53_0/libsrc/sdps_v3_4/src -s libs  "SHELL=/bin/sh" "COMPILER=aarch64-none-elf-gcc" "ARCHIVER=aarch64-none-elf-ar" "COMPILER_FLAGS=  -O2 -c" "EXTRA_COMPILER_FLAGS=-g -Wall -Wextra"
Compiling sdps
xsdps.c: In function 'XSdPs_FrameCmd':
xsdps.c:1272:11: warning: this statement may fall through [-Wimplicit-fallthrough=]
    RetVal |= RESP_R1 | (u32)XSDPS_DAT_PRESENT_SEL_MASK;
xsdps.c:1273:3: note: here
   case ACMD41:
   ^~~~
Running Make libs in psu_cortexa53_0/libsrc/wdtps_v3_0/src
make -C psu_cortexa53_0/libsrc/wdtps_v3_0/src -s libs  "SHELL=/bin/sh" "COMPILER=aarch64-none-elf-gcc" "ARCHIVER=aarch64-none-elf-ar" "COMPILER_FLAGS=  -O2 -c" "EXTRA_COMPILER_FLAGS=-g -Wall -Wextra"
Compiling wdtps
Running Make libs in psu_cortexa53_0/libsrc/axipmon_v6_6/src
make -C psu_cortexa53_0/libsrc/axipmon_v6_6/src -s libs  "SHELL=/bin/sh" "COMPILER=aarch64-none-elf-gcc" "ARCHIVER=aarch64-none-elf-ar" "COMPILER_FLAGS=  -O2 -c" "EXTRA_COMPILER_FLAGS=-g -Wall -Wextra"
Compiling axipmon
Running Make libs in psu_cortexa53_0/libsrc/iicps_v3_6/src
make -C psu_cortexa53_0/libsrc/iicps_v3_6/src -s libs  "SHELL=/bin/sh" "COMPILER=aarch64-none-elf-gcc" "ARCHIVER=aarch64-none-elf-ar" "COMPILER_FLAGS=  -O2 -c" "EXTRA_COMPILER_FLAGS=-g -Wall -Wextra"
Compiling iicps
Running Make libs in psu_cortexa53_0/libsrc/coresightps_dcc_v1_4/src
make -C psu_cortexa53_0/libsrc/coresightps_dcc_v1_4/src -s libs  "SHELL=/bin/sh" "COMPILER=aarch64-none-elf-gcc" "ARCHIVER=aarch64-none-elf-ar" "COMPILER_FLAGS=  -O2 -c" "EXTRA_COMPILER_FLAGS=-g -Wall -Wextra"
Compiling coresightps_dcc
Running Make libs in psu_cortexa53_0/libsrc/usbpsu_v1_4/src
make -C psu_cortexa53_0/libsrc/usbpsu_v1_4/src -s libs  "SHELL=/bin/sh" "COMPILER=aarch64-none-elf-gcc" "ARCHIVER=aarch64-none-elf-ar" "COMPILER_FLAGS=  -O2 -c" "EXTRA_COMPILER_FLAGS=-g -Wall -Wextra"
Compiling usbpsu
In file included from xusbpsu.h:85:0,
                 from xusbpsu_hibernation.c:54:
xusbpsu_hibernation.c: In function 'XUsbPsu_WakeupIntr':
xusbpsu_hw.h:376:2: warning: this statement may fall through [-Wimplicit-fallthrough=]
  Xil_Out32((InstancePtr)->ConfigPtr->BaseAddress + (u32)(Offset), (u32)(Data))
  ^~~~~~~~~~~~~~~~~~~~~~~~~~~~~~~~~~~~~~~~~~~~~~~~~~~~~~~~~~~~~~~~~~~~~~~~~~~~~
xusbpsu_hibernation.c:659:3: note: in expansion of macro 'XUsbPsu_WriteReg'
   XUsbPsu_WriteReg(InstancePtr, XUSBPSU_DCTL, RegVal);
   ^~~~~~~~~~~~~~~~
xusbpsu_hibernation.c:662:2: note: here
  case XUSBPSU_LINK_STATE_U3:
  ^~~~
Finished building libraries

**** Build of configuration Debug for project lettur_gpio_SW ****

Nothing to build for project lettur_gpio_SW
16:08:11 **** Auto Build of configuration Debug for project lettur_gpio_SW ****
make all 
Building file: ../src/application.c
Invoking: ARM v8 gcc compiler
aarch64-none-elf-gcc -Wall -O0 -g3 -c -fmessage-length=0 -MT"src/application.o" -I../../LeTTURA_GPIO_bsp_0/psu_cortexa53_0/include -MMD -MP -MF"src/application.d" -MT"src/application.o" -o "src/application.o" "../src/application.c"
In file included from ../src/platform.h:21:0,
                 from ../src/interrupts.h:15,
                 from ../src/application.h:18,
                 from ../src/application.c:9:
../src/mux_sd_ov.h:6:19: warning: 'mux' defined but not used [-Wunused-variable]
 static XMux_sd_ov mux;
                   ^~~
Finished building: ../src/application.c
 
Building file: ../src/axi_gpio_frame_intr.c
Invoking: ARM v8 gcc compiler
aarch64-none-elf-gcc -Wall -O0 -g3 -c -fmessage-length=0 -MT"src/axi_gpio_frame_intr.o" -I../../LeTTURA_GPIO_bsp_0/psu_cortexa53_0/include -MMD -MP -MF"src/axi_gpio_frame_intr.d" -MT"src/axi_gpio_frame_intr.o" -o "src/axi_gpio_frame_intr.o" "../src/axi_gpio_frame_intr.c"
Finished building: ../src/axi_gpio_frame_intr.c
 
Building file: ../src/axi_gpio_pl_reset.c
Invoking: ARM v8 gcc compiler
aarch64-none-elf-gcc -Wall -O0 -g3 -c -fmessage-length=0 -MT"src/axi_gpio_pl_reset.o" -I../../LeTTURA_GPIO_bsp_0/psu_cortexa53_0/include -MMD -MP -MF"src/axi_gpio_pl_reset.d" -MT"src/axi_gpio_pl_reset.o" -o "src/axi_gpio_pl_reset.o" "../src/axi_gpio_pl_reset.c"
Finished building: ../src/axi_gpio_pl_reset.c
 
Building file: ../src/axis_to_ddr_writer.c
Invoking: ARM v8 gcc compiler
aarch64-none-elf-gcc -Wall -O0 -g3 -c -fmessage-length=0 -MT"src/axis_to_ddr_writer.o" -I../../LeTTURA_GPIO_bsp_0/psu_cortexa53_0/include -MMD -MP -MF"src/axis_to_ddr_writer.d" -MT"src/axis_to_ddr_writer.o" -o "src/axis_to_ddr_writer.o" "../src/axis_to_ddr_writer.c"
Finished building: ../src/axis_to_ddr_writer.c
 
Building file: ../src/ddr_to_axis_reader.c
Invoking: ARM v8 gcc compiler
aarch64-none-elf-gcc -Wall -O0 -g3 -c -fmessage-length=0 -MT"src/ddr_to_axis_reader.o" -I../../LeTTURA_GPIO_bsp_0/psu_cortexa53_0/include -MMD -MP -MF"src/ddr_to_axis_reader.d" -MT"src/ddr_to_axis_reader.o" -o "src/ddr_to_axis_reader.o" "../src/ddr_to_axis_reader.c"
Finished building: ../src/ddr_to_axis_reader.c
 
Building file: ../src/ddr_to_axis_reader_SD.c
Invoking: ARM v8 gcc compiler
aarch64-none-elf-gcc -Wall -O0 -g3 -c -fmessage-length=0 -MT"src/ddr_to_axis_reader_SD.o" -I../../LeTTURA_GPIO_bsp_0/psu_cortexa53_0/include -MMD -MP -MF"src/ddr_to_axis_reader_SD.d" -MT"src/ddr_to_axis_reader_SD.o" -o "src/ddr_to_axis_reader_SD.o" "../src/ddr_to_axis_reader_SD.c"
Finished building: ../src/ddr_to_axis_reader_SD.c
 
Building file: ../src/frame_buffer_interrupt.c
Invoking: ARM v8 gcc compiler
aarch64-none-elf-gcc -Wall -O0 -g3 -c -fmessage-length=0 -MT"src/frame_buffer_interrupt.o" -I../../LeTTURA_GPIO_bsp_0/psu_cortexa53_0/include -MMD -MP -MF"src/frame_buffer_interrupt.d" -MT"src/frame_buffer_interrupt.o" -o "src/frame_buffer_interrupt.o" "../src/frame_buffer_interrupt.c"
Finished building: ../src/frame_buffer_interrupt.c
 
Building file: ../src/i2c_interrupt.c
Invoking: ARM v8 gcc compiler
aarch64-none-elf-gcc -Wall -O0 -g3 -c -fmessage-length=0 -MT"src/i2c_interrupt.o" -I../../LeTTURA_GPIO_bsp_0/psu_cortexa53_0/include -MMD -MP -MF"src/i2c_interrupt.d" -MT"src/i2c_interrupt.o" -o "src/i2c_interrupt.o" "../src/i2c_interrupt.c"
Finished building: ../src/i2c_interrupt.c
 
Building file: ../src/interrupts.c
Invoking: ARM v8 gcc compiler
aarch64-none-elf-gcc -Wall -O0 -g3 -c -fmessage-length=0 -MT"src/interrupts.o" -I../../LeTTURA_GPIO_bsp_0/psu_cortexa53_0/include -MMD -MP -MF"src/interrupts.d" -MT"src/interrupts.o" -o "src/interrupts.o" "../src/interrupts.c"
../src/interrupts.c: In function 'enable_interrupts':
../src/interrupts.c:17:38: error: 'XPAR_FABRIC_RESET_SW_INTR' undeclared (first use in this function); did you mean 'XPAR_XIICPS_0_INTR'?
  XScuGic_Enable(InterruptController, XPAR_FABRIC_RESET_SW_INTR);
                                      ^~~~~~~~~~~~~~~~~~~~~~~~~
                                      XPAR_XIICPS_0_INTR
../src/interrupts.c:17:38: note: each undeclared identifier is reported only once for each function it appears in
../src/interrupts.c: In function 'disable_interrupts':
../src/interrupts.c:37:39: error: 'XPAR_FABRIC_RESET_SW_INTR' undeclared (first use in this function); did you mean 'XPAR_XIICPS_0_INTR'?
  XScuGic_Disable(InterruptController, XPAR_FABRIC_RESET_SW_INTR);
                                       ^~~~~~~~~~~~~~~~~~~~~~~~~
                                       XPAR_XIICPS_0_INTR
../src/interrupts.c: In function 'configure_interrupts':
../src/interrupts.c:57:47: warning: passing argument 2 of 'configure_i2c_interrupt' from incompatible pointer type [-Wincompatible-pointer-types]
  configure_i2c_interrupt(InterruptController, &Iic);
                                               ^
In file included from ../src/interrupts.h:14:0,
                 from ../src/interrupts.c:9:
../src/i2c_interrupt.h:15:5: note: expected 'XScuGic * {aka struct <anonymous> *}' but argument is of type 'XIicPs * {aka struct <anonymous> *}'
 int configure_i2c_interrupt(XScuGic* gicInst, XScuGic* IicPsPtr);
     ^~~~~~~~~~~~~~~~~~~~~~~
../src/interrupts.c: In function 'configure_SW_reset_interrupt':
../src/interrupts.c:65:31: error: 'XPAR_FABRIC_RESET_SW_INTR' undeclared (first use in this function); did you mean 'XPAR_XIICPS_0_INTR'?
  if (XScuGic_Connect(gicInst, XPAR_FABRIC_RESET_SW_INTR, SW_reset_handler, NULL) != XST_SUCCESS)
                               ^~~~~~~~~~~~~~~~~~~~~~~~~
                               XPAR_XIICPS_0_INTR
In file included from ../src/platform.h:21:0,
                 from ../src/interrupts.h:15,
                 from ../src/interrupts.c:9:
At top level:
../src/mux_sd_ov.h:6:19: warning: 'mux' defined but not used [-Wunused-variable]
 static XMux_sd_ov mux;
                   ^~~
make: *** [src/interrupts.o] Errore 1
src/subdir.mk:72: set di istruzioni per l'obiettivo "src/interrupts.o" non riuscito
16:08:47 **** Auto Build of configuration Debug for project lettur_gpio_SW ****
make all 
Building file: ../src/interrupts.c
Invoking: ARM v8 gcc compiler
aarch64-none-elf-gcc -Wall -O0 -g3 -c -fmessage-length=0 -MT"src/interrupts.o" -I../../LeTTURA_GPIO_bsp_0/psu_cortexa53_0/include -MMD -MP -MF"src/interrupts.d" -MT"src/interrupts.o" -o "src/interrupts.o" "../src/interrupts.c"
../src/interrupts.c: In function 'disable_interrupts':
../src/interrupts.c:37:39: error: 'XPAR_FABRIC_RESET_SW_INTR' undeclared (first use in this function); did you mean 'XPAR_XIICPS_0_INTR'?
  XScuGic_Disable(InterruptController, XPAR_FABRIC_RESET_SW_INTR);
                                       ^~~~~~~~~~~~~~~~~~~~~~~~~
                                       XPAR_XIICPS_0_INTR
../src/interrupts.c:37:39: note: each undeclared identifier is reported only once for each function it appears in
../src/interrupts.c: In function 'configure_interrupts':
../src/interrupts.c:57:47: warning: passing argument 2 of 'configure_i2c_interrupt' from incompatible pointer type [-Wincompatible-pointer-types]
  configure_i2c_interrupt(InterruptController, &Iic);
                                               ^
In file included from ../src/interrupts.h:14:0,
                 from ../src/interrupts.c:9:
../src/i2c_interrupt.h:15:5: note: expected 'XScuGic * {aka struct <anonymous> *}' but argument is of type 'XIicPs * {aka struct <anonymous> *}'
 int configure_i2c_interrupt(XScuGic* gicInst, XScuGic* IicPsPtr);
     ^~~~~~~~~~~~~~~~~~~~~~~
../src/interrupts.c: In function 'configure_SW_reset_interrupt':
../src/interrupts.c:65:31: error: 'XPAR_FABRIC_RESET_SW_INTR' undeclared (first use in this function); did you mean 'XPAR_XIICPS_0_INTR'?
  if (XScuGic_Connect(gicInst, XPAR_FABRIC_RESET_SW_INTR, SW_reset_handler, NULL) != XST_SUCCESS)
                               ^~~~~~~~~~~~~~~~~~~~~~~~~
                               XPAR_XIICPS_0_INTR
In file included from ../src/platform.h:21:0,
                 from ../src/interrupts.h:15,
                 from ../src/interrupts.c:9:
At top level:
../src/mux_sd_ov.h:6:19: warning: 'mux' defined but not used [-Wunused-variable]
 static XMux_sd_ov mux;
                   ^~~
make: *** [src/interrupts.o] Errore 1
src/subdir.mk:72: set di istruzioni per l'obiettivo "src/interrupts.o" non riuscito
16:08:56 **** Auto Build of configuration Debug for project lettur_gpio_SW ****
make all 
Building file: ../src/interrupts.c
Invoking: ARM v8 gcc compiler
aarch64-none-elf-gcc -Wall -O0 -g3 -c -fmessage-length=0 -MT"src/interrupts.o" -I../../LeTTURA_GPIO_bsp_0/psu_cortexa53_0/include -MMD -MP -MF"src/interrupts.d" -MT"src/interrupts.o" -o "src/interrupts.o" "../src/interrupts.c"
../src/interrupts.c: In function 'configure_interrupts':
../src/interrupts.c:57:47: warning: passing argument 2 of 'configure_i2c_interrupt' from incompatible pointer type [-Wincompatible-pointer-types]
  configure_i2c_interrupt(InterruptController, &Iic);
                                               ^
In file included from ../src/interrupts.h:14:0,
                 from ../src/interrupts.c:9:
../src/i2c_interrupt.h:15:5: note: expected 'XScuGic * {aka struct <anonymous> *}' but argument is of type 'XIicPs * {aka struct <anonymous> *}'
 int configure_i2c_interrupt(XScuGic* gicInst, XScuGic* IicPsPtr);
     ^~~~~~~~~~~~~~~~~~~~~~~
../src/interrupts.c: In function 'configure_SW_reset_interrupt':
../src/interrupts.c:65:31: error: 'XPAR_FABRIC_RESET_SW_INTR' undeclared (first use in this function); did you mean 'XPAR_XIICPS_0_INTR'?
  if (XScuGic_Connect(gicInst, XPAR_FABRIC_RESET_SW_INTR, SW_reset_handler, NULL) != XST_SUCCESS)
                               ^~~~~~~~~~~~~~~~~~~~~~~~~
                               XPAR_XIICPS_0_INTR
../src/interrupts.c:65:31: note: each undeclared identifier is reported only once for each function it appears in
In file included from ../src/platform.h:21:0,
                 from ../src/interrupts.h:15,
                 from ../src/interrupts.c:9:
At top level:
../src/mux_sd_ov.h:6:19: warning: 'mux' defined but not used [-Wunused-variable]
 static XMux_sd_ov mux;
                   ^~~
make: *** [src/interrupts.o] Errore 1
src/subdir.mk:72: set di istruzioni per l'obiettivo "src/interrupts.o" non riuscito
16:09:15 **** Auto Build of configuration Debug for project lettur_gpio_SW ****
make all 
Building file: ../src/interrupts.c
Invoking: ARM v8 gcc compiler
aarch64-none-elf-gcc -Wall -O0 -g3 -c -fmessage-length=0 -MT"src/interrupts.o" -I../../LeTTURA_GPIO_bsp_0/psu_cortexa53_0/include -MMD -MP -MF"src/interrupts.d" -MT"src/interrupts.o" -o "src/interrupts.o" "../src/interrupts.c"
../src/interrupts.c: In function 'configure_interrupts':
../src/interrupts.c:57:47: warning: passing argument 2 of 'configure_i2c_interrupt' from incompatible pointer type [-Wincompatible-pointer-types]
  configure_i2c_interrupt(InterruptController, &Iic);
                                               ^
In file included from ../src/interrupts.h:14:0,
                 from ../src/interrupts.c:9:
../src/i2c_interrupt.h:15:5: note: expected 'XScuGic * {aka struct <anonymous> *}' but argument is of type 'XIicPs * {aka struct <anonymous> *}'
 int configure_i2c_interrupt(XScuGic* gicInst, XScuGic* IicPsPtr);
     ^~~~~~~~~~~~~~~~~~~~~~~
In file included from ../src/platform.h:21:0,
                 from ../src/interrupts.h:15,
                 from ../src/interrupts.c:9:
At top level:
../src/mux_sd_ov.h:6:19: warning: 'mux' defined but not used [-Wunused-variable]
 static XMux_sd_ov mux;
                   ^~~
Finished building: ../src/interrupts.c
 
Building file: ../src/main.c
Invoking: ARM v8 gcc compiler
aarch64-none-elf-gcc -Wall -O0 -g3 -c -fmessage-length=0 -MT"src/main.o" -I../../LeTTURA_GPIO_bsp_0/psu_cortexa53_0/include -MMD -MP -MF"src/main.d" -MT"src/main.o" -o "src/main.o" "../src/main.c"
Finished building: ../src/main.c
 
Building file: ../src/mux_sd_ov.c
Invoking: ARM v8 gcc compiler
aarch64-none-elf-gcc -Wall -O0 -g3 -c -fmessage-length=0 -MT"src/mux_sd_ov.o" -I../../LeTTURA_GPIO_bsp_0/psu_cortexa53_0/include -MMD -MP -MF"src/mux_sd_ov.d" -MT"src/mux_sd_ov.o" -o "src/mux_sd_ov.o" "../src/mux_sd_ov.c"
Finished building: ../src/mux_sd_ov.c
 
Building file: ../src/ov7670_config_i2c.c
Invoking: ARM v8 gcc compiler
aarch64-none-elf-gcc -Wall -O0 -g3 -c -fmessage-length=0 -MT"src/ov7670_config_i2c.o" -I../../LeTTURA_GPIO_bsp_0/psu_cortexa53_0/include -MMD -MP -MF"src/ov7670_config_i2c.d" -MT"src/ov7670_config_i2c.o" -o "src/ov7670_config_i2c.o" "../src/ov7670_config_i2c.c"
Finished building: ../src/ov7670_config_i2c.c
 
Building file: ../src/platform.c
Invoking: ARM v8 gcc compiler
aarch64-none-elf-gcc -Wall -O0 -g3 -c -fmessage-length=0 -MT"src/platform.o" -I../../LeTTURA_GPIO_bsp_0/psu_cortexa53_0/include -MMD -MP -MF"src/platform.d" -MT"src/platform.o" -o "src/platform.o" "../src/platform.c"
In file included from ../src/platform.h:21:0,
                 from ../src/platform.c:9:
../src/mux_sd_ov.h:6:19: warning: 'mux' defined but not used [-Wunused-variable]
 static XMux_sd_ov mux;
                   ^~~
Finished building: ../src/platform.c
 
Building file: ../src/read_sd_card.c
Invoking: ARM v8 gcc compiler
aarch64-none-elf-gcc -Wall -O0 -g3 -c -fmessage-length=0 -MT"src/read_sd_card.o" -I../../LeTTURA_GPIO_bsp_0/psu_cortexa53_0/include -MMD -MP -MF"src/read_sd_card.d" -MT"src/read_sd_card.o" -o "src/read_sd_card.o" "../src/read_sd_card.c"
Finished building: ../src/read_sd_card.c
 
Building file: ../src/test.c
Invoking: ARM v8 gcc compiler
aarch64-none-elf-gcc -Wall -O0 -g3 -c -fmessage-length=0 -MT"src/test.o" -I../../LeTTURA_GPIO_bsp_0/psu_cortexa53_0/include -MMD -MP -MF"src/test.d" -MT"src/test.o" -o "src/test.o" "../src/test.c"
In file included from ../src/platform.h:21:0,
                 from ../src/interrupts.h:15,
                 from ../src/application.h:18,
                 from ../src/test.h:13,
                 from ../src/test.c:8:
../src/mux_sd_ov.h:6:19: warning: 'mux' defined but not used [-Wunused-variable]
 static XMux_sd_ov mux;
                   ^~~
Finished building: ../src/test.c
 
Building file: ../src/test_SD_main.c
Invoking: ARM v8 gcc compiler
aarch64-none-elf-gcc -Wall -O0 -g3 -c -fmessage-length=0 -MT"src/test_SD_main.o" -I../../LeTTURA_GPIO_bsp_0/psu_cortexa53_0/include -MMD -MP -MF"src/test_SD_main.d" -MT"src/test_SD_main.o" -o "src/test_SD_main.o" "../src/test_SD_main.c"
In file included from ../src/platform.h:21:0,
                 from ../src/interrupts.h:15,
                 from ../src/application.h:18,
                 from ../src/main.h:13,
                 from ../src/test_SD_main.c:2:
../src/mux_sd_ov.h:6:19: warning: 'mux' defined but not used [-Wunused-variable]
 static XMux_sd_ov mux;
                   ^~~
Finished building: ../src/test_SD_main.c
 
Building file: ../src/zynq_gic.c
Invoking: ARM v8 gcc compiler
aarch64-none-elf-gcc -Wall -O0 -g3 -c -fmessage-length=0 -MT"src/zynq_gic.o" -I../../LeTTURA_GPIO_bsp_0/psu_cortexa53_0/include -MMD -MP -MF"src/zynq_gic.d" -MT"src/zynq_gic.o" -o "src/zynq_gic.o" "../src/zynq_gic.c"
Finished building: ../src/zynq_gic.c
 
Building file: ../src/zynq_i2c.c
Invoking: ARM v8 gcc compiler
aarch64-none-elf-gcc -Wall -O0 -g3 -c -fmessage-length=0 -MT"src/zynq_i2c.o" -I../../LeTTURA_GPIO_bsp_0/psu_cortexa53_0/include -MMD -MP -MF"src/zynq_i2c.d" -MT"src/zynq_i2c.o" -o "src/zynq_i2c.o" "../src/zynq_i2c.c"
Finished building: ../src/zynq_i2c.c
 
Building target: lettur_gpio_SW.elf
Invoking: ARM v8 gcc linker
aarch64-none-elf-gcc -Wl,-T -Wl,../src/lscript.ld -L../../LeTTURA_GPIO_bsp_0/psu_cortexa53_0/lib -o "lettur_gpio_SW.elf"  ./src/application.o ./src/axi_gpio_frame_intr.o ./src/axi_gpio_pl_reset.o ./src/axis_to_ddr_writer.o ./src/ddr_to_axis_reader.o ./src/ddr_to_axis_reader_SD.o ./src/frame_buffer_interrupt.o ./src/i2c_interrupt.o ./src/interrupts.o ./src/main.o ./src/mux_sd_ov.o ./src/ov7670_config_i2c.o ./src/platform.o ./src/read_sd_card.o ./src/test.o ./src/test_SD_main.o ./src/zynq_gic.o ./src/zynq_i2c.o   -Wl,--start-group,-lxil,-lgcc,-lc,--end-group -Wl,--start-group,-lxilffs,-lxil,-lgcc,-lc,--end-group
./src/interrupts.o: nella funzione "configure_interrupts":
/media/kidre/Dati/GIT_TEST/bare-metalProva/myproj/project_1.sdk/lettur_gpio_SW/Debug/../src/interrupts.c:55: riferimento non definito a "configure_SW_reset_interrupt"
makefile:36: set di istruzioni per l'obiettivo "lettur_gpio_SW.elf" non riuscito
collect2: error: ld returned 1 exit status
make: *** [lettur_gpio_SW.elf] Errore 1
16:09:26 **** Auto Build of configuration Debug for project lettur_gpio_SW ****
make all 
Building file: ../src/interrupts.c
Invoking: ARM v8 gcc compiler
aarch64-none-elf-gcc -Wall -O0 -g3 -c -fmessage-length=0 -MT"src/interrupts.o" -I../../LeTTURA_GPIO_bsp_0/psu_cortexa53_0/include -MMD -MP -MF"src/interrupts.d" -MT"src/interrupts.o" -o "src/interrupts.o" "../src/interrupts.c"
../src/interrupts.c: In function 'configure_interrupts':
../src/interrupts.c:57:47: warning: passing argument 2 of 'configure_i2c_interrupt' from incompatible pointer type [-Wincompatible-pointer-types]
  configure_i2c_interrupt(InterruptController, &Iic);
                                               ^
In file included from ../src/interrupts.h:14:0,
                 from ../src/interrupts.c:9:
../src/i2c_interrupt.h:15:5: note: expected 'XScuGic * {aka struct <anonymous> *}' but argument is of type 'XIicPs * {aka struct <anonymous> *}'
 int configure_i2c_interrupt(XScuGic* gicInst, XScuGic* IicPsPtr);
     ^~~~~~~~~~~~~~~~~~~~~~~
In file included from ../src/platform.h:21:0,
                 from ../src/interrupts.h:15,
                 from ../src/interrupts.c:9:
At top level:
../src/mux_sd_ov.h:6:19: warning: 'mux' defined but not used [-Wunused-variable]
 static XMux_sd_ov mux;
                   ^~~
Finished building: ../src/interrupts.c
 
Building target: lettur_gpio_SW.elf
Invoking: ARM v8 gcc linker
aarch64-none-elf-gcc -Wl,-T -Wl,../src/lscript.ld -L../../LeTTURA_GPIO_bsp_0/psu_cortexa53_0/lib -o "lettur_gpio_SW.elf"  ./src/application.o ./src/axi_gpio_frame_intr.o ./src/axi_gpio_pl_reset.o ./src/axis_to_ddr_writer.o ./src/ddr_to_axis_reader.o ./src/ddr_to_axis_reader_SD.o ./src/frame_buffer_interrupt.o ./src/i2c_interrupt.o ./src/interrupts.o ./src/main.o ./src/mux_sd_ov.o ./src/ov7670_config_i2c.o ./src/platform.o ./src/read_sd_card.o ./src/test.o ./src/test_SD_main.o ./src/zynq_gic.o ./src/zynq_i2c.o   -Wl,--start-group,-lxil,-lgcc,-lc,--end-group -Wl,--start-group,-lxilffs,-lxil,-lgcc,-lc,--end-group
Finished building target: lettur_gpio_SW.elf
 
Invoking: ARM v8 Print Size
aarch64-none-elf-size lettur_gpio_SW.elf  |tee "lettur_gpio_SW.elf.size"
   text	   data	    bss	    dec	    hex	filename
 152932	   8064	 331080	 492076	  7822c	lettur_gpio_SW.elf
Finished building: lettur_gpio_SW.elf.size
 
16:11:31 **** Auto Build of configuration Debug for project lettur_gpio_SW ****
make all 
Building file: ../src/axi_gpio_frame_intr.c
Invoking: ARM v8 gcc compiler
aarch64-none-elf-gcc -Wall -O0 -g3 -c -fmessage-length=0 -MT"src/axi_gpio_frame_intr.o" -I../../LeTTURA_GPIO_bsp_0/psu_cortexa53_0/include -MMD -MP -MF"src/axi_gpio_frame_intr.d" -MT"src/axi_gpio_frame_intr.o" -o "src/axi_gpio_frame_intr.o" "../src/axi_gpio_frame_intr.c"
../src/axi_gpio_frame_intr.c: In function 'DiscreteRead':
../src/axi_gpio_frame_intr.c:23:1: warning: control reaches end of non-void function [-Wreturn-type]
 }
 ^
Finished building: ../src/axi_gpio_frame_intr.c
 
Building target: lettur_gpio_SW.elf
Invoking: ARM v8 gcc linker
aarch64-none-elf-gcc -Wl,-T -Wl,../src/lscript.ld -L../../LeTTURA_GPIO_bsp_0/psu_cortexa53_0/lib -o "lettur_gpio_SW.elf"  ./src/application.o ./src/axi_gpio_frame_intr.o ./src/axi_gpio_pl_reset.o ./src/axis_to_ddr_writer.o ./src/ddr_to_axis_reader.o ./src/ddr_to_axis_reader_SD.o ./src/frame_buffer_interrupt.o ./src/i2c_interrupt.o ./src/interrupts.o ./src/main.o ./src/mux_sd_ov.o ./src/ov7670_config_i2c.o ./src/platform.o ./src/read_sd_card.o ./src/test.o ./src/test_SD_main.o ./src/zynq_gic.o ./src/zynq_i2c.o   -Wl,--start-group,-lxil,-lgcc,-lc,--end-group -Wl,--start-group,-lxilffs,-lxil,-lgcc,-lc,--end-group
Finished building target: lettur_gpio_SW.elf
 
Invoking: ARM v8 Print Size
aarch64-none-elf-size lettur_gpio_SW.elf  |tee "lettur_gpio_SW.elf.size"
   text	   data	    bss	    dec	    hex	filename
 152932	   8064	 331080	 492076	  7822c	lettur_gpio_SW.elf
Finished building: lettur_gpio_SW.elf.size
 
16:11:36 **** Auto Build of configuration Debug for project lettur_gpio_SW ****
make all 
Building file: ../src/axi_gpio_frame_intr.c
Invoking: ARM v8 gcc compiler
aarch64-none-elf-gcc -Wall -O0 -g3 -c -fmessage-length=0 -MT"src/axi_gpio_frame_intr.o" -I../../LeTTURA_GPIO_bsp_0/psu_cortexa53_0/include -MMD -MP -MF"src/axi_gpio_frame_intr.d" -MT"src/axi_gpio_frame_intr.o" -o "src/axi_gpio_frame_intr.o" "../src/axi_gpio_frame_intr.c"
../src/axi_gpio_frame_intr.c: In function 'DiscreteRead':
../src/axi_gpio_frame_intr.c:22:16: error: expected expression before 'u32'
         return u32 XGpio_DiscreteRead(XGpio *InstancePtr, unsigned Channel);
                ^~~
../src/axi_gpio_frame_intr.c:23:1: warning: control reaches end of non-void function [-Wreturn-type]
 }
 ^
make: *** [src/axi_gpio_frame_intr.o] Errore 1
src/subdir.mk:72: set di istruzioni per l'obiettivo "src/axi_gpio_frame_intr.o" non riuscito
16:11:44 **** Auto Build of configuration Debug for project lettur_gpio_SW ****
make all 
Building file: ../src/axi_gpio_frame_intr.c
Invoking: ARM v8 gcc compiler
aarch64-none-elf-gcc -Wall -O0 -g3 -c -fmessage-length=0 -MT"src/axi_gpio_frame_intr.o" -I../../LeTTURA_GPIO_bsp_0/psu_cortexa53_0/include -MMD -MP -MF"src/axi_gpio_frame_intr.d" -MT"src/axi_gpio_frame_intr.o" -o "src/axi_gpio_frame_intr.o" "../src/axi_gpio_frame_intr.c"
../src/axi_gpio_frame_intr.c: In function 'DiscreteRead':
../src/axi_gpio_frame_intr.c:22:35: error: expected expression before 'XGpio'
         return XGpio_DiscreteRead(XGpio *InstancePtr, unsigned Channel);
                                   ^~~~~
../src/axi_gpio_frame_intr.c:22:16: error: too few arguments to function 'XGpio_DiscreteRead'
         return XGpio_DiscreteRead(XGpio *InstancePtr, unsigned Channel);
                ^~~~~~~~~~~~~~~~~~
In file included from ../src/platform_config.h:22:0,
                 from ../src/axi_gpio_frame_intr.h:12,
                 from ../src/axi_gpio_frame_intr.c:9:
../../LeTTURA_GPIO_bsp_0/psu_cortexa53_0/include/xgpio.h:183:5: note: declared here
 u32 XGpio_DiscreteRead(XGpio *InstancePtr, unsigned Channel);
     ^~~~~~~~~~~~~~~~~~
src/subdir.mk:72: set di istruzioni per l'obiettivo "src/axi_gpio_frame_intr.o" non riuscito
../src/axi_gpio_frame_intr.c:23:1: warning: control reaches end of non-void function [-Wreturn-type]
 }
 ^
make: *** [src/axi_gpio_frame_intr.o] Errore 1
16:11:50 **** Auto Build of configuration Debug for project lettur_gpio_SW ****
make all 
Building file: ../src/axi_gpio_frame_intr.c
Invoking: ARM v8 gcc compiler
aarch64-none-elf-gcc -Wall -O0 -g3 -c -fmessage-length=0 -MT"src/axi_gpio_frame_intr.o" -I../../LeTTURA_GPIO_bsp_0/psu_cortexa53_0/include -MMD -MP -MF"src/axi_gpio_frame_intr.d" -MT"src/axi_gpio_frame_intr.o" -o "src/axi_gpio_frame_intr.o" "../src/axi_gpio_frame_intr.c"
../src/axi_gpio_frame_intr.c: In function 'DiscreteRead':
../src/axi_gpio_frame_intr.c:22:35: error: expected expression before 'XGpio'
         return XGpio_DiscreteRead(XGpio *InstancePtr, 0);
                                   ^~~~~
../src/axi_gpio_frame_intr.c:22:16: error: too few arguments to function 'XGpio_DiscreteRead'
         return XGpio_DiscreteRead(XGpio *InstancePtr, 0);
                ^~~~~~~~~~~~~~~~~~
In file included from ../src/platform_config.h:22:0,
                 from ../src/axi_gpio_frame_intr.h:12,
                 from ../src/axi_gpio_frame_intr.c:9:
../../LeTTURA_GPIO_bsp_0/psu_cortexa53_0/include/xgpio.h:183:5: note: declared here
 u32 XGpio_DiscreteRead(XGpio *InstancePtr, unsigned Channel);
     ^~~~~~~~~~~~~~~~~~
src/subdir.mk:72: set di istruzioni per l'obiettivo "src/axi_gpio_frame_intr.o" non riuscito
../src/axi_gpio_frame_intr.c:23:1: warning: control reaches end of non-void function [-Wreturn-type]
 }
 ^
make: *** [src/axi_gpio_frame_intr.o] Errore 1
16:11:58 **** Auto Build of configuration Debug for project lettur_gpio_SW ****
make all 
Building file: ../src/axi_gpio_frame_intr.c
Invoking: ARM v8 gcc compiler
aarch64-none-elf-gcc -Wall -O0 -g3 -c -fmessage-length=0 -MT"src/axi_gpio_frame_intr.o" -I../../LeTTURA_GPIO_bsp_0/psu_cortexa53_0/include -MMD -MP -MF"src/axi_gpio_frame_intr.d" -MT"src/axi_gpio_frame_intr.o" -o "src/axi_gpio_frame_intr.o" "../src/axi_gpio_frame_intr.c"
Finished building: ../src/axi_gpio_frame_intr.c
 
Building target: lettur_gpio_SW.elf
Invoking: ARM v8 gcc linker
aarch64-none-elf-gcc -Wl,-T -Wl,../src/lscript.ld -L../../LeTTURA_GPIO_bsp_0/psu_cortexa53_0/lib -o "lettur_gpio_SW.elf"  ./src/application.o ./src/axi_gpio_frame_intr.o ./src/axi_gpio_pl_reset.o ./src/axis_to_ddr_writer.o ./src/ddr_to_axis_reader.o ./src/ddr_to_axis_reader_SD.o ./src/frame_buffer_interrupt.o ./src/i2c_interrupt.o ./src/interrupts.o ./src/main.o ./src/mux_sd_ov.o ./src/ov7670_config_i2c.o ./src/platform.o ./src/read_sd_card.o ./src/test.o ./src/test_SD_main.o ./src/zynq_gic.o ./src/zynq_i2c.o   -Wl,--start-group,-lxil,-lgcc,-lc,--end-group -Wl,--start-group,-lxilffs,-lxil,-lgcc,-lc,--end-group
Finished building target: lettur_gpio_SW.elf
 
Invoking: ARM v8 Print Size
aarch64-none-elf-size lettur_gpio_SW.elf  |tee "lettur_gpio_SW.elf.size"
   text	   data	    bss	    dec	    hex	filename
 152996	   8064	 331080	 492140	  7826c	lettur_gpio_SW.elf
Finished building: lettur_gpio_SW.elf.size
 
16:12:13 **** Auto Build of configuration Debug for project lettur_gpio_SW ****
make all 
Building file: ../src/application.c
Invoking: ARM v8 gcc compiler
aarch64-none-elf-gcc -Wall -O0 -g3 -c -fmessage-length=0 -MT"src/application.o" -I../../LeTTURA_GPIO_bsp_0/psu_cortexa53_0/include -MMD -MP -MF"src/application.d" -MT"src/application.o" -o "src/application.o" "../src/application.c"
../src/application.c: In function 'DiscreteRead':
../src/application.c:11:5: error: static declaration of 'start_application' follows non-static declaration
 int start_application()
     ^~~~~~~~~~~~~~~~~
In file included from ../src/application.c:9:0:
../src/application.h:26:5: note: previous declaration of 'start_application' was here
 int start_application();
     ^~~~~~~~~~~~~~~~~
../src/application.c:134:5: error: static declaration of 'start_application_SD_funcs' follows non-static declaration
 int start_application_SD_funcs()
     ^~~~~~~~~~~~~~~~~~~~~~~~~~
In file included from ../src/application.c:9:0:
../src/application.h:27:5: note: previous declaration of 'start_application_SD_funcs' was here
 int start_application_SD_funcs();
     ^~~~~~~~~~~~~~~~~~~~~~~~~~
../src/application.c:145:1: error: expected declaration or statement at end of input
src/subdir.mk:72: set di istruzioni per l'obiettivo "src/application.o" non riuscito
 }
 ^
In file included from ../src/platform.h:21:0,
                 from ../src/interrupts.h:15,
                 from ../src/application.h:18,
                 from ../src/application.c:9:
../src/mux_sd_ov.h:6:19: warning: unused variable 'mux' [-Wunused-variable]
 static XMux_sd_ov mux;
                   ^~~
In file included from ../src/i2c_interrupt.h:13:0,
                 from ../src/interrupts.h:14,
                 from ../src/application.h:18,
                 from ../src/application.c:9:
../src/zynq_i2c.h:28:14: warning: unused variable 'I2C_error' [-Wunused-variable]
 volatile u32 I2C_error;
              ^~~~~~~~~
../src/zynq_i2c.h:27:14: warning: unused variable 'TotalErrorCount' [-Wunused-variable]
 volatile u32 TotalErrorCount;
              ^~~~~~~~~~~~~~~
../src/zynq_i2c.h:26:14: warning: unused variable 'ReceiveComplete' [-Wunused-variable]
 volatile u32 ReceiveComplete;
              ^~~~~~~~~~~~~~~
../src/zynq_i2c.h:25:14: warning: unused variable 'SendComplete' [-Wunused-variable]
 volatile u32 SendComplete;
              ^~~~~~~~~~~~
../src/zynq_i2c.h:23:15: warning: unused variable 'Config' [-Wunused-variable]
 XIicPs_Config Config;
               ^~~~~~
../src/zynq_i2c.h:22:8: warning: unused variable 'Iic' [-Wunused-variable]
 XIicPs Iic;
        ^~~
In file included from ../src/application.h:17:0,
                 from ../src/application.c:9:
../src/axi_gpio_pl_reset.h:16:15: warning: unused variable 'gpio_config' [-Wunused-variable]
 XGpio_Config *gpio_config;
               ^~~~~~~~~~~
../src/axi_gpio_pl_reset.h:15:7: warning: unused variable 'resetGPIO' [-Wunused-variable]
 XGpio resetGPIO;
       ^~~~~~~~~
../src/application.c:145:1: warning: control reaches end of non-void function [-Wreturn-type]
 }
 ^
In file included from ../src/platform.h:21:0,
                 from ../src/interrupts.h:15,
                 from ../src/application.h:18,
                 from ../src/application.c:9:
At top level:
../src/mux_sd_ov.h:6:19: warning: 'mux' defined but not used [-Wunused-variable]
 static XMux_sd_ov mux;
                   ^~~
../src/application.c:134:5: warning: 'start_application_SD_funcs' defined but not used [-Wunused-function]
 int start_application_SD_funcs()
     ^~~~~~~~~~~~~~~~~~~~~~~~~~
../src/application.c:11:5: warning: 'start_application' defined but not used [-Wunused-function]
 int start_application()
     ^~~~~~~~~~~~~~~~~
make: *** [src/application.o] Errore 1
16:12:15 **** Auto Build of configuration Debug for project lettur_gpio_SW ****
make all 
Building file: ../src/application.c
Invoking: ARM v8 gcc compiler
aarch64-none-elf-gcc -Wall -O0 -g3 -c -fmessage-length=0 -MT"src/application.o" -I../../LeTTURA_GPIO_bsp_0/psu_cortexa53_0/include -MMD -MP -MF"src/application.d" -MT"src/application.o" -o "src/application.o" "../src/application.c"
In file included from ../src/platform.h:21:0,
                 from ../src/interrupts.h:15,
                 from ../src/application.h:18,
                 from ../src/application.c:9:
../src/mux_sd_ov.h:6:19: warning: 'mux' defined but not used [-Wunused-variable]
 static XMux_sd_ov mux;
                   ^~~
Finished building: ../src/application.c
 
Building file: ../src/axi_gpio_frame_intr.c
Invoking: ARM v8 gcc compiler
aarch64-none-elf-gcc -Wall -O0 -g3 -c -fmessage-length=0 -MT"src/axi_gpio_frame_intr.o" -I../../LeTTURA_GPIO_bsp_0/psu_cortexa53_0/include -MMD -MP -MF"src/axi_gpio_frame_intr.d" -MT"src/axi_gpio_frame_intr.o" -o "src/axi_gpio_frame_intr.o" "../src/axi_gpio_frame_intr.c"
Finished building: ../src/axi_gpio_frame_intr.c
 
Building file: ../src/interrupts.c
Invoking: ARM v8 gcc compiler
aarch64-none-elf-gcc -Wall -O0 -g3 -c -fmessage-length=0 -MT"src/interrupts.o" -I../../LeTTURA_GPIO_bsp_0/psu_cortexa53_0/include -MMD -MP -MF"src/interrupts.d" -MT"src/interrupts.o" -o "src/interrupts.o" "../src/interrupts.c"
../src/interrupts.c: In function 'configure_interrupts':
../src/interrupts.c:57:47: warning: passing argument 2 of 'configure_i2c_interrupt' from incompatible pointer type [-Wincompatible-pointer-types]
  configure_i2c_interrupt(InterruptController, &Iic);
                                               ^
In file included from ../src/interrupts.h:14:0,
                 from ../src/interrupts.c:9:
../src/i2c_interrupt.h:15:5: note: expected 'XScuGic * {aka struct <anonymous> *}' but argument is of type 'XIicPs * {aka struct <anonymous> *}'
 int configure_i2c_interrupt(XScuGic* gicInst, XScuGic* IicPsPtr);
     ^~~~~~~~~~~~~~~~~~~~~~~
In file included from ../src/platform.h:21:0,
                 from ../src/interrupts.h:15,
                 from ../src/interrupts.c:9:
At top level:
../src/mux_sd_ov.h:6:19: warning: 'mux' defined but not used [-Wunused-variable]
 static XMux_sd_ov mux;
                   ^~~
Finished building: ../src/interrupts.c
 
Building file: ../src/platform.c
Invoking: ARM v8 gcc compiler
aarch64-none-elf-gcc -Wall -O0 -g3 -c -fmessage-length=0 -MT"src/platform.o" -I../../LeTTURA_GPIO_bsp_0/psu_cortexa53_0/include -MMD -MP -MF"src/platform.d" -MT"src/platform.o" -o "src/platform.o" "../src/platform.c"
In file included from ../src/platform.h:21:0,
                 from ../src/platform.c:9:
../src/mux_sd_ov.h:6:19: warning: 'mux' defined but not used [-Wunused-variable]
 static XMux_sd_ov mux;
                   ^~~
Finished building: ../src/platform.c
 
Building file: ../src/test.c
Invoking: ARM v8 gcc compiler
aarch64-none-elf-gcc -Wall -O0 -g3 -c -fmessage-length=0 -MT"src/test.o" -I../../LeTTURA_GPIO_bsp_0/psu_cortexa53_0/include -MMD -MP -MF"src/test.d" -MT"src/test.o" -o "src/test.o" "../src/test.c"
In file included from ../src/platform.h:21:0,
                 from ../src/interrupts.h:15,
                 from ../src/application.h:18,
                 from ../src/test.h:13,
                 from ../src/test.c:8:
../src/mux_sd_ov.h:6:19: warning: 'mux' defined but not used [-Wunused-variable]
 static XMux_sd_ov mux;
                   ^~~
Finished building: ../src/test.c
 
Building file: ../src/test_SD_main.c
Invoking: ARM v8 gcc compiler
aarch64-none-elf-gcc -Wall -O0 -g3 -c -fmessage-length=0 -MT"src/test_SD_main.o" -I../../LeTTURA_GPIO_bsp_0/psu_cortexa53_0/include -MMD -MP -MF"src/test_SD_main.d" -MT"src/test_SD_main.o" -o "src/test_SD_main.o" "../src/test_SD_main.c"
In file included from ../src/platform.h:21:0,
                 from ../src/interrupts.h:15,
                 from ../src/application.h:18,
                 from ../src/main.h:13,
                 from ../src/test_SD_main.c:2:
../src/mux_sd_ov.h:6:19: warning: 'mux' defined but not used [-Wunused-variable]
 static XMux_sd_ov mux;
                   ^~~
Finished building: ../src/test_SD_main.c
 
Building target: lettur_gpio_SW.elf
Invoking: ARM v8 gcc linker
aarch64-none-elf-gcc -Wl,-T -Wl,../src/lscript.ld -L../../LeTTURA_GPIO_bsp_0/psu_cortexa53_0/lib -o "lettur_gpio_SW.elf"  ./src/application.o ./src/axi_gpio_frame_intr.o ./src/axi_gpio_pl_reset.o ./src/axis_to_ddr_writer.o ./src/ddr_to_axis_reader.o ./src/ddr_to_axis_reader_SD.o ./src/frame_buffer_interrupt.o ./src/i2c_interrupt.o ./src/interrupts.o ./src/main.o ./src/mux_sd_ov.o ./src/ov7670_config_i2c.o ./src/platform.o ./src/read_sd_card.o ./src/test.o ./src/test_SD_main.o ./src/zynq_gic.o ./src/zynq_i2c.o   -Wl,--start-group,-lxil,-lgcc,-lc,--end-group -Wl,--start-group,-lxilffs,-lxil,-lgcc,-lc,--end-group
Finished building target: lettur_gpio_SW.elf
 
Invoking: ARM v8 Print Size
aarch64-none-elf-size lettur_gpio_SW.elf  |tee "lettur_gpio_SW.elf.size"
   text	   data	    bss	    dec	    hex	filename
 152996	   8064	 331080	 492140	  7826c	lettur_gpio_SW.elf
Finished building: lettur_gpio_SW.elf.size
 
16:13:01 **** Auto Build of configuration Debug for project lettur_gpio_SW ****
make all 
Building file: ../src/application.c
Invoking: ARM v8 gcc compiler
aarch64-none-elf-gcc -Wall -O0 -g3 -c -fmessage-length=0 -MT"src/application.o" -I../../LeTTURA_GPIO_bsp_0/psu_cortexa53_0/include -MMD -MP -MF"src/application.d" -MT"src/application.o" -o "src/application.o" "../src/application.c"
../src/application.c: In function 'start_application':
../src/application.c:130:2: warning: implicit declaration of function 'setFrameIndex' [-Wimplicit-function-declaration]
  setFrameIndex();
  ^~~~~~~~~~~~~
../src/application.c:134:36: warning: implicit declaration of function 'getFrameIndex' [-Wimplicit-function-declaration]
          printf("DATO:  %x \n\r  ",getFrameIndex());
                                    ^~~~~~~~~~~~~
In file included from ../src/platform.h:21:0,
                 from ../src/interrupts.h:15,
                 from ../src/application.h:18,
                 from ../src/application.c:9:
At top level:
../src/mux_sd_ov.h:6:19: warning: 'mux' defined but not used [-Wunused-variable]
 static XMux_sd_ov mux;
                   ^~~
Finished building: ../src/application.c
 
Building target: lettur_gpio_SW.elf
Invoking: ARM v8 gcc linker
aarch64-none-elf-gcc -Wl,-T -Wl,../src/lscript.ld -L../../LeTTURA_GPIO_bsp_0/psu_cortexa53_0/lib -o "lettur_gpio_SW.elf"  ./src/application.o ./src/axi_gpio_frame_intr.o ./src/axi_gpio_pl_reset.o ./src/axis_to_ddr_writer.o ./src/ddr_to_axis_reader.o ./src/ddr_to_axis_reader_SD.o ./src/frame_buffer_interrupt.o ./src/i2c_interrupt.o ./src/interrupts.o ./src/main.o ./src/mux_sd_ov.o ./src/ov7670_config_i2c.o ./src/platform.o ./src/read_sd_card.o ./src/test.o ./src/test_SD_main.o ./src/zynq_gic.o ./src/zynq_i2c.o   -Wl,--start-group,-lxil,-lgcc,-lc,--end-group -Wl,--start-group,-lxilffs,-lxil,-lgcc,-lc,--end-group
./src/application.o: nella funzione "start_application":
/media/kidre/Dati/GIT_TEST/bare-metalProva/myproj/project_1.sdk/lettur_gpio_SW/Debug/../src/application.c:130: riferimento non definito a "setFrameIndex"
makefile:36: set di istruzioni per l'obiettivo "lettur_gpio_SW.elf" non riuscito
[...]
Invoking: ARM v8 gcc compiler
aarch64-none-elf-gcc -Wall -O0 -g3 -c -fmessage-length=0 -MT"src/application.o" -I../../prova3_hls_bsp_0/psu_cortexa53_0/include -MMD -MP -MF"src/application.d" -MT"src/application.o" -o "src/application.o" "../src/application.c"
Finished building: ../src/application.c
 
Building target: prova3_hls_SW.elf
Invoking: ARM v8 gcc linker
aarch64-none-elf-gcc -Wl,-T -Wl,../src/lscript.ld -L../../prova3_hls_bsp_0/psu_cortexa53_0/lib -o "prova3_hls_SW.elf"  ./src/application.o ./src/axi_gpio_frame_intr.o ./src/axi_gpio_pl_reset.o ./src/axis_to_ddr_writer.o ./src/ddr_to_axis_reader.o ./src/frame_buffer_interrupt.o ./src/i2c_interrupt.o ./src/interrupts.o ./src/main.o ./src/ov7670_config_i2c.o ./src/platform.o ./src/read_sd_card.o ./src/test.o ./src/test_SD_main.o ./src/zynq_gic.o ./src/zynq_i2c.o   -Wl,--start-group,-lxil,-lgcc,-lc,--end-group -Wl,--start-group,-lxilffs,-lxil,-lgcc,-lc,--end-group
Finished building target: prova3_hls_SW.elf
 
Invoking: ARM v8 Print Size
aarch64-none-elf-size prova3_hls_SW.elf  |tee "prova3_hls_SW.elf.size"
   text	   data	    bss	    dec	    hex	filename
 151620	   8048	 331064	 490732	  77cec	prova3_hls_SW.elf
Finished building: prova3_hls_SW.elf.size
 
17:02:43 **** Incremental Build of configuration Debug for project prova3_hls_SW ****
make all 
make: Nessuna operazione da eseguire per "all".
17:03:04 **** Incremental Build of configuration Debug for project prova3_hls_SW ****
make all 
make: Nessuna operazione da eseguire per "all".
17:03:56 **** Auto Build of configuration Debug for project prova3_hls_SW ****
make all 
Building file: ../src/application.c
Invoking: ARM v8 gcc compiler
aarch64-none-elf-gcc -Wall -O0 -g3 -c -fmessage-length=0 -MT"src/application.o" -I../../prova3_hls_bsp_0/psu_cortexa53_0/include -MMD -MP -MF"src/application.d" -MT"src/application.o" -o "src/application.o" "../src/application.c"
../src/application.c: In function 'start_application':
../src/application.c:126:31: warning: format '%p' expects argument of type 'void *', but argument 2 has type 'u32 {aka unsigned int}' [-Wformat=]
          printf("DATO: con p %p   con x %x\n\r  ",getFrameIndex(),getFrameIndex());
                              ~^                   ~~~~~~~~~~~~~~~
                              %d
Finished building: ../src/application.c
 
Building target: prova3_hls_SW.elf
Invoking: ARM v8 gcc linker
aarch64-none-elf-gcc -Wl,-T -Wl,../src/lscript.ld -L../../prova3_hls_bsp_0/psu_cortexa53_0/lib -o "prova3_hls_SW.elf"  ./src/application.o ./src/axi_gpio_frame_intr.o ./src/axi_gpio_pl_reset.o ./src/axis_to_ddr_writer.o ./src/ddr_to_axis_reader.o ./src/frame_buffer_interrupt.o ./src/i2c_interrupt.o ./src/interrupts.o ./src/main.o ./src/ov7670_config_i2c.o ./src/platform.o ./src/read_sd_card.o ./src/test.o ./src/test_SD_main.o ./src/zynq_gic.o ./src/zynq_i2c.o   -Wl,--start-group,-lxil,-lgcc,-lc,--end-group -Wl,--start-group,-lxilffs,-lxil,-lgcc,-lc,--end-group
Finished building target: prova3_hls_SW.elf
 
Invoking: ARM v8 Print Size
aarch64-none-elf-size prova3_hls_SW.elf  |tee "prova3_hls_SW.elf.size"
   text	   data	    bss	    dec	    hex	filename
 151620	   8048	 331064	 490732	  77cec	prova3_hls_SW.elf
Finished building: prova3_hls_SW.elf.size
 
17:04:05 **** Auto Build of configuration Debug for project prova3_hls_SW ****
make all 
Building file: ../src/application.c
Invoking: ARM v8 gcc compiler
aarch64-none-elf-gcc -Wall -O0 -g3 -c -fmessage-length=0 -MT"src/application.o" -I../../prova3_hls_bsp_0/psu_cortexa53_0/include -MMD -MP -MF"src/application.d" -MT"src/application.o" -o "src/application.o" "../src/application.c"
Finished building: ../src/application.c
 
Building target: prova3_hls_SW.elf
Invoking: ARM v8 gcc linker
aarch64-none-elf-gcc -Wl,-T -Wl,../src/lscript.ld -L../../prova3_hls_bsp_0/psu_cortexa53_0/lib -o "prova3_hls_SW.elf"  ./src/application.o ./src/axi_gpio_frame_intr.o ./src/axi_gpio_pl_reset.o ./src/axis_to_ddr_writer.o ./src/ddr_to_axis_reader.o ./src/frame_buffer_interrupt.o ./src/i2c_interrupt.o ./src/interrupts.o ./src/main.o ./src/ov7670_config_i2c.o ./src/platform.o ./src/read_sd_card.o ./src/test.o ./src/test_SD_main.o ./src/zynq_gic.o ./src/zynq_i2c.o   -Wl,--start-group,-lxil,-lgcc,-lc,--end-group -Wl,--start-group,-lxilffs,-lxil,-lgcc,-lc,--end-group
Finished building target: prova3_hls_SW.elf
 
Invoking: ARM v8 Print Size
aarch64-none-elf-size prova3_hls_SW.elf  |tee "prova3_hls_SW.elf.size"
   text	   data	    bss	    dec	    hex	filename
 151620	   8048	 331064	 490732	  77cec	prova3_hls_SW.elf
Finished building: prova3_hls_SW.elf.size
 
17:04:30 **** Auto Build of configuration Debug for project prova3_hls_SW ****
make all 
Building file: ../src/application.c
Invoking: ARM v8 gcc compiler
aarch64-none-elf-gcc -Wall -O0 -g3 -c -fmessage-length=0 -MT"src/application.o" -I../../prova3_hls_bsp_0/psu_cortexa53_0/include -MMD -MP -MF"src/application.d" -MT"src/application.o" -o "src/application.o" "../src/application.c"
../src/application.c: In function 'start_application':
../src/application.c:127:31: warning: format '%p' expects argument of type 'void *', but argument 2 has type 'u32 {aka unsigned int}' [-Wformat=]
          printf("DATO: con p %p\n\r  ",getFrameIndex());
                              ~^        ~~~~~~~~~~~~~~~
                              %d
Finished building: ../src/application.c
 
Building target: prova3_hls_SW.elf
Invoking: ARM v8 gcc linker
aarch64-none-elf-gcc -Wl,-T -Wl,../src/lscript.ld -L../../prova3_hls_bsp_0/psu_cortexa53_0/lib -o "prova3_hls_SW.elf"  ./src/application.o ./src/axi_gpio_frame_intr.o ./src/axi_gpio_pl_reset.o ./src/axis_to_ddr_writer.o ./src/ddr_to_axis_reader.o ./src/frame_buffer_interrupt.o ./src/i2c_interrupt.o ./src/interrupts.o ./src/main.o ./src/ov7670_config_i2c.o ./src/platform.o ./src/read_sd_card.o ./src/test.o ./src/test_SD_main.o ./src/zynq_gic.o ./src/zynq_i2c.o   -Wl,--start-group,-lxil,-lgcc,-lc,--end-group -Wl,--start-group,-lxilffs,-lxil,-lgcc,-lc,--end-group
Finished building target: prova3_hls_SW.elf
 
Invoking: ARM v8 Print Size
aarch64-none-elf-size prova3_hls_SW.elf  |tee "prova3_hls_SW.elf.size"
   text	   data	    bss	    dec	    hex	filename
 151612	   8048	 331072	 490732	  77cec	prova3_hls_SW.elf
Finished building: prova3_hls_SW.elf.size
 
17:05:08 **** Auto Build of configuration Debug for project prova3_hls_SW ****
make all 
Building file: ../src/application.c
Invoking: ARM v8 gcc compiler
aarch64-none-elf-gcc -Wall -O0 -g3 -c -fmessage-length=0 -MT"src/application.o" -I../../prova3_hls_bsp_0/psu_cortexa53_0/include -MMD -MP -MF"src/application.d" -MT"src/application.o" -o "src/application.o" "../src/application.c"
../src/application.c: In function 'start_application':
../src/application.c:122:18: warning: initialization makes integer from pointer without a cast [-Wint-conversion]
   uint8_t dato_p=(uint8_t*)(FRAME_BUFFER_BASE_ADDR + 0x3000000);
                  ^
../src/application.c:128:31: warning: format '%p' expects argument of type 'void *', but argument 2 has type 'int' [-Wformat=]
          printf("DATO: con p %p\n\r  ",dato_p);
                              ~^
                              %d
Finished building: ../src/application.c
 
Building target: prova3_hls_SW.elf
Invoking: ARM v8 gcc linker
aarch64-none-elf-gcc -Wl,-T -Wl,../src/lscript.ld -L../../prova3_hls_bsp_0/psu_cortexa53_0/lib -o "prova3_hls_SW.elf"  ./src/application.o ./src/axi_gpio_frame_intr.o ./src/axi_gpio_pl_reset.o ./src/axis_to_ddr_writer.o ./src/ddr_to_axis_reader.o ./src/frame_buffer_interrupt.o ./src/i2c_interrupt.o ./src/interrupts.o ./src/main.o ./src/ov7670_config_i2c.o ./src/platform.o ./src/read_sd_card.o ./src/test.o ./src/test_SD_main.o ./src/zynq_gic.o ./src/zynq_i2c.o   -Wl,--start-group,-lxil,-lgcc,-lc,--end-group -Wl,--start-group,-lxilffs,-lxil,-lgcc,-lc,--end-group
Finished building target: prova3_hls_SW.elf
 
Invoking: ARM v8 Print Size
aarch64-none-elf-size prova3_hls_SW.elf  |tee "prova3_hls_SW.elf.size"
   text	   data	    bss	    dec	    hex	filename
 151612	   8048	 331072	 490732	  77cec	prova3_hls_SW.elf
Finished building: prova3_hls_SW.elf.size
 
17:05:12 **** Incremental Build of configuration Debug for project prova3_hls_SW ****
make all 
make: Nessuna operazione da eseguire per "all".
17:06:22 **** Auto Build of configuration Debug for project prova3_hls_SW ****
make all 
Building file: ../src/application.c
Invoking: ARM v8 gcc compiler
aarch64-none-elf-gcc -Wall -O0 -g3 -c -fmessage-length=0 -MT"src/application.o" -I../../prova3_hls_bsp_0/psu_cortexa53_0/include -MMD -MP -MF"src/application.d" -MT"src/application.o" -o "src/application.o" "../src/application.c"
../src/application.c: In function 'start_application':
../src/application.c:122:18: warning: initialization makes integer from pointer without a cast [-Wint-conversion]
   uint8_t dato_p=(uint8_t*)(FRAME_BUFFER_BASE_ADDR + 0x3000000);
                  ^
../src/application.c:129:31: warning: format '%p' expects argument of type 'void *', but argument 2 has type 'int' [-Wformat=]
          printf("DATO: con p %p\n\r  ",dato_p);
                              ~^
                              %d
Finished building: ../src/application.c
 
Building target: prova3_hls_SW.elf
Invoking: ARM v8 gcc linker
aarch64-none-elf-gcc -Wl,-T -Wl,../src/lscript.ld -L../../prova3_hls_bsp_0/psu_cortexa53_0/lib -o "prova3_hls_SW.elf"  ./src/application.o ./src/axi_gpio_frame_intr.o ./src/axi_gpio_pl_reset.o ./src/axis_to_ddr_writer.o ./src/ddr_to_axis_reader.o ./src/frame_buffer_interrupt.o ./src/i2c_interrupt.o ./src/interrupts.o ./src/main.o ./src/ov7670_config_i2c.o ./src/platform.o ./src/read_sd_card.o ./src/test.o ./src/test_SD_main.o ./src/zynq_gic.o ./src/zynq_i2c.o   -Wl,--start-group,-lxil,-lgcc,-lc,--end-group -Wl,--start-group,-lxilffs,-lxil,-lgcc,-lc,--end-group
Finished building target: prova3_hls_SW.elf
 
Invoking: ARM v8 Print Size
aarch64-none-elf-size prova3_hls_SW.elf  |tee "prova3_hls_SW.elf.size"
   text	   data	    bss	    dec	    hex	filename
 151636	   8048	 331048	 490732	  77cec	prova3_hls_SW.elf
Finished building: prova3_hls_SW.elf.size
 
17:06:31 **** Auto Build of configuration Debug for project prova3_hls_SW ****
make all 
Building file: ../src/application.c
Invoking: ARM v8 gcc compiler
aarch64-none-elf-gcc -Wall -O0 -g3 -c -fmessage-length=0 -MT"src/application.o" -I../../prova3_hls_bsp_0/psu_cortexa53_0/include -MMD -MP -MF"src/application.d" -MT"src/application.o" -o "src/application.o" "../src/application.c"
../src/application.c: In function 'start_application':
../src/application.c:122:18: warning: initialization makes integer from pointer without a cast [-Wint-conversion]
   uint8_t dato_p=(uint8_t*)(FRAME_BUFFER_BASE_ADDR + 0x3000000);
                  ^
../src/application.c:129:31: warning: format '%p' expects argument of type 'void *', but argument 2 has type 'int' [-Wformat=]
          printf("DATO: con p %p\n\r  ",dato_p);
                              ~^
                              %d
Finished building: ../src/application.c
 
Building target: prova3_hls_SW.elf
Invoking: ARM v8 gcc linker
aarch64-none-elf-gcc -Wl,-T -Wl,../src/lscript.ld -L../../prova3_hls_bsp_0/psu_cortexa53_0/lib -o "prova3_hls_SW.elf"  ./src/application.o ./src/axi_gpio_frame_intr.o ./src/axi_gpio_pl_reset.o ./src/axis_to_ddr_writer.o ./src/ddr_to_axis_reader.o ./src/frame_buffer_interrupt.o ./src/i2c_interrupt.o ./src/interrupts.o ./src/main.o ./src/ov7670_config_i2c.o ./src/platform.o ./src/read_sd_card.o ./src/test.o ./src/test_SD_main.o ./src/zynq_gic.o ./src/zynq_i2c.o   -Wl,--start-group,-lxil,-lgcc,-lc,--end-group -Wl,--start-group,-lxilffs,-lxil,-lgcc,-lc,--end-group
Finished building target: prova3_hls_SW.elf
 
Invoking: ARM v8 Print Size
aarch64-none-elf-size prova3_hls_SW.elf  |tee "prova3_hls_SW.elf.size"
   text	   data	    bss	    dec	    hex	filename
 151644	   8048	 331040	 490732	  77cec	prova3_hls_SW.elf
Finished building: prova3_hls_SW.elf.size
 
17:06:33 **** Incremental Build of configuration Debug for project prova3_hls_SW ****
make all 
make: Nessuna operazione da eseguire per "all".
17:07:51 **** Auto Build of configuration Debug for project prova3_hls_SW ****
make all 
Building file: ../src/axis_to_ddr_writer.c
Invoking: ARM v8 gcc compiler
aarch64-none-elf-gcc -Wall -O0 -g3 -c -fmessage-length=0 -MT"src/axis_to_ddr_writer.o" -I../../prova3_hls_bsp_0/psu_cortexa53_0/include -MMD -MP -MF"src/axis_to_ddr_writer.d" -MT"src/axis_to_ddr_writer.o" -o "src/axis_to_ddr_writer.o" "../src/axis_to_ddr_writer.c"
../src/axis_to_ddr_writer.c: In function 'getFrameIndex':
../src/axis_to_ddr_writer.c:94:19: warning: initialization makes integer from pointer without a cast [-Wint-conversion]
    uint8_t dato_p=(uint8_t*)( 0x40000000);
                   ^
Finished building: ../src/axis_to_ddr_writer.c
 
Building target: prova3_hls_SW.elf
Invoking: ARM v8 gcc linker
aarch64-none-elf-gcc -Wl,-T -Wl,../src/lscript.ld -L../../prova3_hls_bsp_0/psu_cortexa53_0/lib -o "prova3_hls_SW.elf"  ./src/application.o ./src/axi_gpio_frame_intr.o ./src/axi_gpio_pl_reset.o ./src/axis_to_ddr_writer.o ./src/ddr_to_axis_reader.o ./src/frame_buffer_interrupt.o ./src/i2c_interrupt.o ./src/interrupts.o ./src/main.o ./src/ov7670_config_i2c.o ./src/platform.o ./src/read_sd_card.o ./src/test.o ./src/test_SD_main.o ./src/zynq_gic.o ./src/zynq_i2c.o   -Wl,--start-group,-lxil,-lgcc,-lc,--end-group -Wl,--start-group,-lxilffs,-lxil,-lgcc,-lc,--end-group
Finished building target: prova3_hls_SW.elf
 
Invoking: ARM v8 Print Size
aarch64-none-elf-size prova3_hls_SW.elf  |tee "prova3_hls_SW.elf.size"
   text	   data	    bss	    dec	    hex	filename
 151644	   8048	 331040	 490732	  77cec	prova3_hls_SW.elf
Finished building: prova3_hls_SW.elf.size
 
17:09:04 **** Auto Build of configuration Debug for project prova3_hls_SW ****
make all 
Building file: ../src/axis_to_ddr_writer.c
Invoking: ARM v8 gcc compiler
aarch64-none-elf-gcc -Wall -O0 -g3 -c -fmessage-length=0 -MT"src/axis_to_ddr_writer.o" -I../../prova3_hls_bsp_0/psu_cortexa53_0/include -MMD -MP -MF"src/axis_to_ddr_writer.d" -MT"src/axis_to_ddr_writer.o" -o "src/axis_to_ddr_writer.o" "../src/axis_to_ddr_writer.c"
../src/axis_to_ddr_writer.c: In function 'getFrameIndex':
../src/axis_to_ddr_writer.c:94:19: warning: initialization makes integer from pointer without a cast [-Wint-conversion]
    uint8_t dato_p=(uint8_t*)( 0x13000000);
                   ^
Finished building: ../src/axis_to_ddr_writer.c
 
Building target: prova3_hls_SW.elf
Invoking: ARM v8 gcc linker
aarch64-none-elf-gcc -Wl,-T -Wl,../src/lscript.ld -L../../prova3_hls_bsp_0/psu_cortexa53_0/lib -o "prova3_hls_SW.elf"  ./src/application.o ./src/axi_gpio_frame_intr.o ./src/axi_gpio_pl_reset.o ./src/axis_to_ddr_writer.o ./src/ddr_to_axis_reader.o ./src/frame_buffer_interrupt.o ./src/i2c_interrupt.o ./src/interrupts.o ./src/main.o ./src/ov7670_config_i2c.o ./src/platform.o ./src/read_sd_card.o ./src/test.o ./src/test_SD_main.o ./src/zynq_gic.o ./src/zynq_i2c.o   -Wl,--start-group,-lxil,-lgcc,-lc,--end-group -Wl,--start-group,-lxilffs,-lxil,-lgcc,-lc,--end-group
Finished building target: prova3_hls_SW.elf
 
Invoking: ARM v8 Print Size
aarch64-none-elf-size prova3_hls_SW.elf  |tee "prova3_hls_SW.elf.size"
   text	   data	    bss	    dec	    hex	filename
 151644	   8048	 331040	 490732	  77cec	prova3_hls_SW.elf
Finished building: prova3_hls_SW.elf.size
 
17:09:12 **** Auto Build of configuration Debug for project prova3_hls_SW ****
make all 
Building file: ../src/application.c
Invoking: ARM v8 gcc compiler
aarch64-none-elf-gcc -Wall -O0 -g3 -c -fmessage-length=0 -MT"src/application.o" -I../../prova3_hls_bsp_0/psu_cortexa53_0/include -MMD -MP -MF"src/application.d" -MT"src/application.o" -o "src/application.o" "../src/application.c"
../src/application.c: In function 'start_application':
../src/application.c:122:18: warning: initialization makes integer from pointer without a cast [-Wint-conversion]
   uint8_t dato_p=(uint8_t*)(0x13000000);
                  ^
../src/application.c:129:31: warning: format '%p' expects argument of type 'void *', but argument 2 has type 'int' [-Wformat=]
          printf("DATO: con p %p\n\r  ",dato_p);
                              ~^
                              %d
Finished building: ../src/application.c
 
Building target: prova3_hls_SW.elf
Invoking: ARM v8 gcc linker
aarch64-none-elf-gcc -Wl,-T -Wl,../src/lscript.ld -L../../prova3_hls_bsp_0/psu_cortexa53_0/lib -o "prova3_hls_SW.elf"  ./src/application.o ./src/axi_gpio_frame_intr.o ./src/axi_gpio_pl_reset.o ./src/axis_to_ddr_writer.o ./src/ddr_to_axis_reader.o ./src/frame_buffer_interrupt.o ./src/i2c_interrupt.o ./src/interrupts.o ./src/main.o ./src/ov7670_config_i2c.o ./src/platform.o ./src/read_sd_card.o ./src/test.o ./src/test_SD_main.o ./src/zynq_gic.o ./src/zynq_i2c.o   -Wl,--start-group,-lxil,-lgcc,-lc,--end-group -Wl,--start-group,-lxilffs,-lxil,-lgcc,-lc,--end-group
Finished building target: prova3_hls_SW.elf
 
Invoking: ARM v8 Print Size
aarch64-none-elf-size prova3_hls_SW.elf  |tee "prova3_hls_SW.elf.size"
   text	   data	    bss	    dec	    hex	filename
 151644	   8048	 331040	 490732	  77cec	prova3_hls_SW.elf
Finished building: prova3_hls_SW.elf.size
 
17:09:17 **** Incremental Build of configuration Debug for project prova3_hls_SW ****
make all 
make: Nessuna operazione da eseguire per "all".
17:10:00 **** Auto Build of configuration Debug for project prova3_hls_SW ****
make all 
Building file: ../src/application.c
Invoking: ARM v8 gcc compiler
aarch64-none-elf-gcc -Wall -O0 -g3 -c -fmessage-length=0 -MT"src/application.o" -I../../prova3_hls_bsp_0/psu_cortexa53_0/include -MMD -MP -MF"src/application.d" -MT"src/application.o" -o "src/application.o" "../src/application.c"
../src/application.c: In function 'start_application':
../src/application.c:122:18: warning: initialization makes integer from pointer without a cast [-Wint-conversion]
   uint8_t dato_p=(uint8_t*)(0x13000000);
                  ^
../src/application.c:125:35: warning: format '%x' expects argument of type 'unsigned int', but argument 2 has type 'uint8_t * {aka unsigned char *}' [-Wformat=]
   printf("DATO_indirizzo: con ep %x\n\r  ",&dato_p);
                                  ~^        ~~~~~~~
                                  %hhn
../src/application.c:129:31: warning: format '%p' expects argument of type 'void *', but argument 2 has type 'int' [-Wformat=]
          printf("DATO: con p %p\n\r  ",dato_p);
                              ~^
                              %d
Finished building: ../src/application.c
 
Building target: prova3_hls_SW.elf
Invoking: ARM v8 gcc linker
aarch64-none-elf-gcc -Wl,-T -Wl,../src/lscript.ld -L../../prova3_hls_bsp_0/psu_cortexa53_0/lib -o "prova3_hls_SW.elf"  ./src/application.o ./src/axi_gpio_frame_intr.o ./src/axi_gpio_pl_reset.o ./src/axis_to_ddr_writer.o ./src/ddr_to_axis_reader.o ./src/frame_buffer_interrupt.o ./src/i2c_interrupt.o ./src/interrupts.o ./src/main.o ./src/ov7670_config_i2c.o ./src/platform.o ./src/read_sd_card.o ./src/test.o ./src/test_SD_main.o ./src/zynq_gic.o ./src/zynq_i2c.o   -Wl,--start-group,-lxil,-lgcc,-lc,--end-group -Wl,--start-group,-lxilffs,-lxil,-lgcc,-lc,--end-group
Finished building target: prova3_hls_SW.elf
 
Invoking: ARM v8 Print Size
aarch64-none-elf-size prova3_hls_SW.elf  |tee "prova3_hls_SW.elf.size"
   text	   data	    bss	    dec	    hex	filename
 151644	   8048	 331040	 490732	  77cec	prova3_hls_SW.elf
Finished building: prova3_hls_SW.elf.size
 
17:10:02 **** Incremental Build of configuration Debug for project prova3_hls_SW ****
make all 
make: Nessuna operazione da eseguire per "all".
17:10:03 **** Incremental Build of configuration Debug for project prova3_hls_SW ****
make all 
make: Nessuna operazione da eseguire per "all".
17:11:14 **** Incremental Build of configuration Debug for project prova3_hls_SW ****
make all 
make: Nessuna operazione da eseguire per "all".
