17:25:04 **** Build of configuration Debug for project hello ****
make all 
Building file: ../src/main.c
Invoking: Cross ARM C Compiler
arm-none-eabi-gcc -mcpu=cortex-m3 -mthumb -O0 -fmessage-length=0 -fsigned-char -ffunction-sections -fdata-sections  -g3 -std=gnu11 -MMD -MP -MF"src/main.d" -MT"src/main.o" -c -o "src/main.o" "../src/main.c"
Finished building: ../src/main.c
 
Building target: hello.elf
Invoking: Cross ARM C Linker
arm-none-eabi-gcc -mcpu=cortex-m3 -mthumb -O0 -fmessage-length=0 -fsigned-char -ffunction-sections -fdata-sections  -g3 -Xlinker --gc-sections -Wl,-Map,"hello.map" --specs=rdimon.specs -Wl,--start-group -lgcc -lc -lc -lm -lrdimon -Wl,--end-group -o "hello.elf"  ./src/main.o   
Finished building target: hello.elf
 
Invoking: Cross ARM GNU Create Flash Image
arm-none-eabi-objcopy -O ihex "hello.elf"  "hello.hex"
Finished building: hello.hex
 
Invoking: Cross ARM GNU Print Size
arm-none-eabi-size --format=berkeley "hello.elf"
   text	   data	    bss	    dec	    hex	filename
  11588	   2396	    260	  14244	   37a4	hello.elf
Finished building: hello.siz
 

17:25:05 Build Finished (took 713ms)

