17:33:27 **** Build of configuration Debug for project MICH ****
make all 
Building file: ../src/application.c
Invoking: ARM v8 gcc compiler
aarch64-none-elf-gcc -Wall -O0 -g3 -c -fmessage-length=0 -MT"src/application.o" -I../../standalone_MICH/psu_cortexa53_0/include -MMD -MP -MF"src/application.d" -MT"src/application.o" -o "src/application.o" "../src/application.c"
Finished building: ../src/application.c
 
Building file: ../src/axi_gpio_frame_intr.c
Invoking: ARM v8 gcc compiler
aarch64-none-elf-gcc -Wall -O0 -g3 -c -fmessage-length=0 -MT"src/axi_gpio_frame_intr.o" -I../../standalone_MICH/psu_cortexa53_0/include -MMD -MP -MF"src/axi_gpio_frame_intr.d" -MT"src/axi_gpio_frame_intr.o" -o "src/axi_gpio_frame_intr.o" "../src/axi_gpio_frame_intr.c"
Finished building: ../src/axi_gpio_frame_intr.c
 
Building file: ../src/axi_gpio_pl_reset.c
Invoking: ARM v8 gcc compiler
aarch64-none-elf-gcc -Wall -O0 -g3 -c -fmessage-length=0 -MT"src/axi_gpio_pl_reset.o" -I../../standalone_MICH/psu_cortexa53_0/include -MMD -MP -MF"src/axi_gpio_pl_reset.d" -MT"src/axi_gpio_pl_reset.o" -o "src/axi_gpio_pl_reset.o" "../src/axi_gpio_pl_reset.c"
../src/axi_gpio_pl_reset.c: In function 'init_axi_gpio_pl_reset':
../src/axi_gpio_pl_reset.c:15:10: warning: variable 'passo_valore' set but not used [-Wunused-but-set-variable]
  UINTPTR passo_valore;
          ^~~~~~~~~~~~
Finished building: ../src/axi_gpio_pl_reset.c
 
Building file: ../src/axis_to_ddr_writer.c
Invoking: ARM v8 gcc compiler
aarch64-none-elf-gcc -Wall -O0 -g3 -c -fmessage-length=0 -MT"src/axis_to_ddr_writer.o" -I../../standalone_MICH/psu_cortexa53_0/include -MMD -MP -MF"src/axis_to_ddr_writer.d" -MT"src/axis_to_ddr_writer.o" -o "src/axis_to_ddr_writer.o" "../src/axis_to_ddr_writer.c"
Finished building: ../src/axis_to_ddr_writer.c
 
Building file: ../src/ddr_to_axis_reader.c
Invoking: ARM v8 gcc compiler
aarch64-none-elf-gcc -Wall -O0 -g3 -c -fmessage-length=0 -MT"src/ddr_to_axis_reader.o" -I../../standalone_MICH/psu_cortexa53_0/include -MMD -MP -MF"src/ddr_to_axis_reader.d" -MT"src/ddr_to_axis_reader.o" -o "src/ddr_to_axis_reader.o" "../src/ddr_to_axis_reader.c"
Finished building: ../src/ddr_to_axis_reader.c
 
Building file: ../src/ddr_to_axis_reader_SD.c
Invoking: ARM v8 gcc compiler
aarch64-none-elf-gcc -Wall -O0 -g3 -c -fmessage-length=0 -MT"src/ddr_to_axis_reader_SD.o" -I../../standalone_MICH/psu_cortexa53_0/include -MMD -MP -MF"src/ddr_to_axis_reader_SD.d" -MT"src/ddr_to_axis_reader_SD.o" -o "src/ddr_to_axis_reader_SD.o" "../src/ddr_to_axis_reader_SD.c"
Finished building: ../src/ddr_to_axis_reader_SD.c
 
Building file: ../src/frame_buffer_interrupt.c
Invoking: ARM v8 gcc compiler
aarch64-none-elf-gcc -Wall -O0 -g3 -c -fmessage-length=0 -MT"src/frame_buffer_interrupt.o" -I../../standalone_MICH/psu_cortexa53_0/include -MMD -MP -MF"src/frame_buffer_interrupt.d" -MT"src/frame_buffer_interrupt.o" -o "src/frame_buffer_interrupt.o" "../src/frame_buffer_interrupt.c"
Finished building: ../src/frame_buffer_interrupt.c
 
Building file: ../src/i2c_interrupt.c
Invoking: ARM v8 gcc compiler
aarch64-none-elf-gcc -Wall -O0 -g3 -c -fmessage-length=0 -MT"src/i2c_interrupt.o" -I../../standalone_MICH/psu_cortexa53_0/include -MMD -MP -MF"src/i2c_interrupt.d" -MT"src/i2c_interrupt.o" -o "src/i2c_interrupt.o" "../src/i2c_interrupt.c"
Finished building: ../src/i2c_interrupt.c
 
Building file: ../src/interrupts.c
Invoking: ARM v8 gcc compiler
aarch64-none-elf-gcc -Wall -O0 -g3 -c -fmessage-length=0 -MT"src/interrupts.o" -I../../standalone_MICH/psu_cortexa53_0/include -MMD -MP -MF"src/interrupts.d" -MT"src/interrupts.o" -o "src/interrupts.o" "../src/interrupts.c"
../src/interrupts.c: In function 'configure_interrupts':
../src/interrupts.c:57:47: warning: passing argument 2 of 'configure_i2c_interrupt' from incompatible pointer type [-Wincompatible-pointer-types]
  configure_i2c_interrupt(InterruptController, &Iic);
                                               ^
In file included from ../src/interrupts.h:14:0,
                 from ../src/interrupts.c:9:
../src/i2c_interrupt.h:15:5: note: expected 'XScuGic * {aka struct <anonymous> *}' but argument is of type 'XIicPs * {aka struct <anonymous> *}'
 int configure_i2c_interrupt(XScuGic* gicInst, XScuGic* IicPsPtr);
     ^~~~~~~~~~~~~~~~~~~~~~~
Finished building: ../src/interrupts.c
 
Building file: ../src/ov7670_config_i2c.c
Invoking: ARM v8 gcc compiler
aarch64-none-elf-gcc -Wall -O0 -g3 -c -fmessage-length=0 -MT"src/ov7670_config_i2c.o" -I../../standalone_MICH/psu_cortexa53_0/include -MMD -MP -MF"src/ov7670_config_i2c.d" -MT"src/ov7670_config_i2c.o" -o "src/ov7670_config_i2c.o" "../src/ov7670_config_i2c.c"
Finished building: ../src/ov7670_config_i2c.c
 
Building file: ../src/platform.c
Invoking: ARM v8 gcc compiler
aarch64-none-elf-gcc -Wall -O0 -g3 -c -fmessage-length=0 -MT"src/platform.o" -I../../standalone_MICH/psu_cortexa53_0/include -MMD -MP -MF"src/platform.d" -MT"src/platform.o" -o "src/platform.o" "../src/platform.c"
Finished building: ../src/platform.c
 
Building file: ../src/read_sd_card.c
Invoking: ARM v8 gcc compiler
aarch64-none-elf-gcc -Wall -O0 -g3 -c -fmessage-length=0 -MT"src/read_sd_card.o" -I../../standalone_MICH/psu_cortexa53_0/include -MMD -MP -MF"src/read_sd_card.d" -MT"src/read_sd_card.o" -o "src/read_sd_card.o" "../src/read_sd_card.c"
Finished building: ../src/read_sd_card.c
 
Building file: ../src/test.c
Invoking: ARM v8 gcc compiler
aarch64-none-elf-gcc -Wall -O0 -g3 -c -fmessage-length=0 -MT"src/test.o" -I../../standalone_MICH/psu_cortexa53_0/include -MMD -MP -MF"src/test.d" -MT"src/test.o" -o "src/test.o" "../src/test.c"
Finished building: ../src/test.c
 
Building file: ../src/test_SD_main.c
Invoking: ARM v8 gcc compiler
aarch64-none-elf-gcc -Wall -O0 -g3 -c -fmessage-length=0 -MT"src/test_SD_main.o" -I../../standalone_MICH/psu_cortexa53_0/include -MMD -MP -MF"src/test_SD_main.d" -MT"src/test_SD_main.o" -o "src/test_SD_main.o" "../src/test_SD_main.c"
Finished building: ../src/test_SD_main.c
 
Building file: ../src/zynq_gic.c
Invoking: ARM v8 gcc compiler
aarch64-none-elf-gcc -Wall -O0 -g3 -c -fmessage-length=0 -MT"src/zynq_gic.o" -I../../standalone_MICH/psu_cortexa53_0/include -MMD -MP -MF"src/zynq_gic.d" -MT"src/zynq_gic.o" -o "src/zynq_gic.o" "../src/zynq_gic.c"
Finished building: ../src/zynq_gic.c
 
Building file: ../src/zynq_i2c.c
Invoking: ARM v8 gcc compiler
aarch64-none-elf-gcc -Wall -O0 -g3 -c -fmessage-length=0 -MT"src/zynq_i2c.o" -I../../standalone_MICH/psu_cortexa53_0/include -MMD -MP -MF"src/zynq_i2c.d" -MT"src/zynq_i2c.o" -o "src/zynq_i2c.o" "../src/zynq_i2c.c"
Finished building: ../src/zynq_i2c.c
 
Building target: MICH.elf
Invoking: ARM v8 gcc linker
aarch64-none-elf-gcc -Wl,-T -Wl,../src/lscript.ld -L../../standalone_MICH/psu_cortexa53_0/lib -o "MICH.elf"  ./src/application.o ./src/axi_gpio_frame_intr.o ./src/axi_gpio_pl_reset.o ./src/axis_to_ddr_writer.o ./src/ddr_to_axis_reader.o ./src/ddr_to_axis_reader_SD.o ./src/frame_buffer_interrupt.o ./src/i2c_interrupt.o ./src/interrupts.o ./src/main.o ./src/ov7670_config_i2c.o ./src/platform.o ./src/read_sd_card.o ./src/test.o ./src/test_SD_main.o ./src/zynq_gic.o ./src/zynq_i2c.o   -Wl,--start-group,-lxil,-lgcc,-lc,--end-group -Wl,--start-group,-lxilffs,-lxil,-lgcc,-lc,--end-group
Finished building target: MICH.elf
 
Invoking: ARM v8 Print Size
aarch64-none-elf-size MICH.elf  |tee "MICH.elf.size"
   text	   data	    bss	    dec	    hex	filename
 150180	   7992	 331112	 489284	  77744	MICH.elf
Finished building: MICH.elf.size
 

17:33:29 Build Finished (took 1s.619ms)

