

================================================================
== Vivado HLS Report for 'sep_convolution_filter'
================================================================
* Date:           Tue Mar 10 11:11:04 2020

* Version:        2018.1 (Build 2188600 on Wed Apr 04 19:04:02 MDT 2018)
* Project:        Sep_Convolution_Filter
* Solution:       solution1
* Product family: zynquplus
* Target device:  xczu3eg-sbva484-1-e


================================================================
== Performance Estimates
================================================================
+ Timing (ns): 
    * Summary: 
    +--------+-------+----------+------------+
    |  Clock | Target| Estimated| Uncertainty|
    +--------+-------+----------+------------+
    |ap_clk  |  41.67|     14.49|        5.21|
    +--------+-------+----------+------------+

+ Latency (clock cycles): 
    * Summary: 
    +--------+--------+--------+--------+---------+
    |     Latency     |     Interval    | Pipeline|
    |   min  |   max  |   min  |   max  |   Type  |
    +--------+--------+--------+--------+---------+
    |  310607|  310607|  310607|  310607|   none  |
    +--------+--------+--------+--------+---------+

    + Detail: 
        * Instance: 
        N/A

        * Loop: 
        +---------------------+--------+--------+----------+-----------+-----------+--------+----------+
        |                     |     Latency     | Iteration|  Initiation Interval  |  Trip  |          |
        |      Loop Name      |   min  |   max  |  Latency |  achieved |   target  |  Count | Pipelined|
        +---------------------+--------+--------+----------+-----------+-----------+--------+----------+
        |- Loop_row_Loop_col  |  310605|  310605|        38|          1|          1|  310569|    yes   |
        +---------------------+--------+--------+----------+-----------+-----------+--------+----------+

============================================================
+ Verbose Summary: Synthesis Manager
============================================================
InlineROM: 1
ExposeGlobal: 0
============================================================
+ Verbose Summary: CDFG Model
============================================================
IsTopModel: 1
ResetActiveHigh: 1
IsCombinational: 0
IsDatapathOnly: 0
HasWiredReturn: 1
HasMFsm: 0
HasVarLatency: 1
IsPipeline: 0
IsRtlPipelined: 0
IsInstanceOverlapped: 0
IsDontTouch: 0
HasImplIP: 0
IsGatedGlobalClock: 0

+ Individual pipeline summary: 
  * Pipeline-0: initiation interval (II) = 1, depth = 38


============================================================
+ Verbose Summary: Schedule
============================================================
* Number of FSM states : 40
* Pipeline : 1
  Pipeline-0 : II = 1, D = 38, States = { 2 3 4 5 6 7 8 9 10 11 12 13 14 15 16 17 18 19 20 21 22 23 24 25 26 27 28 29 30 31 32 33 34 35 36 37 38 39 }
* Dataflow Pipeline: 0

* FSM state transitions: 
1 --> 
	2  / true
2 --> 
	40  / (exitcond_flatten)
	3  / (!exitcond_flatten)
3 --> 
	4  / true
4 --> 
	5  / true
5 --> 
	6  / true
6 --> 
	7  / true
7 --> 
	8  / true
8 --> 
	9  / true
9 --> 
	10  / true
10 --> 
	11  / true
11 --> 
	12  / true
12 --> 
	13  / true
13 --> 
	14  / true
14 --> 
	15  / true
15 --> 
	16  / true
16 --> 
	17  / true
17 --> 
	18  / true
18 --> 
	19  / true
19 --> 
	20  / true
20 --> 
	21  / true
21 --> 
	22  / true
22 --> 
	23  / true
23 --> 
	24  / true
24 --> 
	25  / true
25 --> 
	26  / true
26 --> 
	27  / true
27 --> 
	28  / true
28 --> 
	29  / true
29 --> 
	30  / true
30 --> 
	31  / true
31 --> 
	32  / true
32 --> 
	33  / true
33 --> 
	34  / true
34 --> 
	35  / true
35 --> 
	36  / true
36 --> 
	37  / true
37 --> 
	38  / true
38 --> 
	39  / true
39 --> 
	2  / true
40 --> 

* FSM state operations: 

 <State 1> : 0.76ns
ST_1 : Operation 41 [1/1] (0.00ns)   --->   "%kernel_h_V_0_loc_1 = alloca i8"
ST_1 : Operation 42 [1/1] (0.00ns)   --->   "%i_1 = alloca i32"
ST_1 : Operation 43 [1/1] (0.00ns)   --->   "%j_1 = alloca i32"
ST_1 : Operation 44 [1/1] (0.00ns)   --->   "call void (...)* @_ssdm_op_SpecBitsMap([51 x i8]* %kernel_config_V), !map !84"
ST_1 : Operation 45 [1/1] (0.00ns)   --->   "call void (...)* @_ssdm_op_SpecBitsMap(i8* %in_img_V), !map !90"
ST_1 : Operation 46 [1/1] (0.00ns)   --->   "call void (...)* @_ssdm_op_SpecBitsMap(i8* %out_img_V), !map !96"
ST_1 : Operation 47 [1/1] (0.00ns)   --->   "call void (...)* @_ssdm_op_SpecTopModule([23 x i8]* @sep_convolution_filt) nounwind"
ST_1 : Operation 48 [1/1] (0.00ns)   --->   "call void (...)* @_ssdm_op_SpecInterface([51 x i8]* %kernel_config_V, [8 x i8]* @p_str3, i32 0, i32 0, [1 x i8]* @p_str, i32 0, i32 0, [1 x i8]* @p_str, [1 x i8]* @p_str, [1 x i8]* @p_str, i32 0, i32 0, i32 0, i32 0, [1 x i8]* @p_str, [1 x i8]* @p_str) nounwind"
ST_1 : Operation 49 [1/1] (0.00ns)   --->   "call void (...)* @_ssdm_op_SpecInterface(i8* %out_img_V, [5 x i8]* @p_str4, i32 1, i32 1, [5 x i8]* @p_str5, i32 0, i32 0, [1 x i8]* @p_str, [1 x i8]* @p_str, [1 x i8]* @p_str, i32 0, i32 0, i32 0, i32 0, [1 x i8]* @p_str, [1 x i8]* @p_str)"
ST_1 : Operation 50 [1/1] (0.00ns)   --->   "call void (...)* @_ssdm_op_SpecInterface(i8* %in_img_V, [5 x i8]* @p_str4, i32 1, i32 1, [5 x i8]* @p_str5, i32 0, i32 0, [1 x i8]* @p_str, [1 x i8]* @p_str, [1 x i8]* @p_str, i32 0, i32 0, i32 0, i32 0, [1 x i8]* @p_str, [1 x i8]* @p_str)"
ST_1 : Operation 51 [1/1] (0.00ns)   --->   "%kernel_config_V_addr = getelementptr [51 x i8]* %kernel_config_V, i64 0, i64 49" [Sep_Convolution_Filter/sep_convolution_filter.cpp:120]
ST_1 : Operation 52 [1/1] (0.00ns)   --->   "%kernel_config_V_addr_1 = getelementptr [51 x i8]* %kernel_config_V, i64 0, i64 50" [Sep_Convolution_Filter/sep_convolution_filter.cpp:122]
ST_1 : Operation 53 [1/1] (0.00ns)   --->   "%kernel_h_V_0_load = load i8* @kernel_h_V_0, align 1" [Sep_Convolution_Filter/sep_convolution_filter.cpp:112]
ST_1 : Operation 54 [1/1] (0.75ns)   --->   "store i32 0, i32* %j_1"
ST_1 : Operation 55 [1/1] (0.75ns)   --->   "store i32 0, i32* %i_1"
ST_1 : Operation 56 [1/1] (0.75ns)   --->   "store i8 %kernel_h_V_0_load, i8* %kernel_h_V_0_loc_1" [Sep_Convolution_Filter/sep_convolution_filter.cpp:112]
ST_1 : Operation 57 [1/1] (0.75ns)   --->   "br label %0" [Sep_Convolution_Filter/sep_convolution_filter.cpp:93]

 <State 2> : 3.59ns
ST_2 : Operation 58 [1/1] (0.00ns)   --->   "%indvar_flatten = phi i19 [ 0, %codeRepl1 ], [ %indvar_flatten_next, %._crit_edge80 ]"
ST_2 : Operation 59 [1/1] (0.00ns)   --->   "%iteration = phi i19 [ 0, %codeRepl1 ], [ %iteration_mid2, %._crit_edge80 ]" [Sep_Convolution_Filter/sep_convolution_filter.cpp:94]
ST_2 : Operation 60 [1/1] (0.00ns)   --->   "%row = phi i9 [ 0, %codeRepl1 ], [ %row_mid2, %._crit_edge80 ]" [Sep_Convolution_Filter/sep_convolution_filter.cpp:94]
ST_2 : Operation 61 [1/1] (0.00ns)   --->   "%iteration_1 = phi i19 [ 0, %codeRepl1 ], [ %tmp_20, %._crit_edge80 ]" [Sep_Convolution_Filter/sep_convolution_filter.cpp:170]
ST_2 : Operation 62 [1/1] (0.00ns)   --->   "%col = phi i10 [ 0, %codeRepl1 ], [ %col_1, %._crit_edge80 ]"
ST_2 : Operation 63 [1/1] (0.91ns)   --->   "%exitcond_flatten = icmp eq i19 %indvar_flatten, -213719"   --->   Core 25 'Cmp' <Latency = 0> <II = 1> <Delay = 0.85> <FuncUnit> <Opcode : 'icmp'> <InPorts = 2> <OutPorts = 1>
ST_2 : Operation 64 [1/1] (1.05ns)   --->   "%indvar_flatten_next = add i19 %indvar_flatten, 1"   --->   Core 14 'AddSub' <Latency = 0> <II = 1> <Delay = 0.93> <FuncUnit> <Opcode : 'add' 'sub'> <InPorts = 2> <OutPorts = 1>
ST_2 : Operation 65 [1/1] (0.00ns)   --->   "br i1 %exitcond_flatten, label %15, label %.reset"
ST_2 : Operation 66 [1/1] (0.00ns)   --->   "call void (...)* @_ssdm_op_SpecLoopName([18 x i8]* @Loop_row_Loop_col_st)"
ST_2 : Operation 67 [1/1] (1.05ns)   --->   "%tmp_5 = add i19 %iteration, 643" [Sep_Convolution_Filter/sep_convolution_filter.cpp:94]   --->   Core 14 'AddSub' <Latency = 0> <II = 1> <Delay = 0.93> <FuncUnit> <Opcode : 'add' 'sub'> <InPorts = 2> <OutPorts = 1>
ST_2 : Operation 68 [1/1] (0.85ns)   --->   "%exitcond = icmp eq i10 %col, -381" [Sep_Convolution_Filter/sep_convolution_filter.cpp:94]   --->   Core 25 'Cmp' <Latency = 0> <II = 1> <Delay = 0.85> <FuncUnit> <Opcode : 'icmp'> <InPorts = 2> <OutPorts = 1>
ST_2 : Operation 69 [1/1] (0.43ns)   --->   "%iteration_1_mid2 = select i1 %exitcond, i19 %tmp_5, i19 %iteration_1" [Sep_Convolution_Filter/sep_convolution_filter.cpp:94]   --->   Core 26 'Sel' <Latency = 0> <II = 1> <Delay = 0.52> <FuncUnit> <Opcode : 'select'> <InPorts = 3> <OutPorts = 1>
ST_2 : Operation 70 [1/1] (0.47ns)   --->   "%col_mid2 = select i1 %exitcond, i10 0, i10 %col" [Sep_Convolution_Filter/sep_convolution_filter.cpp:94]   --->   Core 26 'Sel' <Latency = 0> <II = 1> <Delay = 0.52> <FuncUnit> <Opcode : 'select'> <InPorts = 3> <OutPorts = 1>
ST_2 : Operation 71 [1/1] (0.92ns)   --->   "%row_s = add i9 %row, 1" [Sep_Convolution_Filter/sep_convolution_filter.cpp:93]   --->   Core 14 'AddSub' <Latency = 0> <II = 1> <Delay = 0.93> <FuncUnit> <Opcode : 'add' 'sub'> <InPorts = 2> <OutPorts = 1>
ST_2 : Operation 72 [1/1] (0.85ns)   --->   "%tmp_5_mid1 = icmp ult i9 %row_s, -32" [Sep_Convolution_Filter/sep_convolution_filter.cpp:137]   --->   Core 25 'Cmp' <Latency = 0> <II = 1> <Delay = 0.85> <FuncUnit> <Opcode : 'icmp'> <InPorts = 2> <OutPorts = 1>
ST_2 : Operation 73 [1/1] (0.85ns)   --->   "%tmp_6 = icmp ult i9 %row, -32" [Sep_Convolution_Filter/sep_convolution_filter.cpp:137]   --->   Core 25 'Cmp' <Latency = 0> <II = 1> <Delay = 0.85> <FuncUnit> <Opcode : 'icmp'> <InPorts = 2> <OutPorts = 1>
ST_2 : Operation 74 [1/1] (0.26ns)   --->   "%tmp_5_mid2 = select i1 %exitcond, i1 %tmp_5_mid1, i1 %tmp_6" [Sep_Convolution_Filter/sep_convolution_filter.cpp:137]   --->   Core 26 'Sel' <Latency = 0> <II = 1> <Delay = 0.52> <FuncUnit> <Opcode : 'select'> <InPorts = 3> <OutPorts = 1>
ST_2 : Operation 75 [1/1] (0.85ns)   --->   "%tmp_7_mid1 = icmp ugt i9 %row_s, 2" [Sep_Convolution_Filter/sep_convolution_filter.cpp:145]   --->   Core 25 'Cmp' <Latency = 0> <II = 1> <Delay = 0.85> <FuncUnit> <Opcode : 'icmp'> <InPorts = 2> <OutPorts = 1>
ST_2 : Operation 76 [1/1] (0.85ns)   --->   "%tmp_7 = icmp ugt i9 %row, 2" [Sep_Convolution_Filter/sep_convolution_filter.cpp:145]   --->   Core 25 'Cmp' <Latency = 0> <II = 1> <Delay = 0.85> <FuncUnit> <Opcode : 'icmp'> <InPorts = 2> <OutPorts = 1>
ST_2 : Operation 77 [1/1] (0.26ns)   --->   "%tmp_7_mid2 = select i1 %exitcond, i1 %tmp_7_mid1, i1 %tmp_7" [Sep_Convolution_Filter/sep_convolution_filter.cpp:145]   --->   Core 26 'Sel' <Latency = 0> <II = 1> <Delay = 0.52> <FuncUnit> <Opcode : 'select'> <InPorts = 3> <OutPorts = 1>
ST_2 : Operation 78 [1/1] (0.43ns)   --->   "%iteration_mid2 = select i1 %exitcond, i19 %tmp_5, i19 %iteration" [Sep_Convolution_Filter/sep_convolution_filter.cpp:94]   --->   Core 26 'Sel' <Latency = 0> <II = 1> <Delay = 0.52> <FuncUnit> <Opcode : 'select'> <InPorts = 3> <OutPorts = 1>
ST_2 : Operation 79 [1/1] (0.45ns)   --->   "%row_mid2 = select i1 %exitcond, i9 %row_s, i9 %row" [Sep_Convolution_Filter/sep_convolution_filter.cpp:94]   --->   Core 26 'Sel' <Latency = 0> <II = 1> <Delay = 0.52> <FuncUnit> <Opcode : 'select'> <InPorts = 3> <OutPorts = 1>
ST_2 : Operation 80 [1/1] (0.00ns)   --->   "call void (...)* @_ssdm_op_SpecLoopName([9 x i8]* @p_str8) nounwind" [Sep_Convolution_Filter/sep_convolution_filter.cpp:95]
ST_2 : Operation 81 [1/1] (0.00ns)   --->   "%tmp_1 = call i32 (...)* @_ssdm_op_SpecRegionBegin([9 x i8]* @p_str8)" [Sep_Convolution_Filter/sep_convolution_filter.cpp:95]
ST_2 : Operation 82 [1/1] (0.00ns)   --->   "call void (...)* @_ssdm_op_SpecPipeline(i32 1, i32 1, i32 1, i32 0, [1 x i8]* @p_str) nounwind" [Sep_Convolution_Filter/sep_convolution_filter.cpp:96]
ST_2 : Operation 83 [1/1] (0.91ns)   --->   "%tmp_9 = icmp ult i19 %iteration_1_mid2, 49" [Sep_Convolution_Filter/sep_convolution_filter.cpp:100]   --->   Core 25 'Cmp' <Latency = 0> <II = 1> <Delay = 0.85> <FuncUnit> <Opcode : 'icmp'> <InPorts = 2> <OutPorts = 1>
ST_2 : Operation 84 [1/1] (0.00ns)   --->   "br i1 %tmp_9, label %._crit_edge75, label %8" [Sep_Convolution_Filter/sep_convolution_filter.cpp:100]
ST_2 : Operation 85 [1/1] (0.91ns)   --->   "%tmp_8 = icmp eq i19 %iteration_1_mid2, 49" [Sep_Convolution_Filter/sep_convolution_filter.cpp:119]   --->   Core 25 'Cmp' <Latency = 0> <II = 1> <Delay = 0.85> <FuncUnit> <Opcode : 'icmp'> <InPorts = 2> <OutPorts = 1>
ST_2 : Operation 86 [1/1] (0.00ns)   --->   "br i1 %tmp_8, label %9, label %10" [Sep_Convolution_Filter/sep_convolution_filter.cpp:119]
ST_2 : Operation 87 [1/1] (0.91ns)   --->   "%tmp_4 = icmp eq i19 %iteration_1_mid2, 50" [Sep_Convolution_Filter/sep_convolution_filter.cpp:121]   --->   Core 25 'Cmp' <Latency = 0> <II = 1> <Delay = 0.85> <FuncUnit> <Opcode : 'icmp'> <InPorts = 2> <OutPorts = 1>
ST_2 : Operation 88 [1/1] (0.00ns)   --->   "br i1 %tmp_4, label %11, label %._crit_edge78" [Sep_Convolution_Filter/sep_convolution_filter.cpp:121]
ST_2 : Operation 89 [2/2] (0.79ns)   --->   "%kernel_config_V_load_2 = load i8* %kernel_config_V_addr_1, align 1" [Sep_Convolution_Filter/sep_convolution_filter.cpp:122]   --->   Core 37 'RAM' <Latency = 1> <II = 1> <Delay = 1.35> <Storage> <Opcode : 'load' 'store'> <Ports = 2> <Width = 8> <Depth = 640> <RAM>
ST_2 : Operation 90 [1/1] (0.00ns)   --->   "br label %12"
ST_2 : Operation 91 [2/2] (0.79ns)   --->   "%kernel_config_V_load = load i8* %kernel_config_V_addr, align 1" [Sep_Convolution_Filter/sep_convolution_filter.cpp:120]   --->   Core 37 'RAM' <Latency = 1> <II = 1> <Delay = 1.35> <Storage> <Opcode : 'load' 'store'> <Ports = 2> <Width = 8> <Depth = 640> <RAM>
ST_2 : Operation 92 [1/1] (0.00ns)   --->   "br label %13"
ST_2 : Operation 93 [1/1] (0.00ns)   --->   "%i_1_load = load i32* %i_1" [Sep_Convolution_Filter/sep_convolution_filter.cpp:105]
ST_2 : Operation 94 [1/1] (0.00ns)   --->   "%j_1_load = load i32* %j_1" [Sep_Convolution_Filter/sep_convolution_filter.cpp:102]
ST_2 : Operation 95 [1/1] (1.11ns)   --->   "%tmp_s = icmp sgt i32 %j_1_load, 6" [Sep_Convolution_Filter/sep_convolution_filter.cpp:102]   --->   Core 25 'Cmp' <Latency = 0> <II = 1> <Delay = 0.85> <FuncUnit> <Opcode : 'icmp'> <InPorts = 2> <OutPorts = 1>
ST_2 : Operation 96 [1/1] (1.20ns)   --->   "%tmp_2 = add nsw i32 %i_1_load, 1" [Sep_Convolution_Filter/sep_convolution_filter.cpp:105]   --->   Core 14 'AddSub' <Latency = 0> <II = 1> <Delay = 0.93> <FuncUnit> <Opcode : 'add' 'sub'> <InPorts = 2> <OutPorts = 1>
ST_2 : Operation 97 [1/1] (0.52ns)   --->   "%p_j_1 = select i1 %tmp_s, i32 0, i32 %j_1_load" [Sep_Convolution_Filter/sep_convolution_filter.cpp:102]   --->   Core 26 'Sel' <Latency = 0> <II = 1> <Delay = 0.52> <FuncUnit> <Opcode : 'select'> <InPorts = 3> <OutPorts = 1>
ST_2 : Operation 98 [1/1] (0.52ns)   --->   "%tmp_2_i_1 = select i1 %tmp_s, i32 %tmp_2, i32 %i_1_load" [Sep_Convolution_Filter/sep_convolution_filter.cpp:102]   --->   Core 26 'Sel' <Latency = 0> <II = 1> <Delay = 0.52> <FuncUnit> <Opcode : 'select'> <InPorts = 3> <OutPorts = 1>
ST_2 : Operation 99 [1/1] (1.11ns)   --->   "%tmp_3 = icmp eq i32 %tmp_2_i_1, 0" [Sep_Convolution_Filter/sep_convolution_filter.cpp:108]   --->   Core 25 'Cmp' <Latency = 0> <II = 1> <Delay = 0.85> <FuncUnit> <Opcode : 'icmp'> <InPorts = 2> <OutPorts = 1>
ST_2 : Operation 100 [1/1] (0.00ns)   --->   "br i1 %tmp_3, label %1, label %4" [Sep_Convolution_Filter/sep_convolution_filter.cpp:108]
ST_2 : Operation 101 [1/1] (1.11ns)   --->   "%tmp_11 = icmp eq i32 %p_j_1, 0" [Sep_Convolution_Filter/sep_convolution_filter.cpp:114]   --->   Core 25 'Cmp' <Latency = 0> <II = 1> <Delay = 0.85> <FuncUnit> <Opcode : 'icmp'> <InPorts = 2> <OutPorts = 1>
ST_2 : Operation 102 [1/1] (0.00ns)   --->   "br i1 %tmp_11, label %5, label %._crit_edge77" [Sep_Convolution_Filter/sep_convolution_filter.cpp:114]
ST_2 : Operation 103 [1/1] (0.00ns)   --->   "%tmp_12 = zext i19 %iteration_1_mid2 to i64" [Sep_Convolution_Filter/sep_convolution_filter.cpp:115]
ST_2 : Operation 104 [1/1] (0.00ns)   --->   "%kernel_config_V_addr_3 = getelementptr [51 x i8]* %kernel_config_V, i64 0, i64 %tmp_12" [Sep_Convolution_Filter/sep_convolution_filter.cpp:115]
ST_2 : Operation 105 [2/2] (0.79ns)   --->   "%kernel_config_V_load_3 = load i8* %kernel_config_V_addr_3, align 1" [Sep_Convolution_Filter/sep_convolution_filter.cpp:115]   --->   Core 37 'RAM' <Latency = 1> <II = 1> <Delay = 1.35> <Storage> <Opcode : 'load' 'store'> <Ports = 2> <Width = 8> <Depth = 640> <RAM>
ST_2 : Operation 106 [1/1] (0.00ns)   --->   "%tmp_22 = trunc i32 %tmp_2_i_1 to i3" [Sep_Convolution_Filter/sep_convolution_filter.cpp:102]
ST_2 : Operation 107 [1/1] (0.88ns)   --->   "switch i3 %tmp_22, label %branch6 [
    i3 0, label %branch0
    i3 1, label %branch1
    i3 2, label %branch2
    i3 3, label %branch3
    i3 -4, label %branch4
    i3 -3, label %branch5
  ]" [Sep_Convolution_Filter/sep_convolution_filter.cpp:115]
ST_2 : Operation 108 [1/1] (0.00ns)   --->   "br label %._crit_edge77" [Sep_Convolution_Filter/sep_convolution_filter.cpp:115]
ST_2 : Operation 109 [1/1] (0.00ns)   --->   "br label %7"
ST_2 : Operation 110 [1/1] (0.00ns)   --->   "%tmp_10 = zext i19 %iteration_1_mid2 to i64" [Sep_Convolution_Filter/sep_convolution_filter.cpp:110]
ST_2 : Operation 111 [1/1] (0.00ns)   --->   "%kernel_config_V_addr_2 = getelementptr [51 x i8]* %kernel_config_V, i64 0, i64 %tmp_10" [Sep_Convolution_Filter/sep_convolution_filter.cpp:110]
ST_2 : Operation 112 [2/2] (0.79ns)   --->   "%kernel_config_V_load_1 = load i8* %kernel_config_V_addr_2, align 1" [Sep_Convolution_Filter/sep_convolution_filter.cpp:110]   --->   Core 37 'RAM' <Latency = 1> <II = 1> <Delay = 1.35> <Storage> <Opcode : 'load' 'store'> <Ports = 2> <Width = 8> <Depth = 640> <RAM>
ST_2 : Operation 113 [1/1] (0.00ns)   --->   "%tmp_21 = trunc i32 %p_j_1 to i3" [Sep_Convolution_Filter/sep_convolution_filter.cpp:102]
ST_2 : Operation 114 [1/1] (0.88ns)   --->   "switch i3 %tmp_21, label %branch13 [
    i3 0, label %branch7
    i3 1, label %branch8
    i3 2, label %branch9
    i3 3, label %branch10
    i3 -4, label %branch11
    i3 -3, label %branch12
  ]" [Sep_Convolution_Filter/sep_convolution_filter.cpp:110]
ST_2 : Operation 115 [1/1] (1.11ns)   --->   "%tmp_13 = icmp eq i32 %p_j_1, 0" [Sep_Convolution_Filter/sep_convolution_filter.cpp:111]   --->   Core 25 'Cmp' <Latency = 0> <II = 1> <Delay = 0.85> <FuncUnit> <Opcode : 'icmp'> <InPorts = 2> <OutPorts = 1>
ST_2 : Operation 116 [1/1] (0.00ns)   --->   "br i1 %tmp_13, label %3, label %._crit_edge76" [Sep_Convolution_Filter/sep_convolution_filter.cpp:111]
ST_2 : Operation 117 [1/1] (0.00ns)   --->   "br label %7" [Sep_Convolution_Filter/sep_convolution_filter.cpp:113]
ST_2 : Operation 118 [1/1] (1.20ns)   --->   "%tmp_14 = add nsw i32 %p_j_1, 1" [Sep_Convolution_Filter/sep_convolution_filter.cpp:117]   --->   Core 14 'AddSub' <Latency = 0> <II = 1> <Delay = 0.93> <FuncUnit> <Opcode : 'add' 'sub'> <InPorts = 2> <OutPorts = 1>
ST_2 : Operation 119 [1/1] (0.75ns)   --->   "store i32 %tmp_14, i32* %j_1" [Sep_Convolution_Filter/sep_convolution_filter.cpp:117]
ST_2 : Operation 120 [1/1] (0.75ns)   --->   "store i32 %tmp_2_i_1, i32* %i_1" [Sep_Convolution_Filter/sep_convolution_filter.cpp:102]
ST_2 : Operation 121 [1/1] (0.00ns)   --->   "br label %13" [Sep_Convolution_Filter/sep_convolution_filter.cpp:118]
ST_2 : Operation 122 [1/1] (0.85ns)   --->   "%tmp_15 = icmp ult i10 %col_mid2, -384" [Sep_Convolution_Filter/sep_convolution_filter.cpp:126]   --->   Core 25 'Cmp' <Latency = 0> <II = 1> <Delay = 0.85> <FuncUnit> <Opcode : 'icmp'> <InPorts = 2> <OutPorts = 1>
ST_2 : Operation 123 [1/1] (0.00ns)   --->   "br i1 %tmp_15, label %.preheader.preheader, label %.loopexit" [Sep_Convolution_Filter/sep_convolution_filter.cpp:126]
ST_2 : Operation 124 [1/1] (0.33ns)   --->   "%or_cond = and i1 %tmp_15, %tmp_5_mid2" [Sep_Convolution_Filter/sep_convolution_filter.cpp:137]   --->   Core 27 'LogicGate' <Latency = 0> <II = 1> <Delay = 0.33> <FuncUnit> <Opcode : 'and' 'or' 'xor'> <InPorts = 2> <OutPorts = 1>
ST_2 : Operation 125 [1/1] (0.00ns)   --->   "br i1 %or_cond, label %14, label %.loopexit._crit_edge" [Sep_Convolution_Filter/sep_convolution_filter.cpp:137]
ST_2 : Operation 126 [2/2] (0.00ns)   --->   "%in_temp_V = call i8 @_ssdm_op_Read.axis.volatile.i8P(i8* %in_img_V)" [Sep_Convolution_Filter/sep_convolution_filter.cpp:139]   --->   Core 5 'AXI4Stream' <Latency = 0> <II = 1> <Delay = 1.00> <Adapter> <Opcode : >
ST_2 : Operation 127 [1/1] (0.85ns)   --->   "%tmp_18 = icmp ugt i10 %col_mid2, 2" [Sep_Convolution_Filter/sep_convolution_filter.cpp:145]   --->   Core 25 'Cmp' <Latency = 0> <II = 1> <Delay = 0.85> <FuncUnit> <Opcode : 'icmp'> <InPorts = 2> <OutPorts = 1>
ST_2 : Operation 128 [1/1] (0.33ns)   --->   "%or_cond1 = and i1 %tmp_7_mid2, %tmp_18" [Sep_Convolution_Filter/sep_convolution_filter.cpp:145]   --->   Core 27 'LogicGate' <Latency = 0> <II = 1> <Delay = 0.33> <FuncUnit> <Opcode : 'and' 'or' 'xor'> <InPorts = 2> <OutPorts = 1>
ST_2 : Operation 129 [1/1] (0.00ns)   --->   "br i1 %or_cond1, label %codeRepl4, label %._crit_edge80" [Sep_Convolution_Filter/sep_convolution_filter.cpp:145]
ST_2 : Operation 130 [1/1] (1.05ns)   --->   "%tmp_20 = add i19 %iteration_1_mid2, 1" [Sep_Convolution_Filter/sep_convolution_filter.cpp:170]   --->   Core 14 'AddSub' <Latency = 0> <II = 1> <Delay = 0.93> <FuncUnit> <Opcode : 'add' 'sub'> <InPorts = 2> <OutPorts = 1>
ST_2 : Operation 131 [1/1] (0.00ns)   --->   "%empty = call i32 (...)* @_ssdm_op_SpecRegionEnd([9 x i8]* @p_str8, i32 %tmp_1)" [Sep_Convolution_Filter/sep_convolution_filter.cpp:173]
ST_2 : Operation 132 [1/1] (0.93ns)   --->   "%col_1 = add i10 %col_mid2, 1" [Sep_Convolution_Filter/sep_convolution_filter.cpp:94]   --->   Core 14 'AddSub' <Latency = 0> <II = 1> <Delay = 0.93> <FuncUnit> <Opcode : 'add' 'sub'> <InPorts = 2> <OutPorts = 1>
ST_2 : Operation 133 [1/1] (0.00ns)   --->   "br label %0"

 <State 3> : 1.54ns
ST_3 : Operation 134 [1/2] (0.79ns)   --->   "%kernel_config_V_load_2 = load i8* %kernel_config_V_addr_1, align 1" [Sep_Convolution_Filter/sep_convolution_filter.cpp:122]   --->   Core 37 'RAM' <Latency = 1> <II = 1> <Delay = 1.35> <Storage> <Opcode : 'load' 'store'> <Ports = 2> <Width = 8> <Depth = 640> <RAM>
ST_3 : Operation 135 [1/1] (0.00ns)   --->   "store i8 %kernel_config_V_load_2, i8* @kernel_off_V, align 1" [Sep_Convolution_Filter/sep_convolution_filter.cpp:122]
ST_3 : Operation 136 [1/1] (0.00ns)   --->   "br label %._crit_edge78" [Sep_Convolution_Filter/sep_convolution_filter.cpp:122]
ST_3 : Operation 137 [1/2] (0.79ns)   --->   "%kernel_config_V_load = load i8* %kernel_config_V_addr, align 1" [Sep_Convolution_Filter/sep_convolution_filter.cpp:120]   --->   Core 37 'RAM' <Latency = 1> <II = 1> <Delay = 1.35> <Storage> <Opcode : 'load' 'store'> <Ports = 2> <Width = 8> <Depth = 640> <RAM>
ST_3 : Operation 138 [1/1] (0.00ns)   --->   "store i8 %kernel_config_V_load, i8* @kernel_sum_V, align 1" [Sep_Convolution_Filter/sep_convolution_filter.cpp:120]
ST_3 : Operation 139 [1/1] (0.00ns)   --->   "br label %12" [Sep_Convolution_Filter/sep_convolution_filter.cpp:120]
ST_3 : Operation 140 [1/2] (0.79ns)   --->   "%kernel_config_V_load_3 = load i8* %kernel_config_V_addr_3, align 1" [Sep_Convolution_Filter/sep_convolution_filter.cpp:115]   --->   Core 37 'RAM' <Latency = 1> <II = 1> <Delay = 1.35> <Storage> <Opcode : 'load' 'store'> <Ports = 2> <Width = 8> <Depth = 640> <RAM>
ST_3 : Operation 141 [1/2] (0.79ns)   --->   "%kernel_config_V_load_1 = load i8* %kernel_config_V_addr_2, align 1" [Sep_Convolution_Filter/sep_convolution_filter.cpp:110]   --->   Core 37 'RAM' <Latency = 1> <II = 1> <Delay = 1.35> <Storage> <Opcode : 'load' 'store'> <Ports = 2> <Width = 8> <Depth = 640> <RAM>
ST_3 : Operation 142 [1/1] (0.00ns)   --->   "store i8 %kernel_config_V_load_1, i8* @kernel_h_V_0, align 1" [Sep_Convolution_Filter/sep_convolution_filter.cpp:110]
ST_3 : Operation 143 [1/1] (0.75ns)   --->   "store i8 %kernel_config_V_load_1, i8* %kernel_h_V_0_loc_1" [Sep_Convolution_Filter/sep_convolution_filter.cpp:110]
ST_3 : Operation 144 [1/1] (0.00ns)   --->   "br label %2" [Sep_Convolution_Filter/sep_convolution_filter.cpp:110]
ST_3 : Operation 145 [1/1] (0.00ns)   --->   "%tmp_16 = zext i10 %col_mid2 to i64" [Sep_Convolution_Filter/sep_convolution_filter.cpp:130]
ST_3 : Operation 146 [1/1] (0.00ns)   --->   "%line_buffer_V_0_addr = getelementptr [640 x i8]* @line_buffer_V_0, i64 0, i64 %tmp_16" [Sep_Convolution_Filter/sep_convolution_filter.cpp:130]
ST_3 : Operation 147 [2/2] (1.35ns)   --->   "%line_buffer_V_0_load = load i8* %line_buffer_V_0_addr, align 1" [Sep_Convolution_Filter/sep_convolution_filter.cpp:130]   --->   Core 37 'RAM' <Latency = 1> <II = 1> <Delay = 1.35> <Storage> <Opcode : 'load' 'store'> <Ports = 2> <Width = 8> <Depth = 640> <RAM>
ST_3 : Operation 148 [1/1] (0.00ns)   --->   "%line_buffer_V_1_addr = getelementptr [640 x i8]* @line_buffer_V_1, i64 0, i64 %tmp_16" [Sep_Convolution_Filter/sep_convolution_filter.cpp:130]
ST_3 : Operation 149 [2/2] (1.35ns)   --->   "%line_buffer_V_1_load = load i8* %line_buffer_V_1_addr, align 1" [Sep_Convolution_Filter/sep_convolution_filter.cpp:132]   --->   Core 37 'RAM' <Latency = 1> <II = 1> <Delay = 1.35> <Storage> <Opcode : 'load' 'store'> <Ports = 2> <Width = 8> <Depth = 640> <RAM>
ST_3 : Operation 150 [1/1] (0.00ns)   --->   "%line_buffer_V_2_addr = getelementptr [640 x i8]* @line_buffer_V_2, i64 0, i64 %tmp_16" [Sep_Convolution_Filter/sep_convolution_filter.cpp:130]
ST_3 : Operation 151 [2/2] (1.35ns)   --->   "%line_buffer_V_2_load = load i8* %line_buffer_V_2_addr, align 1" [Sep_Convolution_Filter/sep_convolution_filter.cpp:132]   --->   Core 37 'RAM' <Latency = 1> <II = 1> <Delay = 1.35> <Storage> <Opcode : 'load' 'store'> <Ports = 2> <Width = 8> <Depth = 640> <RAM>
ST_3 : Operation 152 [1/1] (0.00ns)   --->   "%line_buffer_V_3_addr = getelementptr [640 x i8]* @line_buffer_V_3, i64 0, i64 %tmp_16" [Sep_Convolution_Filter/sep_convolution_filter.cpp:130]
ST_3 : Operation 153 [2/2] (1.35ns)   --->   "%line_buffer_V_3_load = load i8* %line_buffer_V_3_addr, align 1" [Sep_Convolution_Filter/sep_convolution_filter.cpp:132]   --->   Core 37 'RAM' <Latency = 1> <II = 1> <Delay = 1.35> <Storage> <Opcode : 'load' 'store'> <Ports = 2> <Width = 8> <Depth = 640> <RAM>
ST_3 : Operation 154 [1/1] (0.00ns)   --->   "%line_buffer_V_4_addr = getelementptr [640 x i8]* @line_buffer_V_4, i64 0, i64 %tmp_16" [Sep_Convolution_Filter/sep_convolution_filter.cpp:130]
ST_3 : Operation 155 [2/2] (1.35ns)   --->   "%line_buffer_V_4_load = load i8* %line_buffer_V_4_addr, align 1" [Sep_Convolution_Filter/sep_convolution_filter.cpp:132]   --->   Core 37 'RAM' <Latency = 1> <II = 1> <Delay = 1.35> <Storage> <Opcode : 'load' 'store'> <Ports = 2> <Width = 8> <Depth = 640> <RAM>
ST_3 : Operation 156 [1/1] (0.00ns)   --->   "%line_buffer_V_5_addr = getelementptr [640 x i8]* @line_buffer_V_5, i64 0, i64 %tmp_16" [Sep_Convolution_Filter/sep_convolution_filter.cpp:130]
ST_3 : Operation 157 [2/2] (1.35ns)   --->   "%line_buffer_V_5_load = load i8* %line_buffer_V_5_addr, align 1" [Sep_Convolution_Filter/sep_convolution_filter.cpp:132]   --->   Core 37 'RAM' <Latency = 1> <II = 1> <Delay = 1.35> <Storage> <Opcode : 'load' 'store'> <Ports = 2> <Width = 8> <Depth = 640> <RAM>
ST_3 : Operation 158 [1/2] (0.00ns)   --->   "%in_temp_V = call i8 @_ssdm_op_Read.axis.volatile.i8P(i8* %in_img_V)" [Sep_Convolution_Filter/sep_convolution_filter.cpp:139]   --->   Core 5 'AXI4Stream' <Latency = 0> <II = 1> <Delay = 1.00> <Adapter> <Opcode : >

 <State 4> : 2.70ns
ST_4 : Operation 159 [1/1] (0.00ns)   --->   "store i8 %kernel_config_V_load_3, i8* @kernel_v_V_5, align 1" [Sep_Convolution_Filter/sep_convolution_filter.cpp:115]
ST_4 : Operation 160 [1/1] (0.00ns)   --->   "br label %6" [Sep_Convolution_Filter/sep_convolution_filter.cpp:115]
ST_4 : Operation 161 [1/1] (0.00ns)   --->   "store i8 %kernel_config_V_load_3, i8* @kernel_v_V_4, align 1" [Sep_Convolution_Filter/sep_convolution_filter.cpp:115]
ST_4 : Operation 162 [1/1] (0.00ns)   --->   "br label %6" [Sep_Convolution_Filter/sep_convolution_filter.cpp:115]
ST_4 : Operation 163 [1/1] (0.00ns)   --->   "store i8 %kernel_config_V_load_3, i8* @kernel_v_V_3, align 1" [Sep_Convolution_Filter/sep_convolution_filter.cpp:115]
ST_4 : Operation 164 [1/1] (0.00ns)   --->   "br label %6" [Sep_Convolution_Filter/sep_convolution_filter.cpp:115]
ST_4 : Operation 165 [1/1] (0.00ns)   --->   "store i8 %kernel_config_V_load_3, i8* @kernel_v_V_2, align 1" [Sep_Convolution_Filter/sep_convolution_filter.cpp:115]
ST_4 : Operation 166 [1/1] (0.00ns)   --->   "br label %6" [Sep_Convolution_Filter/sep_convolution_filter.cpp:115]
ST_4 : Operation 167 [1/1] (0.00ns)   --->   "store i8 %kernel_config_V_load_3, i8* @kernel_v_V_1, align 1" [Sep_Convolution_Filter/sep_convolution_filter.cpp:115]
ST_4 : Operation 168 [1/1] (0.00ns)   --->   "br label %6" [Sep_Convolution_Filter/sep_convolution_filter.cpp:115]
ST_4 : Operation 169 [1/1] (0.75ns)   --->   "store i8 %kernel_config_V_load_3, i8* @kernel_v_V_0, align 1" [Sep_Convolution_Filter/sep_convolution_filter.cpp:115]
ST_4 : Operation 170 [1/1] (0.00ns)   --->   "br label %6" [Sep_Convolution_Filter/sep_convolution_filter.cpp:115]
ST_4 : Operation 171 [1/1] (0.00ns)   --->   "store i8 %kernel_config_V_load_3, i8* @kernel_v_V_6, align 1" [Sep_Convolution_Filter/sep_convolution_filter.cpp:115]
ST_4 : Operation 172 [1/1] (0.00ns)   --->   "br label %6" [Sep_Convolution_Filter/sep_convolution_filter.cpp:115]
ST_4 : Operation 173 [1/1] (0.00ns)   --->   "store i8 %kernel_config_V_load_1, i8* @kernel_h_V_5, align 1" [Sep_Convolution_Filter/sep_convolution_filter.cpp:110]
ST_4 : Operation 174 [1/1] (0.00ns)   --->   "br label %2" [Sep_Convolution_Filter/sep_convolution_filter.cpp:110]
ST_4 : Operation 175 [1/1] (0.00ns)   --->   "store i8 %kernel_config_V_load_1, i8* @kernel_h_V_4, align 1" [Sep_Convolution_Filter/sep_convolution_filter.cpp:110]
ST_4 : Operation 176 [1/1] (0.00ns)   --->   "br label %2" [Sep_Convolution_Filter/sep_convolution_filter.cpp:110]
ST_4 : Operation 177 [1/1] (0.00ns)   --->   "store i8 %kernel_config_V_load_1, i8* @kernel_h_V_3, align 1" [Sep_Convolution_Filter/sep_convolution_filter.cpp:110]
ST_4 : Operation 178 [1/1] (0.00ns)   --->   "br label %2" [Sep_Convolution_Filter/sep_convolution_filter.cpp:110]
ST_4 : Operation 179 [1/1] (0.00ns)   --->   "store i8 %kernel_config_V_load_1, i8* @kernel_h_V_2, align 1" [Sep_Convolution_Filter/sep_convolution_filter.cpp:110]
ST_4 : Operation 180 [1/1] (0.00ns)   --->   "br label %2" [Sep_Convolution_Filter/sep_convolution_filter.cpp:110]
ST_4 : Operation 181 [1/1] (0.00ns)   --->   "store i8 %kernel_config_V_load_1, i8* @kernel_h_V_1, align 1" [Sep_Convolution_Filter/sep_convolution_filter.cpp:110]
ST_4 : Operation 182 [1/1] (0.00ns)   --->   "br label %2" [Sep_Convolution_Filter/sep_convolution_filter.cpp:110]
ST_4 : Operation 183 [1/1] (0.00ns)   --->   "store i8 %kernel_config_V_load_1, i8* @kernel_h_V_6, align 1" [Sep_Convolution_Filter/sep_convolution_filter.cpp:110]
ST_4 : Operation 184 [1/1] (0.00ns)   --->   "br label %2" [Sep_Convolution_Filter/sep_convolution_filter.cpp:110]
ST_4 : Operation 185 [1/1] (0.00ns)   --->   "%kernel_h_V_0_loc_1_l = load i8* %kernel_h_V_0_loc_1" [Sep_Convolution_Filter/sep_convolution_filter.cpp:112]
ST_4 : Operation 186 [1/1] (0.75ns)   --->   "store i8 %kernel_h_V_0_loc_1_l, i8* @kernel_v_V_0, align 1" [Sep_Convolution_Filter/sep_convolution_filter.cpp:112]
ST_4 : Operation 187 [1/1] (0.00ns)   --->   "br label %._crit_edge76" [Sep_Convolution_Filter/sep_convolution_filter.cpp:112]
ST_4 : Operation 188 [1/2] (1.35ns)   --->   "%line_buffer_V_0_load = load i8* %line_buffer_V_0_addr, align 1" [Sep_Convolution_Filter/sep_convolution_filter.cpp:130]   --->   Core 37 'RAM' <Latency = 1> <II = 1> <Delay = 1.35> <Storage> <Opcode : 'load' 'store'> <Ports = 2> <Width = 8> <Depth = 640> <RAM>
ST_4 : Operation 189 [1/1] (0.00ns)   --->   "store i8 %line_buffer_V_0_load, i8* @window_V_0, align 1" [Sep_Convolution_Filter/sep_convolution_filter.cpp:130]
ST_4 : Operation 190 [1/2] (1.35ns)   --->   "%line_buffer_V_1_load = load i8* %line_buffer_V_1_addr, align 1" [Sep_Convolution_Filter/sep_convolution_filter.cpp:132]   --->   Core 37 'RAM' <Latency = 1> <II = 1> <Delay = 1.35> <Storage> <Opcode : 'load' 'store'> <Ports = 2> <Width = 8> <Depth = 640> <RAM>
ST_4 : Operation 191 [1/1] (1.35ns)   --->   "store i8 %line_buffer_V_1_load, i8* %line_buffer_V_0_addr, align 1" [Sep_Convolution_Filter/sep_convolution_filter.cpp:132]   --->   Core 37 'RAM' <Latency = 1> <II = 1> <Delay = 1.35> <Storage> <Opcode : 'load' 'store'> <Ports = 2> <Width = 8> <Depth = 640> <RAM>
ST_4 : Operation 192 [1/1] (0.00ns)   --->   "store i8 %line_buffer_V_1_load, i8* @window_V_1, align 1" [Sep_Convolution_Filter/sep_convolution_filter.cpp:130]
ST_4 : Operation 193 [1/2] (1.35ns)   --->   "%line_buffer_V_2_load = load i8* %line_buffer_V_2_addr, align 1" [Sep_Convolution_Filter/sep_convolution_filter.cpp:132]   --->   Core 37 'RAM' <Latency = 1> <II = 1> <Delay = 1.35> <Storage> <Opcode : 'load' 'store'> <Ports = 2> <Width = 8> <Depth = 640> <RAM>
ST_4 : Operation 194 [1/1] (1.35ns)   --->   "store i8 %line_buffer_V_2_load, i8* %line_buffer_V_1_addr, align 1" [Sep_Convolution_Filter/sep_convolution_filter.cpp:132]   --->   Core 37 'RAM' <Latency = 1> <II = 1> <Delay = 1.35> <Storage> <Opcode : 'load' 'store'> <Ports = 2> <Width = 8> <Depth = 640> <RAM>
ST_4 : Operation 195 [1/1] (0.00ns)   --->   "store i8 %line_buffer_V_2_load, i8* @window_V_2, align 1" [Sep_Convolution_Filter/sep_convolution_filter.cpp:130]
ST_4 : Operation 196 [1/2] (1.35ns)   --->   "%line_buffer_V_3_load = load i8* %line_buffer_V_3_addr, align 1" [Sep_Convolution_Filter/sep_convolution_filter.cpp:132]   --->   Core 37 'RAM' <Latency = 1> <II = 1> <Delay = 1.35> <Storage> <Opcode : 'load' 'store'> <Ports = 2> <Width = 8> <Depth = 640> <RAM>
ST_4 : Operation 197 [1/1] (1.35ns)   --->   "store i8 %line_buffer_V_3_load, i8* %line_buffer_V_2_addr, align 1" [Sep_Convolution_Filter/sep_convolution_filter.cpp:132]   --->   Core 37 'RAM' <Latency = 1> <II = 1> <Delay = 1.35> <Storage> <Opcode : 'load' 'store'> <Ports = 2> <Width = 8> <Depth = 640> <RAM>
ST_4 : Operation 198 [1/1] (0.00ns)   --->   "store i8 %line_buffer_V_3_load, i8* @window_V_3, align 1" [Sep_Convolution_Filter/sep_convolution_filter.cpp:130]
ST_4 : Operation 199 [1/2] (1.35ns)   --->   "%line_buffer_V_4_load = load i8* %line_buffer_V_4_addr, align 1" [Sep_Convolution_Filter/sep_convolution_filter.cpp:132]   --->   Core 37 'RAM' <Latency = 1> <II = 1> <Delay = 1.35> <Storage> <Opcode : 'load' 'store'> <Ports = 2> <Width = 8> <Depth = 640> <RAM>
ST_4 : Operation 200 [1/1] (1.35ns)   --->   "store i8 %line_buffer_V_4_load, i8* %line_buffer_V_3_addr, align 1" [Sep_Convolution_Filter/sep_convolution_filter.cpp:132]   --->   Core 37 'RAM' <Latency = 1> <II = 1> <Delay = 1.35> <Storage> <Opcode : 'load' 'store'> <Ports = 2> <Width = 8> <Depth = 640> <RAM>
ST_4 : Operation 201 [1/1] (0.00ns)   --->   "store i8 %line_buffer_V_4_load, i8* @window_V_4, align 1" [Sep_Convolution_Filter/sep_convolution_filter.cpp:130]
ST_4 : Operation 202 [1/2] (1.35ns)   --->   "%line_buffer_V_5_load = load i8* %line_buffer_V_5_addr, align 1" [Sep_Convolution_Filter/sep_convolution_filter.cpp:132]   --->   Core 37 'RAM' <Latency = 1> <II = 1> <Delay = 1.35> <Storage> <Opcode : 'load' 'store'> <Ports = 2> <Width = 8> <Depth = 640> <RAM>
ST_4 : Operation 203 [1/1] (1.35ns)   --->   "store i8 %line_buffer_V_5_load, i8* %line_buffer_V_4_addr, align 1" [Sep_Convolution_Filter/sep_convolution_filter.cpp:132]   --->   Core 37 'RAM' <Latency = 1> <II = 1> <Delay = 1.35> <Storage> <Opcode : 'load' 'store'> <Ports = 2> <Width = 8> <Depth = 640> <RAM>
ST_4 : Operation 204 [1/1] (0.00ns)   --->   "store i8 %line_buffer_V_5_load, i8* @window_V_5, align 1" [Sep_Convolution_Filter/sep_convolution_filter.cpp:130]
ST_4 : Operation 205 [1/1] (0.00ns)   --->   "br label %.loopexit"
ST_4 : Operation 206 [1/1] (0.00ns)   --->   "store i8 %in_temp_V, i8* @window_V_6, align 1" [Sep_Convolution_Filter/sep_convolution_filter.cpp:140]
ST_4 : Operation 207 [1/1] (0.00ns)   --->   "%tmp_17 = zext i10 %col_mid2 to i64" [Sep_Convolution_Filter/sep_convolution_filter.cpp:141]
ST_4 : Operation 208 [1/1] (0.00ns)   --->   "%line_buffer_V_5_addr_1 = getelementptr [640 x i8]* @line_buffer_V_5, i64 0, i64 %tmp_17" [Sep_Convolution_Filter/sep_convolution_filter.cpp:141]
ST_4 : Operation 209 [1/1] (1.35ns)   --->   "store i8 %in_temp_V, i8* %line_buffer_V_5_addr_1, align 1" [Sep_Convolution_Filter/sep_convolution_filter.cpp:141]   --->   Core 37 'RAM' <Latency = 1> <II = 1> <Delay = 1.35> <Storage> <Opcode : 'load' 'store'> <Ports = 2> <Width = 8> <Depth = 640> <RAM>
ST_4 : Operation 210 [1/1] (0.00ns)   --->   "br label %.loopexit._crit_edge" [Sep_Convolution_Filter/sep_convolution_filter.cpp:142]
ST_4 : Operation 211 [1/1] (0.00ns)   --->   "%kernel_h_V_0_loc_1_l_1 = load i8* %kernel_h_V_0_loc_1" [Sep_Convolution_Filter/sep_convolution_filter.cpp:28->Sep_Convolution_Filter/sep_convolution_filter.cpp:148]
ST_4 : Operation 212 [1/1] (0.00ns)   --->   "%kernel_sum_V_load = load i8* @kernel_sum_V, align 1" [Sep_Convolution_Filter/sep_convolution_filter.cpp:148]
ST_4 : Operation 213 [1/1] (0.00ns)   --->   "%kernel_off_V_load = load i8* @kernel_off_V, align 1" [Sep_Convolution_Filter/sep_convolution_filter.cpp:148]

 <State 5> : 14.49ns
ST_5 : Operation 214 [1/1] (0.00ns)   --->   "%kernel_v_V_0_load = load i8* @kernel_v_V_0, align 1" [Sep_Convolution_Filter/sep_convolution_filter.cpp:22->Sep_Convolution_Filter/sep_convolution_filter.cpp:148]
ST_5 : Operation 215 [1/1] (0.00ns)   --->   "%lhs_V = sext i8 %kernel_v_V_0_load to i16" [Sep_Convolution_Filter/sep_convolution_filter.cpp:22->Sep_Convolution_Filter/sep_convolution_filter.cpp:148]
ST_5 : Operation 216 [1/1] (0.00ns)   --->   "%window_V_0_load = load i8* @window_V_0, align 1" [Sep_Convolution_Filter/sep_convolution_filter.cpp:22->Sep_Convolution_Filter/sep_convolution_filter.cpp:148]
ST_5 : Operation 217 [1/1] (0.00ns)   --->   "%rhs_V = zext i8 %window_V_0_load to i16" [Sep_Convolution_Filter/sep_convolution_filter.cpp:22->Sep_Convolution_Filter/sep_convolution_filter.cpp:148]
ST_5 : Operation 218 [1/1] (2.17ns)   --->   "%r_V = mul i16 %lhs_V, %rhs_V" [Sep_Convolution_Filter/sep_convolution_filter.cpp:22->Sep_Convolution_Filter/sep_convolution_filter.cpp:148]   --->   Core 16 'Mul' <Latency = 0> <II = 1> <Delay = 2.17> <FuncUnit> <Opcode : 'mul'> <InPorts = 2> <OutPorts = 1>
ST_5 : Operation 219 [1/1] (0.00ns)   --->   "%tmp_19_cast = sext i16 %r_V to i17" [Sep_Convolution_Filter/sep_convolution_filter.cpp:22->Sep_Convolution_Filter/sep_convolution_filter.cpp:148]
ST_5 : Operation 220 [1/1] (0.00ns)   --->   "%kernel_v_V_1_load = load i8* @kernel_v_V_1, align 1" [Sep_Convolution_Filter/sep_convolution_filter.cpp:22->Sep_Convolution_Filter/sep_convolution_filter.cpp:148]
ST_5 : Operation 221 [1/1] (0.00ns)   --->   "%lhs_V_s = sext i8 %kernel_v_V_1_load to i16" [Sep_Convolution_Filter/sep_convolution_filter.cpp:22->Sep_Convolution_Filter/sep_convolution_filter.cpp:148]
ST_5 : Operation 222 [1/1] (0.00ns)   --->   "%window_V_1_load = load i8* @window_V_1, align 1" [Sep_Convolution_Filter/sep_convolution_filter.cpp:22->Sep_Convolution_Filter/sep_convolution_filter.cpp:148]
ST_5 : Operation 223 [1/1] (0.00ns)   --->   "%rhs_V_s = zext i8 %window_V_1_load to i16" [Sep_Convolution_Filter/sep_convolution_filter.cpp:22->Sep_Convolution_Filter/sep_convolution_filter.cpp:148]
ST_5 : Operation 224 [1/1] (2.17ns)   --->   "%r_V_s = mul i16 %lhs_V_s, %rhs_V_s" [Sep_Convolution_Filter/sep_convolution_filter.cpp:22->Sep_Convolution_Filter/sep_convolution_filter.cpp:148]   --->   Core 16 'Mul' <Latency = 0> <II = 1> <Delay = 2.17> <FuncUnit> <Opcode : 'mul'> <InPorts = 2> <OutPorts = 1>
ST_5 : Operation 225 [1/1] (0.00ns)   --->   "%tmp_32_1_cast = sext i16 %r_V_s to i17" [Sep_Convolution_Filter/sep_convolution_filter.cpp:22->Sep_Convolution_Filter/sep_convolution_filter.cpp:148]
ST_5 : Operation 226 [1/1] (0.00ns)   --->   "%kernel_v_V_2_load = load i8* @kernel_v_V_2, align 1" [Sep_Convolution_Filter/sep_convolution_filter.cpp:22->Sep_Convolution_Filter/sep_convolution_filter.cpp:148]
ST_5 : Operation 227 [1/1] (0.00ns)   --->   "%lhs_V_3 = sext i8 %kernel_v_V_2_load to i16" [Sep_Convolution_Filter/sep_convolution_filter.cpp:22->Sep_Convolution_Filter/sep_convolution_filter.cpp:148]
ST_5 : Operation 228 [1/1] (0.00ns)   --->   "%window_V_2_load = load i8* @window_V_2, align 1" [Sep_Convolution_Filter/sep_convolution_filter.cpp:22->Sep_Convolution_Filter/sep_convolution_filter.cpp:148]
ST_5 : Operation 229 [1/1] (0.00ns)   --->   "%rhs_V_3 = zext i8 %window_V_2_load to i16" [Sep_Convolution_Filter/sep_convolution_filter.cpp:22->Sep_Convolution_Filter/sep_convolution_filter.cpp:148]
ST_5 : Operation 230 [1/1] (0.63ns)   --->   "%r_V_2 = mul i16 %lhs_V_3, %rhs_V_3" [Sep_Convolution_Filter/sep_convolution_filter.cpp:22->Sep_Convolution_Filter/sep_convolution_filter.cpp:148]   --->   Core 61 'DSP48' <Latency = 0> <II = 1> <Delay = 2.84> <IPBlock> <Opcode : 'mul' 'add' 'sub' 'select'> <InPorts = 2> <OutPorts = 1> <Sync> <CReg>
ST_5 : Operation 231 [1/1] (0.00ns)   --->   "%tmp_32_2_cast = sext i16 %r_V_2 to i17" [Sep_Convolution_Filter/sep_convolution_filter.cpp:22->Sep_Convolution_Filter/sep_convolution_filter.cpp:148]
ST_5 : Operation 232 [1/1] (0.00ns)   --->   "%kernel_v_V_3_load = load i8* @kernel_v_V_3, align 1" [Sep_Convolution_Filter/sep_convolution_filter.cpp:22->Sep_Convolution_Filter/sep_convolution_filter.cpp:148]
ST_5 : Operation 233 [1/1] (0.00ns)   --->   "%lhs_V_7 = sext i8 %kernel_v_V_3_load to i16" [Sep_Convolution_Filter/sep_convolution_filter.cpp:22->Sep_Convolution_Filter/sep_convolution_filter.cpp:148]
ST_5 : Operation 234 [1/1] (0.00ns)   --->   "%window_V_3_load = load i8* @window_V_3, align 1" [Sep_Convolution_Filter/sep_convolution_filter.cpp:22->Sep_Convolution_Filter/sep_convolution_filter.cpp:148]
ST_5 : Operation 235 [1/1] (0.00ns)   --->   "%rhs_V_7 = zext i8 %window_V_3_load to i16" [Sep_Convolution_Filter/sep_convolution_filter.cpp:22->Sep_Convolution_Filter/sep_convolution_filter.cpp:148]
ST_5 : Operation 236 [1/1] (0.63ns)   --->   "%r_V_3 = mul i16 %lhs_V_7, %rhs_V_7" [Sep_Convolution_Filter/sep_convolution_filter.cpp:22->Sep_Convolution_Filter/sep_convolution_filter.cpp:148]   --->   Core 61 'DSP48' <Latency = 0> <II = 1> <Delay = 2.84> <IPBlock> <Opcode : 'mul' 'add' 'sub' 'select'> <InPorts = 2> <OutPorts = 1> <Sync> <CReg>
ST_5 : Operation 237 [1/1] (0.00ns)   --->   "%tmp_32_3_cast = sext i16 %r_V_3 to i17" [Sep_Convolution_Filter/sep_convolution_filter.cpp:22->Sep_Convolution_Filter/sep_convolution_filter.cpp:148]
ST_5 : Operation 238 [1/1] (0.00ns)   --->   "%kernel_v_V_4_load = load i8* @kernel_v_V_4, align 1" [Sep_Convolution_Filter/sep_convolution_filter.cpp:22->Sep_Convolution_Filter/sep_convolution_filter.cpp:148]
ST_5 : Operation 239 [1/1] (0.00ns)   --->   "%lhs_V_4 = sext i8 %kernel_v_V_4_load to i16" [Sep_Convolution_Filter/sep_convolution_filter.cpp:22->Sep_Convolution_Filter/sep_convolution_filter.cpp:148]
ST_5 : Operation 240 [1/1] (0.00ns)   --->   "%window_V_4_load = load i8* @window_V_4, align 1" [Sep_Convolution_Filter/sep_convolution_filter.cpp:22->Sep_Convolution_Filter/sep_convolution_filter.cpp:148]
ST_5 : Operation 241 [1/1] (0.00ns)   --->   "%rhs_V_4 = zext i8 %window_V_4_load to i16" [Sep_Convolution_Filter/sep_convolution_filter.cpp:22->Sep_Convolution_Filter/sep_convolution_filter.cpp:148]
ST_5 : Operation 242 [1/1] (0.63ns)   --->   "%r_V_4 = mul i16 %lhs_V_4, %rhs_V_4" [Sep_Convolution_Filter/sep_convolution_filter.cpp:22->Sep_Convolution_Filter/sep_convolution_filter.cpp:148]   --->   Core 61 'DSP48' <Latency = 0> <II = 1> <Delay = 2.84> <IPBlock> <Opcode : 'mul' 'add' 'sub' 'select'> <InPorts = 2> <OutPorts = 1> <Sync> <CReg>
ST_5 : Operation 243 [1/1] (0.00ns)   --->   "%tmp_32_4_cast = sext i16 %r_V_4 to i18" [Sep_Convolution_Filter/sep_convolution_filter.cpp:22->Sep_Convolution_Filter/sep_convolution_filter.cpp:148]
ST_5 : Operation 244 [1/1] (0.00ns)   --->   "%kernel_v_V_5_load = load i8* @kernel_v_V_5, align 1" [Sep_Convolution_Filter/sep_convolution_filter.cpp:22->Sep_Convolution_Filter/sep_convolution_filter.cpp:148]
ST_5 : Operation 245 [1/1] (0.00ns)   --->   "%lhs_V_5 = sext i8 %kernel_v_V_5_load to i16" [Sep_Convolution_Filter/sep_convolution_filter.cpp:22->Sep_Convolution_Filter/sep_convolution_filter.cpp:148]
ST_5 : Operation 246 [1/1] (0.00ns)   --->   "%window_V_5_load = load i8* @window_V_5, align 1" [Sep_Convolution_Filter/sep_convolution_filter.cpp:22->Sep_Convolution_Filter/sep_convolution_filter.cpp:148]
ST_5 : Operation 247 [1/1] (0.00ns)   --->   "%rhs_V_5 = zext i8 %window_V_5_load to i16" [Sep_Convolution_Filter/sep_convolution_filter.cpp:22->Sep_Convolution_Filter/sep_convolution_filter.cpp:148]
ST_5 : Operation 248 [1/1] (2.17ns)   --->   "%r_V_7 = mul i16 %lhs_V_5, %rhs_V_5" [Sep_Convolution_Filter/sep_convolution_filter.cpp:22->Sep_Convolution_Filter/sep_convolution_filter.cpp:148]   --->   Core 16 'Mul' <Latency = 0> <II = 1> <Delay = 2.17> <FuncUnit> <Opcode : 'mul'> <InPorts = 2> <OutPorts = 1>
ST_5 : Operation 249 [1/1] (0.00ns)   --->   "%tmp_32_5_cast = sext i16 %r_V_7 to i17" [Sep_Convolution_Filter/sep_convolution_filter.cpp:22->Sep_Convolution_Filter/sep_convolution_filter.cpp:148]
ST_5 : Operation 250 [1/1] (0.00ns)   --->   "%kernel_v_V_6_load = load i8* @kernel_v_V_6, align 1" [Sep_Convolution_Filter/sep_convolution_filter.cpp:22->Sep_Convolution_Filter/sep_convolution_filter.cpp:148]
ST_5 : Operation 251 [1/1] (0.00ns)   --->   "%lhs_V_6 = sext i8 %kernel_v_V_6_load to i16" [Sep_Convolution_Filter/sep_convolution_filter.cpp:22->Sep_Convolution_Filter/sep_convolution_filter.cpp:148]
ST_5 : Operation 252 [1/1] (0.00ns)   --->   "%window_V_6_load = load i8* @window_V_6, align 1" [Sep_Convolution_Filter/sep_convolution_filter.cpp:22->Sep_Convolution_Filter/sep_convolution_filter.cpp:148]
ST_5 : Operation 253 [1/1] (0.00ns)   --->   "%rhs_V_6 = zext i8 %window_V_6_load to i16" [Sep_Convolution_Filter/sep_convolution_filter.cpp:22->Sep_Convolution_Filter/sep_convolution_filter.cpp:148]
ST_5 : Operation 254 [1/1] (0.63ns)   --->   "%r_V_6 = mul i16 %lhs_V_6, %rhs_V_6" [Sep_Convolution_Filter/sep_convolution_filter.cpp:22->Sep_Convolution_Filter/sep_convolution_filter.cpp:148]   --->   Core 61 'DSP48' <Latency = 0> <II = 1> <Delay = 2.84> <IPBlock> <Opcode : 'mul' 'add' 'sub' 'select'> <InPorts = 2> <OutPorts = 1> <Sync> <CReg>
ST_5 : Operation 255 [1/1] (0.00ns)   --->   "%tmp_32_6_cast = sext i16 %r_V_6 to i17" [Sep_Convolution_Filter/sep_convolution_filter.cpp:22->Sep_Convolution_Filter/sep_convolution_filter.cpp:148]
ST_5 : Operation 256 [1/1] (2.20ns)   --->   "%tmp6 = add i17 %tmp_32_5_cast, %tmp_32_3_cast" [Sep_Convolution_Filter/sep_convolution_filter.cpp:22->Sep_Convolution_Filter/sep_convolution_filter.cpp:148]   --->   Core 61 'DSP48' <Latency = 0> <II = 1> <Delay = 2.84> <IPBlock> <Opcode : 'mul' 'add' 'sub' 'select'> <InPorts = 2> <OutPorts = 1> <Sync> <CReg>
ST_5 : Operation 257 [1/1] (0.00ns)   --->   "%tmp6_cast = sext i17 %tmp6 to i18" [Sep_Convolution_Filter/sep_convolution_filter.cpp:22->Sep_Convolution_Filter/sep_convolution_filter.cpp:148]
ST_5 : Operation 258 [1/1] (2.20ns)   --->   "%tmp5 = add i18 %tmp6_cast, %tmp_32_4_cast" [Sep_Convolution_Filter/sep_convolution_filter.cpp:22->Sep_Convolution_Filter/sep_convolution_filter.cpp:148]   --->   Core 61 'DSP48' <Latency = 0> <II = 1> <Delay = 2.84> <IPBlock> <Opcode : 'mul' 'add' 'sub' 'select'> <InPorts = 2> <OutPorts = 1> <Sync> <CReg>
ST_5 : Operation 259 [1/1] (0.00ns)   --->   "%tmp5_cast = sext i18 %tmp5 to i19" [Sep_Convolution_Filter/sep_convolution_filter.cpp:22->Sep_Convolution_Filter/sep_convolution_filter.cpp:148]
ST_5 : Operation 260 [1/1] (2.20ns)   --->   "%tmp8 = add i17 %tmp_19_cast, %tmp_32_2_cast" [Sep_Convolution_Filter/sep_convolution_filter.cpp:22->Sep_Convolution_Filter/sep_convolution_filter.cpp:148]   --->   Core 61 'DSP48' <Latency = 0> <II = 1> <Delay = 2.84> <IPBlock> <Opcode : 'mul' 'add' 'sub' 'select'> <InPorts = 2> <OutPorts = 1> <Sync> <CReg>
ST_5 : Operation 261 [1/1] (0.00ns)   --->   "%tmp8_cast = sext i17 %tmp8 to i18" [Sep_Convolution_Filter/sep_convolution_filter.cpp:22->Sep_Convolution_Filter/sep_convolution_filter.cpp:148]
ST_5 : Operation 262 [1/1] (2.20ns)   --->   "%tmp9 = add i17 %tmp_32_1_cast, %tmp_32_6_cast" [Sep_Convolution_Filter/sep_convolution_filter.cpp:22->Sep_Convolution_Filter/sep_convolution_filter.cpp:148]   --->   Core 61 'DSP48' <Latency = 0> <II = 1> <Delay = 2.84> <IPBlock> <Opcode : 'mul' 'add' 'sub' 'select'> <InPorts = 2> <OutPorts = 1> <Sync> <CReg>
ST_5 : Operation 263 [1/1] (0.00ns)   --->   "%tmp9_cast = sext i17 %tmp9 to i18" [Sep_Convolution_Filter/sep_convolution_filter.cpp:22->Sep_Convolution_Filter/sep_convolution_filter.cpp:148]
ST_5 : Operation 264 [1/1] (1.02ns)   --->   "%tmp7 = add i18 %tmp9_cast, %tmp8_cast" [Sep_Convolution_Filter/sep_convolution_filter.cpp:22->Sep_Convolution_Filter/sep_convolution_filter.cpp:148]   --->   Core 14 'AddSub' <Latency = 0> <II = 1> <Delay = 0.93> <FuncUnit> <Opcode : 'add' 'sub'> <InPorts = 2> <OutPorts = 1>
ST_5 : Operation 265 [1/1] (0.00ns)   --->   "%tmp7_cast = sext i18 %tmp7 to i19" [Sep_Convolution_Filter/sep_convolution_filter.cpp:22->Sep_Convolution_Filter/sep_convolution_filter.cpp:148]
ST_5 : Operation 266 [1/1] (1.03ns)   --->   "%temp_v_V_6 = add i19 %tmp7_cast, %tmp5_cast" [Sep_Convolution_Filter/sep_convolution_filter.cpp:22->Sep_Convolution_Filter/sep_convolution_filter.cpp:148]   --->   Core 14 'AddSub' <Latency = 0> <II = 1> <Delay = 0.93> <FuncUnit> <Opcode : 'add' 'sub'> <InPorts = 2> <OutPorts = 1>
ST_5 : Operation 267 [1/1] (0.00ns)   --->   "%convolution_buffer_V = load i19* @convolution_buffer_V_1, align 4" [Sep_Convolution_Filter/sep_convolution_filter.cpp:27->Sep_Convolution_Filter/sep_convolution_filter.cpp:148]
ST_5 : Operation 268 [1/1] (0.00ns)   --->   "%lhs_V_8 = sext i19 %convolution_buffer_V to i27" [Sep_Convolution_Filter/sep_convolution_filter.cpp:28->Sep_Convolution_Filter/sep_convolution_filter.cpp:148]
ST_5 : Operation 269 [1/1] (0.00ns)   --->   "%rhs_V_8 = sext i8 %kernel_h_V_0_loc_1_l_1 to i27" [Sep_Convolution_Filter/sep_convolution_filter.cpp:28->Sep_Convolution_Filter/sep_convolution_filter.cpp:148]
ST_5 : Operation 270 [1/1] (0.63ns)   --->   "%r_V_5 = mul i27 %lhs_V_8, %rhs_V_8" [Sep_Convolution_Filter/sep_convolution_filter.cpp:28->Sep_Convolution_Filter/sep_convolution_filter.cpp:148]   --->   Core 61 'DSP48' <Latency = 0> <II = 1> <Delay = 2.84> <IPBlock> <Opcode : 'mul' 'add' 'sub' 'select'> <InPorts = 2> <OutPorts = 1> <Sync> <CReg>
ST_5 : Operation 271 [1/1] (0.00ns)   --->   "%tmp_20_cast = sext i27 %r_V_5 to i28" [Sep_Convolution_Filter/sep_convolution_filter.cpp:27->Sep_Convolution_Filter/sep_convolution_filter.cpp:148]
ST_5 : Operation 272 [1/1] (0.00ns)   --->   "%convolution_buffer_V_7 = load i19* @convolution_buffer_V_2, align 8" [Sep_Convolution_Filter/sep_convolution_filter.cpp:27->Sep_Convolution_Filter/sep_convolution_filter.cpp:148]
ST_5 : Operation 273 [1/1] (0.00ns)   --->   "store i19 %convolution_buffer_V_7, i19* @convolution_buffer_V_1, align 4" [Sep_Convolution_Filter/sep_convolution_filter.cpp:27->Sep_Convolution_Filter/sep_convolution_filter.cpp:148]
ST_5 : Operation 274 [1/1] (0.00ns)   --->   "%lhs_V_3_1 = sext i19 %convolution_buffer_V_7 to i27" [Sep_Convolution_Filter/sep_convolution_filter.cpp:28->Sep_Convolution_Filter/sep_convolution_filter.cpp:148]
ST_5 : Operation 275 [1/1] (0.00ns)   --->   "%kernel_h_V_1_load = load i8* @kernel_h_V_1, align 1" [Sep_Convolution_Filter/sep_convolution_filter.cpp:28->Sep_Convolution_Filter/sep_convolution_filter.cpp:148]
ST_5 : Operation 276 [1/1] (0.00ns)   --->   "%rhs_V_3_1 = sext i8 %kernel_h_V_1_load to i27" [Sep_Convolution_Filter/sep_convolution_filter.cpp:28->Sep_Convolution_Filter/sep_convolution_filter.cpp:148]
ST_5 : Operation 277 [1/1] (2.84ns)   --->   "%r_V_4_1 = mul i27 %lhs_V_3_1, %rhs_V_3_1" [Sep_Convolution_Filter/sep_convolution_filter.cpp:28->Sep_Convolution_Filter/sep_convolution_filter.cpp:148]   --->   Core 61 'DSP48' <Latency = 0> <II = 1> <Delay = 2.84> <IPBlock> <Opcode : 'mul' 'add' 'sub' 'select'> <InPorts = 2> <OutPorts = 1> <Sync> <CReg>
ST_5 : Operation 278 [1/1] (0.00ns)   --->   "%tmp_42_1_cast = sext i27 %r_V_4_1 to i28" [Sep_Convolution_Filter/sep_convolution_filter.cpp:27->Sep_Convolution_Filter/sep_convolution_filter.cpp:148]
ST_5 : Operation 279 [1/1] (0.00ns)   --->   "%convolution_buffer_V_8 = load i19* @convolution_buffer_V_3, align 4" [Sep_Convolution_Filter/sep_convolution_filter.cpp:27->Sep_Convolution_Filter/sep_convolution_filter.cpp:148]
ST_5 : Operation 280 [1/1] (0.00ns)   --->   "store i19 %convolution_buffer_V_8, i19* @convolution_buffer_V_2, align 8" [Sep_Convolution_Filter/sep_convolution_filter.cpp:27->Sep_Convolution_Filter/sep_convolution_filter.cpp:148]
ST_5 : Operation 281 [1/1] (0.00ns)   --->   "%lhs_V_3_2 = sext i19 %convolution_buffer_V_8 to i27" [Sep_Convolution_Filter/sep_convolution_filter.cpp:28->Sep_Convolution_Filter/sep_convolution_filter.cpp:148]
ST_5 : Operation 282 [1/1] (0.00ns)   --->   "%kernel_h_V_2_load = load i8* @kernel_h_V_2, align 1" [Sep_Convolution_Filter/sep_convolution_filter.cpp:28->Sep_Convolution_Filter/sep_convolution_filter.cpp:148]
ST_5 : Operation 283 [1/1] (0.00ns)   --->   "%rhs_V_3_2 = sext i8 %kernel_h_V_2_load to i27" [Sep_Convolution_Filter/sep_convolution_filter.cpp:28->Sep_Convolution_Filter/sep_convolution_filter.cpp:148]
ST_5 : Operation 284 [1/1] (0.63ns)   --->   "%r_V_4_2 = mul i27 %lhs_V_3_2, %rhs_V_3_2" [Sep_Convolution_Filter/sep_convolution_filter.cpp:28->Sep_Convolution_Filter/sep_convolution_filter.cpp:148]   --->   Core 61 'DSP48' <Latency = 0> <II = 1> <Delay = 2.84> <IPBlock> <Opcode : 'mul' 'add' 'sub' 'select'> <InPorts = 2> <OutPorts = 1> <Sync> <CReg>
ST_5 : Operation 285 [1/1] (0.00ns)   --->   "%tmp_42_2_cast = sext i27 %r_V_4_2 to i28" [Sep_Convolution_Filter/sep_convolution_filter.cpp:27->Sep_Convolution_Filter/sep_convolution_filter.cpp:148]
ST_5 : Operation 286 [1/1] (0.00ns)   --->   "%convolution_buffer_V_9 = load i19* @convolution_buffer_V_4, align 16" [Sep_Convolution_Filter/sep_convolution_filter.cpp:27->Sep_Convolution_Filter/sep_convolution_filter.cpp:148]
ST_5 : Operation 287 [1/1] (0.00ns)   --->   "store i19 %convolution_buffer_V_9, i19* @convolution_buffer_V_3, align 4" [Sep_Convolution_Filter/sep_convolution_filter.cpp:27->Sep_Convolution_Filter/sep_convolution_filter.cpp:148]
ST_5 : Operation 288 [1/1] (0.00ns)   --->   "%lhs_V_3_3 = sext i19 %convolution_buffer_V_9 to i27" [Sep_Convolution_Filter/sep_convolution_filter.cpp:28->Sep_Convolution_Filter/sep_convolution_filter.cpp:148]
ST_5 : Operation 289 [1/1] (0.00ns)   --->   "%kernel_h_V_3_load = load i8* @kernel_h_V_3, align 1" [Sep_Convolution_Filter/sep_convolution_filter.cpp:28->Sep_Convolution_Filter/sep_convolution_filter.cpp:148]
ST_5 : Operation 290 [1/1] (0.00ns)   --->   "%rhs_V_3_3 = sext i8 %kernel_h_V_3_load to i27" [Sep_Convolution_Filter/sep_convolution_filter.cpp:28->Sep_Convolution_Filter/sep_convolution_filter.cpp:148]
ST_5 : Operation 291 [1/1] (2.84ns)   --->   "%r_V_4_3 = mul i27 %lhs_V_3_3, %rhs_V_3_3" [Sep_Convolution_Filter/sep_convolution_filter.cpp:28->Sep_Convolution_Filter/sep_convolution_filter.cpp:148]   --->   Core 61 'DSP48' <Latency = 0> <II = 1> <Delay = 2.84> <IPBlock> <Opcode : 'mul' 'add' 'sub' 'select'> <InPorts = 2> <OutPorts = 1> <Sync> <CReg>
ST_5 : Operation 292 [1/1] (0.00ns)   --->   "%tmp_42_3_cast = sext i27 %r_V_4_3 to i28" [Sep_Convolution_Filter/sep_convolution_filter.cpp:27->Sep_Convolution_Filter/sep_convolution_filter.cpp:148]
ST_5 : Operation 293 [1/1] (0.00ns)   --->   "%convolution_buffer_V_10 = load i19* @convolution_buffer_V_5, align 4" [Sep_Convolution_Filter/sep_convolution_filter.cpp:27->Sep_Convolution_Filter/sep_convolution_filter.cpp:148]
ST_5 : Operation 294 [1/1] (0.00ns)   --->   "store i19 %convolution_buffer_V_10, i19* @convolution_buffer_V_4, align 16" [Sep_Convolution_Filter/sep_convolution_filter.cpp:27->Sep_Convolution_Filter/sep_convolution_filter.cpp:148]
ST_5 : Operation 295 [1/1] (0.00ns)   --->   "%lhs_V_3_4 = sext i19 %convolution_buffer_V_10 to i27" [Sep_Convolution_Filter/sep_convolution_filter.cpp:28->Sep_Convolution_Filter/sep_convolution_filter.cpp:148]
ST_5 : Operation 296 [1/1] (0.00ns)   --->   "%kernel_h_V_4_load = load i8* @kernel_h_V_4, align 1" [Sep_Convolution_Filter/sep_convolution_filter.cpp:28->Sep_Convolution_Filter/sep_convolution_filter.cpp:148]
ST_5 : Operation 297 [1/1] (0.00ns)   --->   "%rhs_V_3_4 = sext i8 %kernel_h_V_4_load to i27" [Sep_Convolution_Filter/sep_convolution_filter.cpp:28->Sep_Convolution_Filter/sep_convolution_filter.cpp:148]
ST_5 : Operation 298 [1/1] (0.63ns)   --->   "%r_V_4_4 = mul i27 %lhs_V_3_4, %rhs_V_3_4" [Sep_Convolution_Filter/sep_convolution_filter.cpp:28->Sep_Convolution_Filter/sep_convolution_filter.cpp:148]   --->   Core 61 'DSP48' <Latency = 0> <II = 1> <Delay = 2.84> <IPBlock> <Opcode : 'mul' 'add' 'sub' 'select'> <InPorts = 2> <OutPorts = 1> <Sync> <CReg>
ST_5 : Operation 299 [1/1] (0.00ns)   --->   "%tmp_42_4_cast = sext i27 %r_V_4_4 to i28" [Sep_Convolution_Filter/sep_convolution_filter.cpp:27->Sep_Convolution_Filter/sep_convolution_filter.cpp:148]
ST_5 : Operation 300 [1/1] (0.00ns)   --->   "%convolution_buffer_V_11 = load i19* @convolution_buffer_V_6, align 8" [Sep_Convolution_Filter/sep_convolution_filter.cpp:27->Sep_Convolution_Filter/sep_convolution_filter.cpp:148]
ST_5 : Operation 301 [1/1] (0.00ns)   --->   "store i19 %convolution_buffer_V_11, i19* @convolution_buffer_V_5, align 4" [Sep_Convolution_Filter/sep_convolution_filter.cpp:27->Sep_Convolution_Filter/sep_convolution_filter.cpp:148]
ST_5 : Operation 302 [1/1] (0.00ns)   --->   "%lhs_V_3_5 = sext i19 %convolution_buffer_V_11 to i27" [Sep_Convolution_Filter/sep_convolution_filter.cpp:28->Sep_Convolution_Filter/sep_convolution_filter.cpp:148]
ST_5 : Operation 303 [1/1] (0.00ns)   --->   "%kernel_h_V_5_load = load i8* @kernel_h_V_5, align 1" [Sep_Convolution_Filter/sep_convolution_filter.cpp:28->Sep_Convolution_Filter/sep_convolution_filter.cpp:148]
ST_5 : Operation 304 [1/1] (0.00ns)   --->   "%rhs_V_3_5 = sext i8 %kernel_h_V_5_load to i27" [Sep_Convolution_Filter/sep_convolution_filter.cpp:28->Sep_Convolution_Filter/sep_convolution_filter.cpp:148]
ST_5 : Operation 305 [1/1] (2.84ns)   --->   "%r_V_4_5 = mul i27 %lhs_V_3_5, %rhs_V_3_5" [Sep_Convolution_Filter/sep_convolution_filter.cpp:28->Sep_Convolution_Filter/sep_convolution_filter.cpp:148]   --->   Core 61 'DSP48' <Latency = 0> <II = 1> <Delay = 2.84> <IPBlock> <Opcode : 'mul' 'add' 'sub' 'select'> <InPorts = 2> <OutPorts = 1> <Sync> <CReg>
ST_5 : Operation 306 [1/1] (0.00ns)   --->   "%lhs_V_1 = sext i19 %temp_v_V_6 to i27" [Sep_Convolution_Filter/sep_convolution_filter.cpp:31->Sep_Convolution_Filter/sep_convolution_filter.cpp:148]
ST_5 : Operation 307 [1/1] (0.00ns)   --->   "%kernel_h_V_6_load = load i8* @kernel_h_V_6, align 1" [Sep_Convolution_Filter/sep_convolution_filter.cpp:31->Sep_Convolution_Filter/sep_convolution_filter.cpp:148]
ST_5 : Operation 308 [1/1] (0.00ns)   --->   "%rhs_V_1 = sext i8 %kernel_h_V_6_load to i27" [Sep_Convolution_Filter/sep_convolution_filter.cpp:31->Sep_Convolution_Filter/sep_convolution_filter.cpp:148]
ST_5 : Operation 309 [1/1] (0.63ns)   --->   "%r_V_1 = mul i27 %lhs_V_1, %rhs_V_1" [Sep_Convolution_Filter/sep_convolution_filter.cpp:31->Sep_Convolution_Filter/sep_convolution_filter.cpp:148]   --->   Core 61 'DSP48' <Latency = 0> <II = 1> <Delay = 2.84> <IPBlock> <Opcode : 'mul' 'add' 'sub' 'select'> <InPorts = 2> <OutPorts = 1> <Sync> <CReg>
ST_5 : Operation 310 [1/1] (2.20ns)   --->   "%tmp1 = add i28 %tmp_42_1_cast, %tmp_42_2_cast" [Sep_Convolution_Filter/sep_convolution_filter.cpp:31->Sep_Convolution_Filter/sep_convolution_filter.cpp:148]   --->   Core 61 'DSP48' <Latency = 0> <II = 1> <Delay = 2.84> <IPBlock> <Opcode : 'mul' 'add' 'sub' 'select'> <InPorts = 2> <OutPorts = 1> <Sync> <CReg>
ST_5 : Operation 311 [1/1] (2.20ns)   --->   "%tmp2 = add i28 %tmp1, %tmp_20_cast" [Sep_Convolution_Filter/sep_convolution_filter.cpp:31->Sep_Convolution_Filter/sep_convolution_filter.cpp:148]   --->   Core 61 'DSP48' <Latency = 0> <II = 1> <Delay = 2.84> <IPBlock> <Opcode : 'mul' 'add' 'sub' 'select'> <InPorts = 2> <OutPorts = 1> <Sync> <CReg>
ST_5 : Operation 312 [1/1] (0.00ns)   --->   "%tmp10_cast = sext i28 %tmp2 to i29" [Sep_Convolution_Filter/sep_convolution_filter.cpp:31->Sep_Convolution_Filter/sep_convolution_filter.cpp:148]
ST_5 : Operation 313 [1/1] (2.20ns)   --->   "%tmp3 = add i28 %tmp_42_3_cast, %tmp_42_4_cast" [Sep_Convolution_Filter/sep_convolution_filter.cpp:31->Sep_Convolution_Filter/sep_convolution_filter.cpp:148]   --->   Core 61 'DSP48' <Latency = 0> <II = 1> <Delay = 2.84> <IPBlock> <Opcode : 'mul' 'add' 'sub' 'select'> <InPorts = 2> <OutPorts = 1> <Sync> <CReg>
ST_5 : Operation 314 [1/1] (2.20ns)   --->   "%tmp4 = add i27 %r_V_4_5, %r_V_1" [Sep_Convolution_Filter/sep_convolution_filter.cpp:31->Sep_Convolution_Filter/sep_convolution_filter.cpp:148]   --->   Core 61 'DSP48' <Latency = 0> <II = 1> <Delay = 2.84> <IPBlock> <Opcode : 'mul' 'add' 'sub' 'select'> <InPorts = 2> <OutPorts = 1> <Sync> <CReg>
ST_5 : Operation 315 [1/1] (0.00ns)   --->   "%tmp14_cast = sext i27 %tmp4 to i28" [Sep_Convolution_Filter/sep_convolution_filter.cpp:31->Sep_Convolution_Filter/sep_convolution_filter.cpp:148]
ST_5 : Operation 316 [1/1] (1.15ns)   --->   "%tmp = add i28 %tmp14_cast, %tmp3" [Sep_Convolution_Filter/sep_convolution_filter.cpp:31->Sep_Convolution_Filter/sep_convolution_filter.cpp:148]   --->   Core 14 'AddSub' <Latency = 0> <II = 1> <Delay = 0.93> <FuncUnit> <Opcode : 'add' 'sub'> <InPorts = 2> <OutPorts = 1>
ST_5 : Operation 317 [1/1] (0.00ns)   --->   "%tmp12_cast = sext i28 %tmp to i29" [Sep_Convolution_Filter/sep_convolution_filter.cpp:31->Sep_Convolution_Filter/sep_convolution_filter.cpp:148]
ST_5 : Operation 318 [1/1] (1.15ns)   --->   "%temp_h_V = add i29 %tmp12_cast, %tmp10_cast" [Sep_Convolution_Filter/sep_convolution_filter.cpp:31->Sep_Convolution_Filter/sep_convolution_filter.cpp:148]   --->   Core 14 'AddSub' <Latency = 0> <II = 1> <Delay = 0.93> <FuncUnit> <Opcode : 'add' 'sub'> <InPorts = 2> <OutPorts = 1>
ST_5 : Operation 319 [1/1] (0.00ns)   --->   "%temp_h_V_cast = sext i29 %temp_h_V to i30" [Sep_Convolution_Filter/sep_convolution_filter.cpp:31->Sep_Convolution_Filter/sep_convolution_filter.cpp:148]
ST_5 : Operation 320 [1/1] (0.00ns)   --->   "store i19 %temp_v_V_6, i19* @convolution_buffer_V_6, align 8" [Sep_Convolution_Filter/sep_convolution_filter.cpp:32->Sep_Convolution_Filter/sep_convolution_filter.cpp:148]
ST_5 : Operation 321 [1/1] (0.00ns)   --->   "%tmp_35_tr = sext i8 %kernel_sum_V_load to i30" [Sep_Convolution_Filter/sep_convolution_filter.cpp:34->Sep_Convolution_Filter/sep_convolution_filter.cpp:148]
ST_5 : Operation 322 [34/34] (1.70ns)   --->   "%tmp_19 = sdiv i30 %temp_h_V_cast, %tmp_35_tr" [Sep_Convolution_Filter/sep_convolution_filter.cpp:34->Sep_Convolution_Filter/sep_convolution_filter.cpp:148]   --->   Core 23 'DivnS' <Latency = 33> <II = 1> <Delay = 1.70> <FuncUnit> <Opcode : 'sdiv' 'srem' 'udiv' 'urem'> <InPorts = 2> <OutPorts = 1>

 <State 6> : 1.70ns
ST_6 : Operation 323 [33/34] (1.70ns)   --->   "%tmp_19 = sdiv i30 %temp_h_V_cast, %tmp_35_tr" [Sep_Convolution_Filter/sep_convolution_filter.cpp:34->Sep_Convolution_Filter/sep_convolution_filter.cpp:148]   --->   Core 23 'DivnS' <Latency = 33> <II = 1> <Delay = 1.70> <FuncUnit> <Opcode : 'sdiv' 'srem' 'udiv' 'urem'> <InPorts = 2> <OutPorts = 1>

 <State 7> : 1.70ns
ST_7 : Operation 324 [32/34] (1.70ns)   --->   "%tmp_19 = sdiv i30 %temp_h_V_cast, %tmp_35_tr" [Sep_Convolution_Filter/sep_convolution_filter.cpp:34->Sep_Convolution_Filter/sep_convolution_filter.cpp:148]   --->   Core 23 'DivnS' <Latency = 33> <II = 1> <Delay = 1.70> <FuncUnit> <Opcode : 'sdiv' 'srem' 'udiv' 'urem'> <InPorts = 2> <OutPorts = 1>

 <State 8> : 1.70ns
ST_8 : Operation 325 [31/34] (1.70ns)   --->   "%tmp_19 = sdiv i30 %temp_h_V_cast, %tmp_35_tr" [Sep_Convolution_Filter/sep_convolution_filter.cpp:34->Sep_Convolution_Filter/sep_convolution_filter.cpp:148]   --->   Core 23 'DivnS' <Latency = 33> <II = 1> <Delay = 1.70> <FuncUnit> <Opcode : 'sdiv' 'srem' 'udiv' 'urem'> <InPorts = 2> <OutPorts = 1>

 <State 9> : 1.70ns
ST_9 : Operation 326 [30/34] (1.70ns)   --->   "%tmp_19 = sdiv i30 %temp_h_V_cast, %tmp_35_tr" [Sep_Convolution_Filter/sep_convolution_filter.cpp:34->Sep_Convolution_Filter/sep_convolution_filter.cpp:148]   --->   Core 23 'DivnS' <Latency = 33> <II = 1> <Delay = 1.70> <FuncUnit> <Opcode : 'sdiv' 'srem' 'udiv' 'urem'> <InPorts = 2> <OutPorts = 1>

 <State 10> : 1.70ns
ST_10 : Operation 327 [29/34] (1.70ns)   --->   "%tmp_19 = sdiv i30 %temp_h_V_cast, %tmp_35_tr" [Sep_Convolution_Filter/sep_convolution_filter.cpp:34->Sep_Convolution_Filter/sep_convolution_filter.cpp:148]   --->   Core 23 'DivnS' <Latency = 33> <II = 1> <Delay = 1.70> <FuncUnit> <Opcode : 'sdiv' 'srem' 'udiv' 'urem'> <InPorts = 2> <OutPorts = 1>

 <State 11> : 1.70ns
ST_11 : Operation 328 [28/34] (1.70ns)   --->   "%tmp_19 = sdiv i30 %temp_h_V_cast, %tmp_35_tr" [Sep_Convolution_Filter/sep_convolution_filter.cpp:34->Sep_Convolution_Filter/sep_convolution_filter.cpp:148]   --->   Core 23 'DivnS' <Latency = 33> <II = 1> <Delay = 1.70> <FuncUnit> <Opcode : 'sdiv' 'srem' 'udiv' 'urem'> <InPorts = 2> <OutPorts = 1>

 <State 12> : 1.70ns
ST_12 : Operation 329 [27/34] (1.70ns)   --->   "%tmp_19 = sdiv i30 %temp_h_V_cast, %tmp_35_tr" [Sep_Convolution_Filter/sep_convolution_filter.cpp:34->Sep_Convolution_Filter/sep_convolution_filter.cpp:148]   --->   Core 23 'DivnS' <Latency = 33> <II = 1> <Delay = 1.70> <FuncUnit> <Opcode : 'sdiv' 'srem' 'udiv' 'urem'> <InPorts = 2> <OutPorts = 1>

 <State 13> : 1.70ns
ST_13 : Operation 330 [26/34] (1.70ns)   --->   "%tmp_19 = sdiv i30 %temp_h_V_cast, %tmp_35_tr" [Sep_Convolution_Filter/sep_convolution_filter.cpp:34->Sep_Convolution_Filter/sep_convolution_filter.cpp:148]   --->   Core 23 'DivnS' <Latency = 33> <II = 1> <Delay = 1.70> <FuncUnit> <Opcode : 'sdiv' 'srem' 'udiv' 'urem'> <InPorts = 2> <OutPorts = 1>

 <State 14> : 1.70ns
ST_14 : Operation 331 [25/34] (1.70ns)   --->   "%tmp_19 = sdiv i30 %temp_h_V_cast, %tmp_35_tr" [Sep_Convolution_Filter/sep_convolution_filter.cpp:34->Sep_Convolution_Filter/sep_convolution_filter.cpp:148]   --->   Core 23 'DivnS' <Latency = 33> <II = 1> <Delay = 1.70> <FuncUnit> <Opcode : 'sdiv' 'srem' 'udiv' 'urem'> <InPorts = 2> <OutPorts = 1>

 <State 15> : 1.70ns
ST_15 : Operation 332 [24/34] (1.70ns)   --->   "%tmp_19 = sdiv i30 %temp_h_V_cast, %tmp_35_tr" [Sep_Convolution_Filter/sep_convolution_filter.cpp:34->Sep_Convolution_Filter/sep_convolution_filter.cpp:148]   --->   Core 23 'DivnS' <Latency = 33> <II = 1> <Delay = 1.70> <FuncUnit> <Opcode : 'sdiv' 'srem' 'udiv' 'urem'> <InPorts = 2> <OutPorts = 1>

 <State 16> : 1.70ns
ST_16 : Operation 333 [23/34] (1.70ns)   --->   "%tmp_19 = sdiv i30 %temp_h_V_cast, %tmp_35_tr" [Sep_Convolution_Filter/sep_convolution_filter.cpp:34->Sep_Convolution_Filter/sep_convolution_filter.cpp:148]   --->   Core 23 'DivnS' <Latency = 33> <II = 1> <Delay = 1.70> <FuncUnit> <Opcode : 'sdiv' 'srem' 'udiv' 'urem'> <InPorts = 2> <OutPorts = 1>

 <State 17> : 1.70ns
ST_17 : Operation 334 [22/34] (1.70ns)   --->   "%tmp_19 = sdiv i30 %temp_h_V_cast, %tmp_35_tr" [Sep_Convolution_Filter/sep_convolution_filter.cpp:34->Sep_Convolution_Filter/sep_convolution_filter.cpp:148]   --->   Core 23 'DivnS' <Latency = 33> <II = 1> <Delay = 1.70> <FuncUnit> <Opcode : 'sdiv' 'srem' 'udiv' 'urem'> <InPorts = 2> <OutPorts = 1>

 <State 18> : 1.70ns
ST_18 : Operation 335 [21/34] (1.70ns)   --->   "%tmp_19 = sdiv i30 %temp_h_V_cast, %tmp_35_tr" [Sep_Convolution_Filter/sep_convolution_filter.cpp:34->Sep_Convolution_Filter/sep_convolution_filter.cpp:148]   --->   Core 23 'DivnS' <Latency = 33> <II = 1> <Delay = 1.70> <FuncUnit> <Opcode : 'sdiv' 'srem' 'udiv' 'urem'> <InPorts = 2> <OutPorts = 1>

 <State 19> : 1.70ns
ST_19 : Operation 336 [20/34] (1.70ns)   --->   "%tmp_19 = sdiv i30 %temp_h_V_cast, %tmp_35_tr" [Sep_Convolution_Filter/sep_convolution_filter.cpp:34->Sep_Convolution_Filter/sep_convolution_filter.cpp:148]   --->   Core 23 'DivnS' <Latency = 33> <II = 1> <Delay = 1.70> <FuncUnit> <Opcode : 'sdiv' 'srem' 'udiv' 'urem'> <InPorts = 2> <OutPorts = 1>

 <State 20> : 1.70ns
ST_20 : Operation 337 [19/34] (1.70ns)   --->   "%tmp_19 = sdiv i30 %temp_h_V_cast, %tmp_35_tr" [Sep_Convolution_Filter/sep_convolution_filter.cpp:34->Sep_Convolution_Filter/sep_convolution_filter.cpp:148]   --->   Core 23 'DivnS' <Latency = 33> <II = 1> <Delay = 1.70> <FuncUnit> <Opcode : 'sdiv' 'srem' 'udiv' 'urem'> <InPorts = 2> <OutPorts = 1>

 <State 21> : 1.70ns
ST_21 : Operation 338 [18/34] (1.70ns)   --->   "%tmp_19 = sdiv i30 %temp_h_V_cast, %tmp_35_tr" [Sep_Convolution_Filter/sep_convolution_filter.cpp:34->Sep_Convolution_Filter/sep_convolution_filter.cpp:148]   --->   Core 23 'DivnS' <Latency = 33> <II = 1> <Delay = 1.70> <FuncUnit> <Opcode : 'sdiv' 'srem' 'udiv' 'urem'> <InPorts = 2> <OutPorts = 1>

 <State 22> : 1.70ns
ST_22 : Operation 339 [17/34] (1.70ns)   --->   "%tmp_19 = sdiv i30 %temp_h_V_cast, %tmp_35_tr" [Sep_Convolution_Filter/sep_convolution_filter.cpp:34->Sep_Convolution_Filter/sep_convolution_filter.cpp:148]   --->   Core 23 'DivnS' <Latency = 33> <II = 1> <Delay = 1.70> <FuncUnit> <Opcode : 'sdiv' 'srem' 'udiv' 'urem'> <InPorts = 2> <OutPorts = 1>

 <State 23> : 1.70ns
ST_23 : Operation 340 [16/34] (1.70ns)   --->   "%tmp_19 = sdiv i30 %temp_h_V_cast, %tmp_35_tr" [Sep_Convolution_Filter/sep_convolution_filter.cpp:34->Sep_Convolution_Filter/sep_convolution_filter.cpp:148]   --->   Core 23 'DivnS' <Latency = 33> <II = 1> <Delay = 1.70> <FuncUnit> <Opcode : 'sdiv' 'srem' 'udiv' 'urem'> <InPorts = 2> <OutPorts = 1>

 <State 24> : 1.70ns
ST_24 : Operation 341 [15/34] (1.70ns)   --->   "%tmp_19 = sdiv i30 %temp_h_V_cast, %tmp_35_tr" [Sep_Convolution_Filter/sep_convolution_filter.cpp:34->Sep_Convolution_Filter/sep_convolution_filter.cpp:148]   --->   Core 23 'DivnS' <Latency = 33> <II = 1> <Delay = 1.70> <FuncUnit> <Opcode : 'sdiv' 'srem' 'udiv' 'urem'> <InPorts = 2> <OutPorts = 1>

 <State 25> : 1.70ns
ST_25 : Operation 342 [14/34] (1.70ns)   --->   "%tmp_19 = sdiv i30 %temp_h_V_cast, %tmp_35_tr" [Sep_Convolution_Filter/sep_convolution_filter.cpp:34->Sep_Convolution_Filter/sep_convolution_filter.cpp:148]   --->   Core 23 'DivnS' <Latency = 33> <II = 1> <Delay = 1.70> <FuncUnit> <Opcode : 'sdiv' 'srem' 'udiv' 'urem'> <InPorts = 2> <OutPorts = 1>

 <State 26> : 1.70ns
ST_26 : Operation 343 [13/34] (1.70ns)   --->   "%tmp_19 = sdiv i30 %temp_h_V_cast, %tmp_35_tr" [Sep_Convolution_Filter/sep_convolution_filter.cpp:34->Sep_Convolution_Filter/sep_convolution_filter.cpp:148]   --->   Core 23 'DivnS' <Latency = 33> <II = 1> <Delay = 1.70> <FuncUnit> <Opcode : 'sdiv' 'srem' 'udiv' 'urem'> <InPorts = 2> <OutPorts = 1>

 <State 27> : 1.70ns
ST_27 : Operation 344 [12/34] (1.70ns)   --->   "%tmp_19 = sdiv i30 %temp_h_V_cast, %tmp_35_tr" [Sep_Convolution_Filter/sep_convolution_filter.cpp:34->Sep_Convolution_Filter/sep_convolution_filter.cpp:148]   --->   Core 23 'DivnS' <Latency = 33> <II = 1> <Delay = 1.70> <FuncUnit> <Opcode : 'sdiv' 'srem' 'udiv' 'urem'> <InPorts = 2> <OutPorts = 1>

 <State 28> : 1.70ns
ST_28 : Operation 345 [11/34] (1.70ns)   --->   "%tmp_19 = sdiv i30 %temp_h_V_cast, %tmp_35_tr" [Sep_Convolution_Filter/sep_convolution_filter.cpp:34->Sep_Convolution_Filter/sep_convolution_filter.cpp:148]   --->   Core 23 'DivnS' <Latency = 33> <II = 1> <Delay = 1.70> <FuncUnit> <Opcode : 'sdiv' 'srem' 'udiv' 'urem'> <InPorts = 2> <OutPorts = 1>

 <State 29> : 1.70ns
ST_29 : Operation 346 [10/34] (1.70ns)   --->   "%tmp_19 = sdiv i30 %temp_h_V_cast, %tmp_35_tr" [Sep_Convolution_Filter/sep_convolution_filter.cpp:34->Sep_Convolution_Filter/sep_convolution_filter.cpp:148]   --->   Core 23 'DivnS' <Latency = 33> <II = 1> <Delay = 1.70> <FuncUnit> <Opcode : 'sdiv' 'srem' 'udiv' 'urem'> <InPorts = 2> <OutPorts = 1>

 <State 30> : 1.70ns
ST_30 : Operation 347 [9/34] (1.70ns)   --->   "%tmp_19 = sdiv i30 %temp_h_V_cast, %tmp_35_tr" [Sep_Convolution_Filter/sep_convolution_filter.cpp:34->Sep_Convolution_Filter/sep_convolution_filter.cpp:148]   --->   Core 23 'DivnS' <Latency = 33> <II = 1> <Delay = 1.70> <FuncUnit> <Opcode : 'sdiv' 'srem' 'udiv' 'urem'> <InPorts = 2> <OutPorts = 1>

 <State 31> : 1.70ns
ST_31 : Operation 348 [8/34] (1.70ns)   --->   "%tmp_19 = sdiv i30 %temp_h_V_cast, %tmp_35_tr" [Sep_Convolution_Filter/sep_convolution_filter.cpp:34->Sep_Convolution_Filter/sep_convolution_filter.cpp:148]   --->   Core 23 'DivnS' <Latency = 33> <II = 1> <Delay = 1.70> <FuncUnit> <Opcode : 'sdiv' 'srem' 'udiv' 'urem'> <InPorts = 2> <OutPorts = 1>

 <State 32> : 1.70ns
ST_32 : Operation 349 [7/34] (1.70ns)   --->   "%tmp_19 = sdiv i30 %temp_h_V_cast, %tmp_35_tr" [Sep_Convolution_Filter/sep_convolution_filter.cpp:34->Sep_Convolution_Filter/sep_convolution_filter.cpp:148]   --->   Core 23 'DivnS' <Latency = 33> <II = 1> <Delay = 1.70> <FuncUnit> <Opcode : 'sdiv' 'srem' 'udiv' 'urem'> <InPorts = 2> <OutPorts = 1>

 <State 33> : 1.70ns
ST_33 : Operation 350 [6/34] (1.70ns)   --->   "%tmp_19 = sdiv i30 %temp_h_V_cast, %tmp_35_tr" [Sep_Convolution_Filter/sep_convolution_filter.cpp:34->Sep_Convolution_Filter/sep_convolution_filter.cpp:148]   --->   Core 23 'DivnS' <Latency = 33> <II = 1> <Delay = 1.70> <FuncUnit> <Opcode : 'sdiv' 'srem' 'udiv' 'urem'> <InPorts = 2> <OutPorts = 1>

 <State 34> : 1.70ns
ST_34 : Operation 351 [5/34] (1.70ns)   --->   "%tmp_19 = sdiv i30 %temp_h_V_cast, %tmp_35_tr" [Sep_Convolution_Filter/sep_convolution_filter.cpp:34->Sep_Convolution_Filter/sep_convolution_filter.cpp:148]   --->   Core 23 'DivnS' <Latency = 33> <II = 1> <Delay = 1.70> <FuncUnit> <Opcode : 'sdiv' 'srem' 'udiv' 'urem'> <InPorts = 2> <OutPorts = 1>

 <State 35> : 1.70ns
ST_35 : Operation 352 [4/34] (1.70ns)   --->   "%tmp_19 = sdiv i30 %temp_h_V_cast, %tmp_35_tr" [Sep_Convolution_Filter/sep_convolution_filter.cpp:34->Sep_Convolution_Filter/sep_convolution_filter.cpp:148]   --->   Core 23 'DivnS' <Latency = 33> <II = 1> <Delay = 1.70> <FuncUnit> <Opcode : 'sdiv' 'srem' 'udiv' 'urem'> <InPorts = 2> <OutPorts = 1>

 <State 36> : 1.70ns
ST_36 : Operation 353 [3/34] (1.70ns)   --->   "%tmp_19 = sdiv i30 %temp_h_V_cast, %tmp_35_tr" [Sep_Convolution_Filter/sep_convolution_filter.cpp:34->Sep_Convolution_Filter/sep_convolution_filter.cpp:148]   --->   Core 23 'DivnS' <Latency = 33> <II = 1> <Delay = 1.70> <FuncUnit> <Opcode : 'sdiv' 'srem' 'udiv' 'urem'> <InPorts = 2> <OutPorts = 1>

 <State 37> : 1.70ns
ST_37 : Operation 354 [2/34] (1.70ns)   --->   "%tmp_19 = sdiv i30 %temp_h_V_cast, %tmp_35_tr" [Sep_Convolution_Filter/sep_convolution_filter.cpp:34->Sep_Convolution_Filter/sep_convolution_filter.cpp:148]   --->   Core 23 'DivnS' <Latency = 33> <II = 1> <Delay = 1.70> <FuncUnit> <Opcode : 'sdiv' 'srem' 'udiv' 'urem'> <InPorts = 2> <OutPorts = 1>

 <State 38> : 2.61ns
ST_38 : Operation 355 [1/34] (1.70ns)   --->   "%tmp_19 = sdiv i30 %temp_h_V_cast, %tmp_35_tr" [Sep_Convolution_Filter/sep_convolution_filter.cpp:34->Sep_Convolution_Filter/sep_convolution_filter.cpp:148]   --->   Core 23 'DivnS' <Latency = 33> <II = 1> <Delay = 1.70> <FuncUnit> <Opcode : 'sdiv' 'srem' 'udiv' 'urem'> <InPorts = 2> <OutPorts = 1>
ST_38 : Operation 356 [1/1] (0.00ns)   --->   "%tmp_23 = trunc i30 %tmp_19 to i8" [Sep_Convolution_Filter/sep_convolution_filter.cpp:34->Sep_Convolution_Filter/sep_convolution_filter.cpp:148]
ST_38 : Operation 357 [1/1] (0.90ns)   --->   "%r_V_9 = add i8 %tmp_23, %kernel_off_V_load" [Sep_Convolution_Filter/sep_convolution_filter.cpp:34->Sep_Convolution_Filter/sep_convolution_filter.cpp:148]   --->   Core 14 'AddSub' <Latency = 0> <II = 1> <Delay = 0.93> <FuncUnit> <Opcode : 'add' 'sub'> <InPorts = 2> <OutPorts = 1>
ST_38 : Operation 358 [2/2] (0.00ns)   --->   "call void @_ssdm_op_Write.axis.volatile.i8P(i8* %out_img_V, i8 %r_V_9)" [Sep_Convolution_Filter/sep_convolution_filter.cpp:166]   --->   Core 5 'AXI4Stream' <Latency = 0> <II = 1> <Delay = 1.00> <Adapter> <Opcode : >

 <State 39> : 0.00ns
ST_39 : Operation 359 [1/2] (0.00ns)   --->   "call void @_ssdm_op_Write.axis.volatile.i8P(i8* %out_img_V, i8 %r_V_9)" [Sep_Convolution_Filter/sep_convolution_filter.cpp:166]   --->   Core 5 'AXI4Stream' <Latency = 0> <II = 1> <Delay = 1.00> <Adapter> <Opcode : >
ST_39 : Operation 360 [1/1] (0.00ns)   --->   "br label %._crit_edge80" [Sep_Convolution_Filter/sep_convolution_filter.cpp:167]

 <State 40> : 0.00ns
ST_40 : Operation 361 [1/1] (0.00ns)   --->   "ret void" [Sep_Convolution_Filter/sep_convolution_filter.cpp:175]


============================================================
+ Verbose Summary: Timing violations
============================================================
Target clock period: 41.7ns, clock uncertainty: 5.21ns.

 <State 1>: 0.755ns
The critical path consists of the following:
	'alloca' operation ('kernel_h_V_0_loc_1') [39]  (0 ns)
	'store' operation (Sep_Convolution_Filter/sep_convolution_filter.cpp:112) of variable 'kernel_h_V_0_load', Sep_Convolution_Filter/sep_convolution_filter.cpp:112 on local variable 'kernel_h_V_0_loc_1' [54]  (0.755 ns)

 <State 2>: 3.59ns
The critical path consists of the following:
	'load' operation ('j_1_load', Sep_Convolution_Filter/sep_convolution_filter.cpp:102) on local variable 'j_1' [105]  (0 ns)
	'icmp' operation ('tmp_s', Sep_Convolution_Filter/sep_convolution_filter.cpp:102) [106]  (1.11 ns)
	'select' operation ('p_j_1', Sep_Convolution_Filter/sep_convolution_filter.cpp:102) [108]  (0.525 ns)
	'add' operation ('tmp_14', Sep_Convolution_Filter/sep_convolution_filter.cpp:117) [184]  (1.2 ns)
	'store' operation (Sep_Convolution_Filter/sep_convolution_filter.cpp:117) of variable 'tmp_14', Sep_Convolution_Filter/sep_convolution_filter.cpp:117 on local variable 'j_1' [185]  (0.755 ns)

 <State 3>: 1.54ns
The critical path consists of the following:
	'load' operation ('kernel_config_V_load_1', Sep_Convolution_Filter/sep_convolution_filter.cpp:110) on array 'kernel_config_V' [149]  (0.79 ns)
	'store' operation (Sep_Convolution_Filter/sep_convolution_filter.cpp:110) of variable 'kernel_config_V_load_1', Sep_Convolution_Filter/sep_convolution_filter.cpp:110 on local variable 'kernel_h_V_0_loc_1' [169]  (0.755 ns)

 <State 4>: 2.7ns
The critical path consists of the following:
	'load' operation ('line_buffer_V_1_load', Sep_Convolution_Filter/sep_convolution_filter.cpp:132) on array 'line_buffer_V_1' [197]  (1.35 ns)
	'store' operation (Sep_Convolution_Filter/sep_convolution_filter.cpp:132) of variable 'line_buffer_V_1_load', Sep_Convolution_Filter/sep_convolution_filter.cpp:132 on array 'line_buffer_V_0' [198]  (1.35 ns)

 <State 5>: 14.5ns
The critical path consists of the following:
	'load' operation ('kernel_v_V_5_load', Sep_Convolution_Filter/sep_convolution_filter.cpp:22->Sep_Convolution_Filter/sep_convolution_filter.cpp:148) on static variable 'kernel_v_V_5' [265]  (0 ns)
	'mul' operation ('r_V_7', Sep_Convolution_Filter/sep_convolution_filter.cpp:22->Sep_Convolution_Filter/sep_convolution_filter.cpp:148) [269]  (2.17 ns)
	'add' operation ('tmp6', Sep_Convolution_Filter/sep_convolution_filter.cpp:22->Sep_Convolution_Filter/sep_convolution_filter.cpp:148) [277]  (2.21 ns)
	'add' operation ('tmp5', Sep_Convolution_Filter/sep_convolution_filter.cpp:22->Sep_Convolution_Filter/sep_convolution_filter.cpp:148) [279]  (2.21 ns)
	'add' operation ('temp_v_V_6', Sep_Convolution_Filter/sep_convolution_filter.cpp:22->Sep_Convolution_Filter/sep_convolution_filter.cpp:148) [287]  (1.04 ns)
	'mul' operation ('r.V', Sep_Convolution_Filter/sep_convolution_filter.cpp:31->Sep_Convolution_Filter/sep_convolution_filter.cpp:148) [330]  (0.638 ns)
	'add' operation ('tmp4', Sep_Convolution_Filter/sep_convolution_filter.cpp:31->Sep_Convolution_Filter/sep_convolution_filter.cpp:148) [335]  (2.21 ns)
	'add' operation ('tmp', Sep_Convolution_Filter/sep_convolution_filter.cpp:31->Sep_Convolution_Filter/sep_convolution_filter.cpp:148) [337]  (1.16 ns)
	'add' operation ('temp_h.V', Sep_Convolution_Filter/sep_convolution_filter.cpp:31->Sep_Convolution_Filter/sep_convolution_filter.cpp:148) [339]  (1.16 ns)
	'sdiv' operation ('tmp_19', Sep_Convolution_Filter/sep_convolution_filter.cpp:34->Sep_Convolution_Filter/sep_convolution_filter.cpp:148) [343]  (1.7 ns)

 <State 6>: 1.7ns
The critical path consists of the following:
	'sdiv' operation ('tmp_19', Sep_Convolution_Filter/sep_convolution_filter.cpp:34->Sep_Convolution_Filter/sep_convolution_filter.cpp:148) [343]  (1.7 ns)

 <State 7>: 1.7ns
The critical path consists of the following:
	'sdiv' operation ('tmp_19', Sep_Convolution_Filter/sep_convolution_filter.cpp:34->Sep_Convolution_Filter/sep_convolution_filter.cpp:148) [343]  (1.7 ns)

 <State 8>: 1.7ns
The critical path consists of the following:
	'sdiv' operation ('tmp_19', Sep_Convolution_Filter/sep_convolution_filter.cpp:34->Sep_Convolution_Filter/sep_convolution_filter.cpp:148) [343]  (1.7 ns)

 <State 9>: 1.7ns
The critical path consists of the following:
	'sdiv' operation ('tmp_19', Sep_Convolution_Filter/sep_convolution_filter.cpp:34->Sep_Convolution_Filter/sep_convolution_filter.cpp:148) [343]  (1.7 ns)

 <State 10>: 1.7ns
The critical path consists of the following:
	'sdiv' operation ('tmp_19', Sep_Convolution_Filter/sep_convolution_filter.cpp:34->Sep_Convolution_Filter/sep_convolution_filter.cpp:148) [343]  (1.7 ns)

 <State 11>: 1.7ns
The critical path consists of the following:
	'sdiv' operation ('tmp_19', Sep_Convolution_Filter/sep_convolution_filter.cpp:34->Sep_Convolution_Filter/sep_convolution_filter.cpp:148) [343]  (1.7 ns)

 <State 12>: 1.7ns
The critical path consists of the following:
	'sdiv' operation ('tmp_19', Sep_Convolution_Filter/sep_convolution_filter.cpp:34->Sep_Convolution_Filter/sep_convolution_filter.cpp:148) [343]  (1.7 ns)

 <State 13>: 1.7ns
The critical path consists of the following:
	'sdiv' operation ('tmp_19', Sep_Convolution_Filter/sep_convolution_filter.cpp:34->Sep_Convolution_Filter/sep_convolution_filter.cpp:148) [343]  (1.7 ns)

 <State 14>: 1.7ns
The critical path consists of the following:
	'sdiv' operation ('tmp_19', Sep_Convolution_Filter/sep_convolution_filter.cpp:34->Sep_Convolution_Filter/sep_convolution_filter.cpp:148) [343]  (1.7 ns)

 <State 15>: 1.7ns
The critical path consists of the following:
	'sdiv' operation ('tmp_19', Sep_Convolution_Filter/sep_convolution_filter.cpp:34->Sep_Convolution_Filter/sep_convolution_filter.cpp:148) [343]  (1.7 ns)

 <State 16>: 1.7ns
The critical path consists of the following:
	'sdiv' operation ('tmp_19', Sep_Convolution_Filter/sep_convolution_filter.cpp:34->Sep_Convolution_Filter/sep_convolution_filter.cpp:148) [343]  (1.7 ns)

 <State 17>: 1.7ns
The critical path consists of the following:
	'sdiv' operation ('tmp_19', Sep_Convolution_Filter/sep_convolution_filter.cpp:34->Sep_Convolution_Filter/sep_convolution_filter.cpp:148) [343]  (1.7 ns)

 <State 18>: 1.7ns
The critical path consists of the following:
	'sdiv' operation ('tmp_19', Sep_Convolution_Filter/sep_convolution_filter.cpp:34->Sep_Convolution_Filter/sep_convolution_filter.cpp:148) [343]  (1.7 ns)

 <State 19>: 1.7ns
The critical path consists of the following:
	'sdiv' operation ('tmp_19', Sep_Convolution_Filter/sep_convolution_filter.cpp:34->Sep_Convolution_Filter/sep_convolution_filter.cpp:148) [343]  (1.7 ns)

 <State 20>: 1.7ns
The critical path consists of the following:
	'sdiv' operation ('tmp_19', Sep_Convolution_Filter/sep_convolution_filter.cpp:34->Sep_Convolution_Filter/sep_convolution_filter.cpp:148) [343]  (1.7 ns)

 <State 21>: 1.7ns
The critical path consists of the following:
	'sdiv' operation ('tmp_19', Sep_Convolution_Filter/sep_convolution_filter.cpp:34->Sep_Convolution_Filter/sep_convolution_filter.cpp:148) [343]  (1.7 ns)

 <State 22>: 1.7ns
The critical path consists of the following:
	'sdiv' operation ('tmp_19', Sep_Convolution_Filter/sep_convolution_filter.cpp:34->Sep_Convolution_Filter/sep_convolution_filter.cpp:148) [343]  (1.7 ns)

 <State 23>: 1.7ns
The critical path consists of the following:
	'sdiv' operation ('tmp_19', Sep_Convolution_Filter/sep_convolution_filter.cpp:34->Sep_Convolution_Filter/sep_convolution_filter.cpp:148) [343]  (1.7 ns)

 <State 24>: 1.7ns
The critical path consists of the following:
	'sdiv' operation ('tmp_19', Sep_Convolution_Filter/sep_convolution_filter.cpp:34->Sep_Convolution_Filter/sep_convolution_filter.cpp:148) [343]  (1.7 ns)

 <State 25>: 1.7ns
The critical path consists of the following:
	'sdiv' operation ('tmp_19', Sep_Convolution_Filter/sep_convolution_filter.cpp:34->Sep_Convolution_Filter/sep_convolution_filter.cpp:148) [343]  (1.7 ns)

 <State 26>: 1.7ns
The critical path consists of the following:
	'sdiv' operation ('tmp_19', Sep_Convolution_Filter/sep_convolution_filter.cpp:34->Sep_Convolution_Filter/sep_convolution_filter.cpp:148) [343]  (1.7 ns)

 <State 27>: 1.7ns
The critical path consists of the following:
	'sdiv' operation ('tmp_19', Sep_Convolution_Filter/sep_convolution_filter.cpp:34->Sep_Convolution_Filter/sep_convolution_filter.cpp:148) [343]  (1.7 ns)

 <State 28>: 1.7ns
The critical path consists of the following:
	'sdiv' operation ('tmp_19', Sep_Convolution_Filter/sep_convolution_filter.cpp:34->Sep_Convolution_Filter/sep_convolution_filter.cpp:148) [343]  (1.7 ns)

 <State 29>: 1.7ns
The critical path consists of the following:
	'sdiv' operation ('tmp_19', Sep_Convolution_Filter/sep_convolution_filter.cpp:34->Sep_Convolution_Filter/sep_convolution_filter.cpp:148) [343]  (1.7 ns)

 <State 30>: 1.7ns
The critical path consists of the following:
	'sdiv' operation ('tmp_19', Sep_Convolution_Filter/sep_convolution_filter.cpp:34->Sep_Convolution_Filter/sep_convolution_filter.cpp:148) [343]  (1.7 ns)

 <State 31>: 1.7ns
The critical path consists of the following:
	'sdiv' operation ('tmp_19', Sep_Convolution_Filter/sep_convolution_filter.cpp:34->Sep_Convolution_Filter/sep_convolution_filter.cpp:148) [343]  (1.7 ns)

 <State 32>: 1.7ns
The critical path consists of the following:
	'sdiv' operation ('tmp_19', Sep_Convolution_Filter/sep_convolution_filter.cpp:34->Sep_Convolution_Filter/sep_convolution_filter.cpp:148) [343]  (1.7 ns)

 <State 33>: 1.7ns
The critical path consists of the following:
	'sdiv' operation ('tmp_19', Sep_Convolution_Filter/sep_convolution_filter.cpp:34->Sep_Convolution_Filter/sep_convolution_filter.cpp:148) [343]  (1.7 ns)

 <State 34>: 1.7ns
The critical path consists of the following:
	'sdiv' operation ('tmp_19', Sep_Convolution_Filter/sep_convolution_filter.cpp:34->Sep_Convolution_Filter/sep_convolution_filter.cpp:148) [343]  (1.7 ns)

 <State 35>: 1.7ns
The critical path consists of the following:
	'sdiv' operation ('tmp_19', Sep_Convolution_Filter/sep_convolution_filter.cpp:34->Sep_Convolution_Filter/sep_convolution_filter.cpp:148) [343]  (1.7 ns)

 <State 36>: 1.7ns
The critical path consists of the following:
	'sdiv' operation ('tmp_19', Sep_Convolution_Filter/sep_convolution_filter.cpp:34->Sep_Convolution_Filter/sep_convolution_filter.cpp:148) [343]  (1.7 ns)

 <State 37>: 1.7ns
The critical path consists of the following:
	'sdiv' operation ('tmp_19', Sep_Convolution_Filter/sep_convolution_filter.cpp:34->Sep_Convolution_Filter/sep_convolution_filter.cpp:148) [343]  (1.7 ns)

 <State 38>: 2.61ns
The critical path consists of the following:
	'sdiv' operation ('tmp_19', Sep_Convolution_Filter/sep_convolution_filter.cpp:34->Sep_Convolution_Filter/sep_convolution_filter.cpp:148) [343]  (1.7 ns)
	'add' operation ('r_V_9', Sep_Convolution_Filter/sep_convolution_filter.cpp:34->Sep_Convolution_Filter/sep_convolution_filter.cpp:148) [345]  (0.907 ns)

 <State 39>: 0ns
The critical path consists of the following:

 <State 40>: 0ns
The critical path consists of the following:


============================================================
+ Verbose Summary: Binding
============================================================
N/A
* FSMD analyzer results:
  - Output states:
 - Input state : 
  - Chain level:
	State 1
	State 2
	State 3
	State 4
	State 5
	State 6
	State 7
	State 8
	State 9
	State 10
	State 11
	State 12
	State 13
	State 14
	State 15
	State 16
	State 17
	State 18
	State 19
	State 20
	State 21
	State 22
	State 23
	State 24
	State 25
	State 26
	State 27
	State 28
	State 29
	State 30
	State 31
	State 32
	State 33
	State 34
	State 35
	State 36
	State 37
	State 38
	State 39
	State 40


============================================================
+ Verbose Summary: Datapath Resource usage 
============================================================
N/A
